01-31 18:33:14.728  1732  1732 E CameraHardwareInterface: initialize: openSession failed! No such file or directory (-2)
01-31 18:33:14.728  1732  1732 E CameraFlashlight: connectCameraDevice: initializing camera 0 failed
01-31 18:33:14.728  1732  1732 I CameraHardwareInterface: Destroying camera 0
01-31 18:33:14.728  1732  1732 E CameraFlashlight: findFlashUnits: failed to check if camera 0 has a flash unit. No such file or directory (-2)
01-31 18:33:14.728  1732  1732 I CameraService: onDeviceStatusChanged: Status changed for cameraId=0, newStatus=1
01-31 18:33:14.728  1732  1732 I CameraService: onDeviceStatusChanged: Unknown camera ID 0, a new camera is added
01-31 18:33:14.731  1732  1828 W CameraProviderManager: addProviderLocked: Camera provider HAL with name 'legacy/0' already registered
01-31 18:33:14.731  1732  1732 I         : Waiting for activity service
01-31 18:33:14.732  1732  1828 I CameraService: onDeviceStatusChanged: Status changed for cameraId=0, newStatus=1
01-31 18:33:14.732  1732  1828 E CameraService: onDeviceStatusChanged: State transition to the same status 0x1 not allowed
01-31 18:33:14.735  1730  1730 D SurfaceFlinger: shader cache generated - 24 shaders in 154.814774 ms
01-31 18:33:14.736  1730  1730 D SurfaceFlinger: Set power mode=2, type=0 flinger=0xf4c46000
01-31 18:33:14.737  1730  1730 D SurfaceFlinger: Finished set power mode=2, type=0
01-31 18:33:14.739  1740  1740 I mediaserver: ServiceManager: 0xf0b9ab60
01-31 18:33:14.742  1740  1740 W BatteryNotifier: batterystats service unavailable!
01-31 18:33:14.785  1837  1837 E netmgr  : Failed to open QEMU pipe 'qemud:network': Invalid argument
01-31 18:33:14.903  1730  1804 E SurfaceFlinger: ro.sf.lcd_density must be defined as a build property
01-31 18:33:14.904  1835  1861 D libEGL  : Emulator has vendor provided software renderer, qemu.gles is set to 2.
01-31 18:33:14.905  1835  1861 E vndksupport: Could not load /vendor/lib/egl/libGLES_swiftshader.so from sphal namespace: dlopen failed: library "/vendor/lib/egl/libGLES_swiftshader.so" not found.
01-31 18:33:14.905  1835  1861 E libEGL  : load_driver(/vendor/lib/egl/libGLES_swiftshader.so): unknown
01-31 18:33:14.908  1835  1861 D libEGL  : loaded /vendor/lib/egl/libEGL_swiftshader.so
01-31 18:33:14.909  1731  1731 W zygote  : CheckJNI: method to register "write" not in the given class. This is slow, consider changing your RegisterNatives calls.
01-31 18:33:14.910  1731  1731 I chatty  : uid=0(root) main identical 42 lines
01-31 18:33:14.910  1731  1731 W zygote  : CheckJNI: method to register "write" not in the given class. This is slow, consider changing your RegisterNatives calls.
01-31 18:33:14.910  1731  1731 W zygote  : CheckJNI: method to register "write_non_chained" not in the given class. This is slow, consider changing your RegisterNatives calls.
01-31 18:33:14.911  1731  1731 I chatty  : uid=0(root) main identical 7 lines
01-31 18:33:14.911  1731  1731 W zygote  : CheckJNI: method to register "write_non_chained" not in the given class. This is slow, consider changing your RegisterNatives calls.
01-31 18:33:14.917  1835  1861 D libEGL  : loaded /vendor/lib/egl/libGLESv1_CM_swiftshader.so
01-31 18:33:14.931  1835  1861 D libEGL  : loaded /vendor/lib/egl/libGLESv2_swiftshader.so
01-31 18:33:14.936  1835  1835 W BootAnimation: type=1400 audit(0.0:8): avc: denied { search } for name="graphics" dev="tmpfs" ino=6096 scontext=u:r:bootanim:s0 tcontext=u:object_r:graphics_device:s0 tclass=dir permissive=0
01-31 18:33:14.946  1835  1861 I ConfigStore: android::hardware::configstore::V1_0::ISurfaceFlingerConfigs::hasWideColorDisplay retrieved: 0
01-31 18:33:14.946  1835  1861 I ConfigStore: android::hardware::configstore::V1_0::ISurfaceFlingerConfigs::hasHDRDisplay retrieved: 0
01-31 18:33:14.965  1835  1861 D BootAnimation: BootAnimationShownTiming start time: 11965ms
01-31 18:33:14.972  1835  1866 E BootAnimation: Could not add watch for /data/system
01-31 18:33:15.038  1731  1731 D Zygote  : begin preload
01-31 18:33:15.038  1731  1731 I Zygote  : Installing ICU cache reference pinning...
01-31 18:33:15.038  1731  1731 I Zygote  : Preloading ICU data...
01-31 18:33:15.080  1731  1731 D Zygote32Timing: BeginIcuCachePinning took to complete: 42ms
01-31 18:33:15.080  1731  1731 I Zygote  : Preloading classes...
01-31 18:33:15.107  1731  1731 I PackageBackwardCompatibility: Loaded android.content.pm.OrgApacheHttpLegacyUpdater
01-31 18:33:15.107  1731  1731 I PackageBackwardCompatibility: Could not find android.content.pm.AndroidTestBaseUpdater, ignoring
01-31 18:33:15.166  1835  1861 D gralloc_ranchu: Emulator without host-side GPU emulation detected. Loading gralloc.default.so from /vendor/lib/hw/gralloc.goldfish.default.so...
01-31 18:33:15.227  1730  1730 I SurfaceFlinger: Enter boot animation
01-31 18:33:15.407  1731  1731 E ActivityRecognitionHardware: activity_recognition HAL is deprecated. class_init is effectively a no-op
01-31 18:33:15.501  1731  1731 I zygote  : Thread[1,tid=1731,Native,Thread*=0xea85c000,peer=0x13000088,"main"] recursive attempt to load library "/system/lib/libmedia_jni.so"
01-31 18:33:15.501  1731  1731 D MtpDeviceJNI: register_android_mtp_MtpDevice
01-31 18:33:15.501  1731  1731 I zygote  : Thread[1,tid=1731,Native,Thread*=0xea85c000,peer=0x13000088,"main"] recursive attempt to load library "/system/lib/libmedia_jni.so"
01-31 18:33:15.501  1731  1731 I zygote  : Thread[1,tid=1731,Native,Thread*=0xea85c000,peer=0x13000088,"main"] recursive attempt to load library "/system/lib/libmedia_jni.so"
01-31 18:33:15.607  1876  1876 E ipv6proxy: Failed to forward Neighbor Solicitation for fe80::15:9bff:fed6:de1e from radio0-peer to eth0: Cannot assign requested address
01-31 18:33:15.609  1883  1883 E hostapd : Configuration file: /data/vendor/wifi/hostapd/hostapd.conf
01-31 18:33:15.611  1883  1883 I hostapd : rfkill: Cannot get wiphy information
01-31 18:33:15.611  1883  1883 I hostapd : wlan1: interface state UNINITIALIZED->COUNTRY_UPDATE
01-31 18:33:15.653  1731  1731 I Zygote  : ...preloaded 6535 classes in 573ms.
01-31 18:33:15.653  1731  1731 I zygote  : VMRuntime.preloadDexCaches starting
01-31 18:33:15.673  1731  1731 I zygote  : VMRuntime.preloadDexCaches strings total=339019 before=12306 after=12306
01-31 18:33:15.673  1731  1731 I zygote  : VMRuntime.preloadDexCaches types total=31350 before=7821 after=7822
01-31 18:33:15.673  1731  1731 I zygote  : VMRuntime.preloadDexCaches fields total=140736 before=9181 after=9181
01-31 18:33:15.673  1731  1731 I zygote  : VMRuntime.preloadDexCaches methods total=247731 before=12783 after=12783
01-31 18:33:15.673  1731  1731 I zygote  : VMRuntime.preloadDexCaches finished
01-31 18:33:15.673  1731  1731 D Zygote32Timing: PreloadClasses took to complete: 593ms
01-31 18:33:15.722  1743  1832 I ServiceManager: Waiting for service package_native...
01-31 18:33:15.831  1731  1731 I Zygote  : Preloading resources...
01-31 18:33:15.848  1731  1731 W Resources: Preloaded drawable resource #0x1080265 (android:drawable/dialog_background_material) that varies with configuration!!
01-31 18:33:15.862  1731  1731 I Zygote  : ...preloaded 64 resources in 31ms.
01-31 18:33:15.865  1731  1731 I Zygote  : ...preloaded 41 resources in 3ms.
01-31 18:33:15.865  1731  1731 D Zygote32Timing: PreloadResources took to complete: 192ms
01-31 18:33:15.870  1731  1731 D libEGL  : Emulator has vendor provided software renderer, qemu.gles is set to 2.
01-31 18:33:15.870  1731  1731 E vndksupport: Could not load /vendor/lib/egl/libGLES_swiftshader.so from sphal namespace: dlopen failed: library "/vendor/lib/egl/libGLES_swiftshader.so" not found.
01-31 18:33:15.870  1731  1731 E libEGL  : load_driver(/vendor/lib/egl/libGLES_swiftshader.so): unknown
01-31 18:33:15.873  1731  1731 D libEGL  : loaded /vendor/lib/egl/libEGL_swiftshader.so
01-31 18:33:15.882  1731  1731 D libEGL  : loaded /vendor/lib/egl/libGLESv1_CM_swiftshader.so
01-31 18:33:15.891  1731  1731 D libEGL  : loaded /vendor/lib/egl/libGLESv2_swiftshader.so
01-31 18:33:15.899  1731  1731 I Zygote  : Preloading shared libraries...
01-31 18:33:15.907  1731  1731 I Zygote  : Uninstalled ICU cache reference pinning...
01-31 18:33:15.910  1731  1731 I Zygote  : Installed AndroidKeyStoreProvider in 2ms.
01-31 18:33:15.918  1731  1731 I Zygote  : Warmed up JCA providers in 8ms.
01-31 18:33:15.918  1731  1731 D Zygote  : end preload
01-31 18:33:15.918  1731  1731 D Zygote32Timing: ZygotePreload took to complete: 880ms
01-31 18:33:15.918  1731  1731 I zygote  : Waiting for a blocking GC Explicit
01-31 18:33:15.929  1731  1731 I zygote  : WaitForGcToComplete blocked Explicit on None for 11.241ms
01-31 18:33:15.939  1731  1731 I zygote  : Explicit concurrent copying GC freed 1762(89KB) AllocSpace objects, 0(0B) LOS objects, 72% free, 2MB/8MB, paused 13us total 9.604ms
01-31 18:33:15.948  1731  1731 I zygote  : Explicit concurrent copying GC freed 1588(94KB) AllocSpace objects, 0(0B) LOS objects, 73% free, 2MB/8MB, paused 9us total 7.118ms
01-31 18:33:15.948  1731  1731 D Zygote32Timing: PostZygoteInitGC took to complete: 30ms
01-31 18:33:15.948  1731  1731 D Zygote32Timing: ZygoteInit took to complete: 911ms
01-31 18:33:16.039  1731  1731 I Zygote  : System server process 1890 has been created
01-31 18:33:16.039  1731  1731 I Zygote  : Accepting command socket connections
01-31 18:33:16.067  1890  1890 I system_server: The ClassLoaderContext is a special shared library.
01-31 18:33:16.076  1890  1890 I chatty  : uid=1000 system_server identical 2 lines
01-31 18:33:16.077  1890  1890 I system_server: The ClassLoaderContext is a special shared library.
01-31 18:33:16.115  1890  1890 I SystemServer: InitBeforeStartServices
01-31 18:33:16.115  1890  1890 W SystemServer: Timezone not set; setting to GMT.
01-31 18:33:16.126  1890  1890 I SystemServer: Entered the Android system server!
01-31 18:33:16.281  1890  1890 E UsbAlsaJackDetectorJNI: Can't register UsbAlsaJackDetector native methods
01-31 18:33:16.306  1890  1890 D SystemServerTiming: InitBeforeStartServices took to complete: 191ms
01-31 18:33:16.306  1890  1890 I SystemServer: StartServices
01-31 18:33:16.306  1890  1890 I SystemServer: Reading configuration...
01-31 18:33:16.306  1890  1890 I SystemServer: ReadingSystemConfig
01-31 18:33:16.307  1890  1890 D SystemServerTiming: ReadingSystemConfig took to complete: 0ms
01-31 18:33:16.307  1890  1890 I SystemServer: StartInstaller
01-31 18:33:16.307  1890  1890 I SystemServiceManager: Starting com.android.server.pm.Installer
01-31 18:33:16.311  1890  1903 D SystemServerInitThreadPool: Started executing ReadingSystemConfig
01-31 18:33:16.312  1735  1756 D installd: Found quota mount /dev/block/dm-0 at /data
01-31 18:33:16.312  1890  1890 D SystemServerTiming: StartInstaller took to complete: 5ms
01-31 18:33:16.312  1890  1890 I SystemServer: DeviceIdentifiersPolicyService
01-31 18:33:16.312  1890  1890 I SystemServiceManager: Starting com.android.server.os.DeviceIdentifiersPolicyService
01-31 18:33:16.315  1890  1890 D SystemServerTiming: DeviceIdentifiersPolicyService took to complete: 3ms
01-31 18:33:16.315  1890  1890 I SystemServer: StartActivityManager
01-31 18:33:16.315  1890  1890 I SystemServiceManager: Starting com.android.server.am.ActivityManagerService$Lifecycle
01-31 18:33:16.360  1890  1890 I ActivityManager: Memory class: 384
01-31 18:33:16.373  1890  1903 D SystemServerInitThreadPool: Finished executing ReadingSystemConfig
01-31 18:33:16.391  1890  1890 D BatteryStatsImpl: Reading daily items from /data/system/batterystats-daily.xml
01-31 18:33:16.396  1890  1911 E BluetoothAdapter: Bluetooth binder is null
01-31 18:33:16.404  1890  1911 E BatteryExternalStatsWorker: no controller energy info supplied for telephony
01-31 18:33:16.407  1890  1911 E KernelUidCpuFreqTimeReader: Failed to read /proc/uid_time_in_state: java.io.FileNotFoundException: /proc/uid_time_in_state (No such file or directory)
01-31 18:33:16.413  1890  1911 W KernelCpuProcReader: File not exist: /proc/uid_cpupower/concurrent_active_time
01-31 18:33:16.413  1890  1911 W KernelCpuProcReader: File not exist: /proc/uid_cpupower/concurrent_policy_time
01-31 18:33:16.415  1890  1911 W KernelMemoryBandwidthStats: No kernel memory bandwidth stats available
01-31 18:33:16.416  1890  1911 I PowerManagerService-JNI: Loaded power HAL 1.0 service
01-31 18:33:16.416  1890  1911 I PowerManagerService-JNI: Loaded power HAL 1.1 service
01-31 18:33:16.416  1890  1911 E KernelUidCpuFreqTimeReader: Failed to read /proc/uid_time_in_state: java.io.FileNotFoundException: /proc/uid_time_in_state (No such file or directory)
01-31 18:33:16.425  1516  1516 W hwservicemanager: getTransport: Cannot find entry android.hardware.memtrack@1.0::IMemtrack/default in either framework or device manifest.
01-31 18:33:16.425  1890  1890 E memtrack: Couldn't load memtrack module
01-31 18:33:16.425  1890  1890 W android.os.Debug: failed to get memory consumption info: -1
01-31 18:33:16.431  1890  1890 I AppOps  : No existing app ops /data/system/appops.xml; starting empty
01-31 18:33:16.466  1890  1890 I IntentFirewall: Read new rules (A:0 B:0 S:0)
01-31 18:33:16.481  1890  1890 W libprocessgroup: Failed to remove /acct/uid_0/pid_1151: Device or resource busy
01-31 18:33:16.481  1890  1890 W libprocessgroup: Failed to remove /acct/uid_0/pid_1526: Device or resource busy
01-31 18:33:16.481  1890  1890 W libprocessgroup: Failed to remove /acct/uid_0/pid_1567: Device or resource busy
01-31 18:33:16.481  1890  1890 W libprocessgroup: Failed to remove /acct/uid_0/pid_1586: Device or resource busy
01-31 18:33:16.481  1890  1890 W libprocessgroup: Failed to remove /acct/uid_0/pid_1588: Device or resource busy
01-31 18:33:16.481  1890  1890 W libprocessgroup: Failed to remove /acct/uid_0/pid_1605: Device or resource busy
01-31 18:33:16.481  1890  1890 W libprocessgroup: Failed to remove /acct/uid_0/pid_1731: Device or resource busy
01-31 18:33:16.481  1890  1890 W libprocessgroup: Failed to remove /acct/uid_0/pid_1735: Device or resource busy
01-31 18:33:16.481  1890  1890 W libprocessgroup: Failed to remove /acct/uid_0/pid_1741: Device or resource busy
01-31 18:33:16.481  1890  1890 W libprocessgroup: Failed to remove /acct/uid_0/pid_1743: Device or resource busy
01-31 18:33:16.481  1890  1890 W libprocessgroup: Failed to remove /acct/uid_0/pid_1747: Device or resource busy
01-31 18:33:16.481  1890  1890 W libprocessgroup: Failed to remove /acct/uid_0/pid_1749: Device or resource busy
01-31 18:33:16.481  1890  1890 W libprocessgroup: Failed to remove /acct/uid_0/pid_1837: Device or resource busy
01-31 18:33:16.481  1890  1890 W libprocessgroup: Failed to remove /acct/uid_0/pid_1864: Device or resource busy
01-31 18:33:16.481  1890  1890 W libprocessgroup: Failed to remove /acct/uid_0/pid_1876: Device or resource busy
01-31 18:33:16.482  1890  1890 W libprocessgroup: Failed to remove /acct/uid_0/pid_1883: Device or resource busy
01-31 18:33:16.482  1890  1890 W libprocessgroup: Failed to remove /acct/uid_0/pid_1885: Device or resource busy
01-31 18:33:16.482  1890  1890 W libprocessgroup: Failed to remove /acct/uid_0: Permission denied
01-31 18:33:16.482  1890  1890 W libprocessgroup: Failed to remove /acct/uid_1000/pid_1515: Device or resource busy
01-31 18:33:16.482  1890  1890 W libprocessgroup: Failed to remove /acct/uid_1000/pid_1516: Device or resource busy
01-31 18:33:16.482  1890  1890 W libprocessgroup: Failed to remove /acct/uid_1000/pid_1518: Device or resource busy
01-31 18:33:16.482  1890  1890 W libprocessgroup: Failed to remove /acct/uid_1000/pid_1525: Device or resource busy
01-31 18:33:16.482  1890  1890 W libprocessgroup: Failed to remove /acct/uid_1000/pid_1566: Device or resource busy
01-31 18:33:16.482  1890  1890 W libprocessgroup: Failed to remove /acct/uid_1000/pid_1568: Device or resource busy
01-31 18:33:16.482  1890  1890 W libprocessgroup: Failed to remove /acct/uid_1000/pid_1573: Device or resource busy
01-31 18:33:16.482  1890  1890 W libprocessgroup: Failed to remove /acct/uid_1000/pid_1577: Device or resource busy
01-31 18:33:16.482  1890  1890 W libprocessgroup: Failed to remove /acct/uid_1000/pid_1579: Device or resource busy
01-31 18:33:16.482  1890  1890 W libprocessgroup: Failed to remove /acct/uid_1000/pid_1581: Device or resource busy
01-31 18:33:16.482  1890  1890 W libprocessgroup: Failed to remove /acct/uid_1000/pid_1582: Device or resource busy
01-31 18:33:16.482  1890  1890 W libprocessgroup: Failed to remove /acct/uid_1000/pid_1583: Device or resource busy
01-31 18:33:16.482  1890  1890 W libprocessgroup: Failed to remove /acct/uid_1000/pid_1590: Device or resource busy
01-31 18:33:16.482  1890  1890 W libprocessgroup: Failed to remove /acct/uid_1000/pid_1730: Device or resource busy
01-31 18:33:16.482  1890  1890 W libprocessgroup: Failed to remove /acct/uid_1000/pid_1748: Device or resource busy
01-31 18:33:16.482  1890  1890 W libprocessgroup: Failed to remove /acct/uid_1000/pid_1752: Device or resource busy
01-31 18:33:16.482  1890  1890 W libprocessgroup: Failed to remove /acct/uid_1000/pid_1767: Device or resource busy
01-31 18:33:16.482  1890  1890 W libprocessgroup: Failed to remove /acct/uid_1000: Permission denied
01-31 18:33:16.482  1890  1890 W libprocessgroup: Failed to remove /acct/uid_1001/pid_1746: Device or resource busy
01-31 18:33:16.482  1890  1890 W libprocessgroup: Failed to remove /acct/uid_1001: Permission denied
01-31 18:33:16.482  1890  1890 W libprocessgroup: Failed to remove /acct/uid_1003/pid_1835: Device or resource busy
01-31 18:33:16.482  1890  1890 W libprocessgroup: Failed to remove /acct/uid_1003: Permission denied
01-31 18:33:16.482  1890  1890 W libprocessgroup: Failed to remove /acct/uid_1010/pid_1584: Device or resource busy
01-31 18:33:16.482  1890  1890 W libprocessgroup: Failed to remove /acct/uid_1010/pid_1744: Device or resource busy
01-31 18:33:16.482  1890  1890 W libprocessgroup: Failed to remove /acct/uid_1010: Permission denied
01-31 18:33:16.482  1890  1890 W libprocessgroup: Failed to remove /acct/uid_1013/pid_1572: Device or resource busy
01-31 18:33:16.483  1890  1890 W libprocessgroup: Failed to remove /acct/uid_1013/pid_1574: Device or resource busy
01-31 18:33:16.483  1890  1890 W libprocessgroup: Failed to remove /acct/uid_1013/pid_1575: Device or resource busy
01-31 18:33:16.483  1890  1890 W libprocessgroup: Failed to remove /acct/uid_1013/pid_1576: Device or resource busy
01-31 18:33:16.483  1890  1890 W libprocessgroup: Failed to remove /acct/uid_1013/pid_1737: Device or resource busy
01-31 18:33:16.483  1890  1890 W libprocessgroup: Failed to remove /acct/uid_1013/pid_1739: Device or resource busy
01-31 18:33:16.483  1890  1890 W libprocessgroup: Failed to remove /acct/uid_1013/pid_1740: Device or resource busy
01-31 18:33:16.483  1890  1890 W libprocessgroup: Failed to remove /acct/uid_1013: Permission denied
01-31 18:33:16.483  1890  1890 W libprocessgroup: Failed to remove /acct/uid_1017/pid_1736: Device or resource busy
01-31 18:33:16.483  1890  1890 W libprocessgroup: Failed to remove /acct/uid_1017: Permission denied
01-31 18:33:16.483  1890  1890 W libprocessgroup: Failed to remove /acct/uid_1019/pid_1733: Device or resource busy
01-31 18:33:16.483  1890  1890 W libprocessgroup: Failed to remove /acct/uid_1019: Permission denied
01-31 18:33:16.483  1890  1890 W libprocessgroup: Failed to remove /acct/uid_1021/pid_1578: Device or resource busy
01-31 18:33:16.483  1890  1890 W libprocessgroup: Failed to remove /acct/uid_1021: Permission denied
01-31 18:33:16.483  1890  1890 W libprocessgroup: Failed to remove /acct/uid_1036/pid_1514: Device or resource busy
01-31 18:33:16.483  1890  1890 W libprocessgroup: Failed to remove /acct/uid_1036: Permission denied
01-31 18:33:16.483  1890  1890 W libprocessgroup: Failed to remove /acct/uid_1040/pid_1738: Device or resource busy
01-31 18:33:16.483  1890  1890 W libprocessgroup: Failed to remove /acct/uid_1040: Permission denied
01-31 18:33:16.483  1890  1890 W libprocessgroup: Failed to remove /acct/uid_1041/pid_1569: Device or resource busy
01-31 18:33:16.483  1890  1890 W libprocessgroup: Failed to remove /acct/uid_1041/pid_1570: Device or resource busy
01-31 18:33:16.483  1890  1890 W libprocessgroup: Failed to remove /acct/uid_1041/pid_1587: Device or resource busy
01-31 18:33:16.483  1890  1890 W libprocessgroup: Failed to remove /acct/uid_1041: Permission denied
01-31 18:33:16.483  1890  1890 W libprocessgroup: Failed to remove /acct/uid_1046/pid_1745: Device or resource busy
01-31 18:33:16.483  1890  1890 W libprocessgroup: Failed to remove /acct/uid_1046: Permission denied
01-31 18:33:16.483  1890  1890 W libprocessgroup: Failed to remove /acct/uid_1047/pid_1571: Device or resource busy
01-31 18:33:16.483  1890  1890 W libprocessgroup: Failed to remove /acct/uid_1047/pid_1732: Device or resource busy
01-31 18:33:16.483  1890  1890 W libprocessgroup: Failed to remove /acct/uid_1047: Permission denied
01-31 18:33:16.483  1890  1890 W libprocessgroup: Failed to remove /acct/uid_1058/pid_1750: Device or resource busy
01-31 18:33:16.484  1890  1890 W libprocessgroup: Failed to remove /acct/uid_1058: Permission denied
01-31 18:33:16.484  1890  1890 W libprocessgroup: Failed to remove /acct/uid_1066/pid_1742: Device or resource busy
01-31 18:33:16.484  1890  1890 W libprocessgroup: Failed to remove /acct/uid_1066: Permission denied
01-31 18:33:16.484  1890  1890 W libprocessgroup: Failed to remove /acct/uid_1067/pid_1734: Device or resource busy
01-31 18:33:16.484  1890  1890 W libprocessgroup: Failed to remove /acct/uid_1067: Permission denied
01-31 18:33:16.484  1890  1890 W libprocessgroup: Failed to remove /acct/uid_2000/pid_1600: Device or resource busy
01-31 18:33:16.484  1890  1890 W libprocessgroup: Failed to remove /acct/uid_2000: Permission denied
01-31 18:33:16.485  1890  1890 D AppOps  : AppOpsService published
01-31 18:33:16.485  1890  1890 D SystemServerTiming: StartActivityManager took to complete: 170ms
01-31 18:33:16.485  1890  1890 I SystemServer: StartPowerManager
01-31 18:33:16.485  1890  1890 I SystemServiceManager: Starting com.android.server.power.PowerManagerService
01-31 18:33:16.497  1890  1890 D SystemServerTiming: StartPowerManager took to complete: 12ms
01-31 18:33:16.497  1890  1890 I SystemServer: InitPowerManagement
01-31 18:33:16.499  1890  1890 D SystemServerTiming: InitPowerManagement took to complete: 2ms
01-31 18:33:16.499  1890  1890 I SystemServer: StartRecoverySystemService
01-31 18:33:16.499  1890  1890 I SystemServiceManager: Starting com.android.server.RecoverySystemService
01-31 18:33:16.501  1890  1890 D SystemServerTiming: StartRecoverySystemService took to complete: 2ms
01-31 18:33:16.503  1890  1890 W RescueParty: Noticed 1 events for UID 0 in last 13 sec
01-31 18:33:16.503  1890  1890 I SystemServer: StartLightsService
01-31 18:33:16.503  1890  1890 I SystemServiceManager: Starting com.android.server.lights.LightsService
01-31 18:33:16.508  1890  1890 D SystemServerTiming: StartLightsService took to complete: 5ms
01-31 18:33:16.508  1890  1890 I SystemServer: StartSidekickService
01-31 18:33:16.508  1890  1890 D SystemServerTiming: StartSidekickService took to complete: 0ms
01-31 18:33:16.508  1890  1890 I SystemServer: StartDisplayManager
01-31 18:33:16.508  1890  1890 I SystemServiceManager: Starting com.android.server.display.DisplayManagerService
01-31 18:33:16.513  1890  1890 D SystemServerTiming: StartDisplayManager took to complete: 5ms
01-31 18:33:16.513  1890  1890 I SystemServer: WaitForDisplay
01-31 18:33:16.513  1890  1890 I SystemServiceManager: Starting phase 100
01-31 18:33:16.519  1730  1800 E SurfaceFlinger: ro.sf.lcd_density must be defined as a build property
01-31 18:33:16.520  1890  1915 E LocalDisplayAdapter: Default and active color mode is no longer available! Reverting to first available mode.
01-31 18:33:16.526  1890  1915 I DisplayManagerService: Display device added: DisplayDeviceInfo{"Built-in Screen": uniqueId="local:0", 1080 x 1920, modeId 1, defaultModeId 1, supportedModes [{id=1, width=1080, height=1920, fps=60.000004}], colorMode -1, supportedColorModes [-1], HdrCapabilities android.view.Display$HdrCapabilities@40f16308, density 420, 420.0 x 420.0 dpi, appVsyncOff 1000000, presDeadline 16666666, touch INTERNAL, rotation 0, type BUILT_IN, state UNKNOWN, FLAG_DEFAULT_DISPLAY, FLAG_ROTATES_WITH_CONTENT, FLAG_SECURE, FLAG_SUPPORTS_PROTECTED_BUFFERS}
01-31 18:33:16.531  1730  1730 D SurfaceFlinger: Set power mode=2, type=0 flinger=0xf4c46000
01-31 18:33:16.532  1516  1516 W hwservicemanager: getTransport: Cannot find entry android.hardware.light@2.0::ILight/default in either framework or device manifest.
01-31 18:33:16.532  1890  1915 E LightsService: Unable to get ILight interface.
01-31 18:33:16.532  1890  1890 D SystemServerTiming: WaitForDisplay took to complete: 19ms
01-31 18:33:16.532  1890  1915 W StrictMode: No activity manager; failed to Dropbox violation.
01-31 18:33:16.532  1890  1890 I SystemServer: StartPackageManagerService
01-31 18:33:16.532  1890  1915 I chatty  : uid=1000(system) android.display identical 2 lines
01-31 18:33:16.532  1890  1915 W StrictMode: No activity manager; failed to Dropbox violation.
01-31 18:33:16.532  1890  1915 I DisplayManagerService: Display device changed state: "Built-in Screen", ON
01-31 18:33:16.582  1890  1890 W FileUtils: Failed to chmod(/data/system/packages.list): android.system.ErrnoException: chmod failed: ENOENT (No such file or directory)
01-31 18:33:16.588  1890  1890 D SELinuxMMAC: Using policy file /system/etc/selinux/plat_mac_permissions.xml
01-31 18:33:16.591  1890  1890 D SELinuxMMAC: Using policy file /vendor/etc/selinux/vendor_mac_permissions.xml
01-31 18:33:16.593  1890  1890 D FallbackCategoryProvider: Found 387 fallback categories
01-31 18:33:16.596  1890  1890 I PackageManager: No settings file; creating initial state
01-31 18:33:16.611  1890  1890 I PackageManager: /vendor/overlay/DisplayCutoutEmulationDouble changed; collecting certs
01-31 18:33:16.613  1876  1876 E ipv6proxy: Failed to forward Router Advertisement from eth0 to wlan1: Network is unreachable
01-31 18:33:16.613  1876  1876 E ipv6proxy: Failed to forward Router Advertisement from eth0 to radio0-peer: Cannot assign requested address
01-31 18:33:16.627  1890  1890 I PackageManager: /vendor/overlay/DisplayCutoutEmulationEmu01 changed; collecting certs
01-31 18:33:16.629  1890  1890 I PackageManager: /vendor/overlay/SysuiDarkTheme changed; collecting certs
01-31 18:33:16.631  1890  1890 I PackageManager: /vendor/overlay/DisplayCutoutEmulationCorner changed; collecting certs
01-31 18:33:16.633  1890  1890 I PackageManager: /vendor/overlay/DisplayCutoutEmulationTall changed; collecting certs
01-31 18:33:16.637  1890  1890 D PackageManager: No files in app dir /product/overlay
01-31 18:33:16.642  1890  1890 W PackageManager: Failed to parse /system/framework/oat: Missing base APK in /system/framework/oat
01-31 18:33:16.642  1890  1890 W PackageManager: Failed to parse /system/framework/x86: Missing base APK in /system/framework/x86
01-31 18:33:16.670  1890  1890 I PackageManager: /system/framework/framework-res.apk changed; collecting certs
01-31 18:33:16.674  1890  1890 E PackageManager: Adding duplicate shared id: 1000 name=android
01-31 18:33:16.695  1890  1890 I PackageManager: New shared user android.media: id=10005
01-31 18:33:16.695  1890  1890 I PackageManager: /system/priv-app/DownloadProviderUi changed; collecting certs
01-31 18:33:16.700  1890  1890 E PackageManager: Adding duplicate user id: 10005 name=com.android.providers.downloads.ui
01-31 18:33:16.701  1890  1932 W PackageParser: Ignoring duplicate uses-permissions/uses-permissions-sdk-m: android.permission.INSTALL_GRANT_RUNTIME_PERMISSIONS in package: com.android.shell at: Binary XML file line #111
01-31 18:33:16.701  1890  1890 I PackageManager: /system/priv-app/GoogleSdkSetup changed; collecting certs
01-31 18:33:16.708  1890  1890 I PackageManager: /system/priv-app/TelephonyProvider changed; collecting certs
01-31 18:33:16.712  1890  1890 E PackageManager: Adding duplicate shared id: 1001 name=com.android.providers.telephony
01-31 18:33:16.716  1890  1890 I PackageManager: /system/priv-app/GoogleFeedback changed; collecting certs
01-31 18:33:16.736  1743  1832 I ServiceManager: Waiting for service package_native...
01-31 18:33:16.745  1890  1890 I PackageManager: /system/priv-app/MmsService changed; collecting certs
01-31 18:33:16.761  1890  1890 E PackageManager: Adding duplicate shared id: 1001 name=com.android.mms.service
01-31 18:33:16.762  1890  1890 I PackageManager: /system/priv-app/Shell changed; collecting certs
01-31 18:33:16.763  1890  1890 E PackageManager: Adding duplicate shared id: 2000 name=com.android.shell
01-31 18:33:16.764  1890  1890 I PackageManager: New shared user android.uid.calendar: id=10008
01-31 18:33:16.764  1890  1890 I PackageManager: /system/priv-app/CalendarProvider changed; collecting certs
01-31 18:33:16.766  1890  1890 E PackageManager: Adding duplicate user id: 10008 name=com.android.providers.calendar
01-31 18:33:16.766  1890  1890 I PackageManager: /system/priv-app/NexusLauncherPrebuilt changed; collecting certs
01-31 18:33:16.768  1890  1890 I PackageManager: /system/priv-app/GoogleOneTimeInitializer changed; collecting certs
01-31 18:33:16.770  1890  1890 I PackageManager: /system/priv-app/DocumentsUI changed; collecting certs
01-31 18:33:16.805  1890  1890 I PackageManager: /system/priv-app/Telecom changed; collecting certs
01-31 18:33:16.807  1890  1890 E PackageManager: Adding duplicate shared id: 1000 name=com.android.server.telecom
01-31 18:33:16.827  1890  1890 I PackageManager: /system/priv-app/ExternalStorageProvider changed; collecting certs
01-31 18:33:16.833  1890  1890 I PackageManager: /system/priv-app/VpnDialogs changed; collecting certs
01-31 18:33:16.862  1890  1890 I PackageManager: /system/priv-app/ConfigUpdater changed; collecting certs
01-31 18:33:16.998  1890  1930 I PackageParser: Parse times for '/system/priv-app/SetupWizard': parse=215ms, update_cache=2 ms
01-31 18:33:17.006  1890  1890 I PackageManager: /system/priv-app/SetupWizard changed; collecting certs
01-31 18:33:17.021  1890  1931 I PackageParser: Parse times for '/system/priv-app/GoogleServicesFramework': parse=210ms, update_cache=2 ms
01-31 18:33:17.021  1890  1890 I PackageManager: New shared user com.google.uid.shared: id=10016
01-31 18:33:17.021  1890  1890 I PackageManager: /system/priv-app/GoogleServicesFramework changed; collecting certs
01-31 18:33:17.023  1890  1890 E PackageManager: Adding duplicate user id: 10016 name=com.google.android.gsf
01-31 18:33:17.029  1890  1890 I PackageManager: New shared user android.uid.shared: id=10017
01-31 18:33:17.029  1890  1890 I PackageManager: /system/priv-app/BlockedNumberProvider changed; collecting certs
01-31 18:33:17.032  1890  1890 E PackageManager: Adding duplicate user id: 10017 name=com.android.providers.blockednumber
01-31 18:33:17.039  1890  1929 W PackageParser: No actions in intent filter at /system/priv-app/Velvet/Velvet.apk Binary XML file line #3049
01-31 18:33:17.063  1890  1929 I PackageParser: Parse times for '/system/priv-app/Velvet': parse=278ms, update_cache=24 ms
01-31 18:33:17.066  1890  1890 I PackageManager: /system/priv-app/Velvet changed; collecting certs
01-31 18:33:17.095  1890  1931 W PackageParser: No actions in intent filter at /system/priv-app/GoogleRestorePrebuilt/GoogleRestorePrebuilt.apk Binary XML file line #94
01-31 18:33:17.108  1890  1890 I PackageManager: /system/priv-app/GoogleRestorePrebuilt changed; collecting certs
01-31 18:33:17.114  1890  1930 I PackageParser: Parse times for '/system/priv-app/CellBroadcastReceiver': parse=104ms, update_cache=0 ms
01-31 18:33:17.120  1890  1890 I PackageManager: /system/priv-app/CellBroadcastReceiver changed; collecting certs
01-31 18:33:17.153  1890  1890 I PackageManager: /system/priv-app/WallpaperPickerGooglePrebuilt changed; collecting certs
01-31 18:33:17.165  1890  1932 I PackageParser: Parse times for '/system/priv-app/Settings': parse=342ms, update_cache=49 ms
01-31 18:33:17.166  1890  1890 I PackageManager: /system/priv-app/Settings changed; collecting certs
01-31 18:33:17.169  1890  1890 E PackageManager: Adding duplicate shared id: 1000 name=com.android.settings
01-31 18:33:17.192  1890  1890 I PackageManager: /system/priv-app/StatementService changed; collecting certs
01-31 18:33:17.192  1890  1930 W PackageParser: Unknown element under <manifest>: meta-data at /system/priv-app/GoogleDialer/GoogleDialer.apk Binary XML file line #106
01-31 18:33:17.234  1890  1890 I PackageManager: /system/priv-app/StorageManager changed; collecting certs
01-31 18:33:17.236  1890  1929 I PackageParser: Parse times for '/system/priv-app/TeleService': parse=111ms, update_cache=39 ms
01-31 18:33:17.247  1890  1929 W PackageParser: Ignoring duplicate uses-permissions/uses-permissions-sdk-m: android.permission.READ_PRIVILEGED_PHONE_STATE in package: com.google.android.partnersetup at: Binary XML file line #54
01-31 18:33:17.248  1890  1890 I PackageManager: /system/priv-app/TeleService changed; collecting certs
01-31 18:33:17.250  1890  1890 E PackageManager: Adding duplicate shared id: 1001 name=com.android.phone
01-31 18:33:17.251  1890  1890 I PackageManager: /system/priv-app/GoogleBackupTransport changed; collecting certs
01-31 18:33:17.277  1890  1890 E PackageManager: Adding duplicate user id: 10016 name=com.google.android.backuptransport
01-31 18:33:17.277  1890  1890 I PackageManager: /system/priv-app/CarrierConfig changed; collecting certs
01-31 18:33:17.279  1890  1890 I PackageManager: /system/priv-app/GooglePartnerSetup changed; collecting certs
01-31 18:33:17.285  1890  1930 I PackageParser: Parse times for '/system/priv-app/GoogleDialer': parse=77ms, update_cache=81 ms
01-31 18:33:17.320  1890  1890 I PackageManager: /system/priv-app/GooglePackageInstaller changed; collecting certs
01-31 18:33:17.355  1890  1890 I PackageManager: /system/priv-app/SettingsProvider changed; collecting certs
01-31 18:33:17.357  1890  1890 E PackageManager: Adding duplicate shared id: 1000 name=com.android.providers.settings
01-31 18:33:17.357  1890  1890 I PackageManager: /system/priv-app/GoogleDialer changed; collecting certs
01-31 18:33:17.361  1890  1890 I PackageManager: /system/priv-app/DownloadProvider changed; collecting certs
01-31 18:33:17.394  1890  1890 E PackageManager: Adding duplicate user id: 10005 name=com.android.providers.downloads
01-31 18:33:17.423  1890  1890 I PackageManager: /system/priv-app/DefaultContainerService changed; collecting certs
01-31 18:33:17.433  1890  1890 I PackageManager: /system/priv-app/InputDevices changed; collecting certs
01-31 18:33:17.447  1890  1890 E PackageManager: Adding duplicate shared id: 1000 name=com.android.inputdevices
01-31 18:33:17.450  1890  1931 W PackageParser: No actions in intent filter at /system/priv-app/Contacts/Contacts.apk Binary XML file line #443
01-31 18:33:17.451  1890  1890 I PackageManager: /system/priv-app/GoogleExtServices changed; collecting certs
01-31 18:33:17.480  1890  1890 I PackageManager: /system/priv-app/CallLogBackup changed; collecting certs
01-31 18:33:17.486  1890  1890 E PackageManager: Adding duplicate user id: 10017 name=com.android.calllogbackup
01-31 18:33:17.490  1890  1890 I PackageManager: New shared user com.android.emergency.uid: id=10030
01-31 18:33:17.490  1890  1890 I PackageManager: /system/priv-app/EmergencyInfo changed; collecting certs
01-31 18:33:17.498  1890  1890 E PackageManager: Adding duplicate user id: 10030 name=com.android.emergency
01-31 18:33:17.503  1890  1890 I PackageManager: /system/priv-app/SharedStorageBackup changed; collecting certs
01-31 18:33:17.519  1890  1890 I PackageManager: /system/priv-app/MusicFX changed; collecting certs
01-31 18:33:17.527  1890  1890 I PackageManager: /system/priv-app/CtsShimPrivPrebuilt changed; collecting certs
01-31 18:33:17.558  1890  1929 W PackageParser: Ignoring duplicate uses-permissions/uses-permissions-sdk-m: android.permission.CONFIGURE_WIFI_DISPLAY in package: com.android.systemui at: Binary XML file line #156
01-31 18:33:17.566  1890  1890 I PackageManager: /system/priv-app/UserDictionaryProvider changed; collecting certs
01-31 18:33:17.567  1890  1890 E PackageManager: Adding duplicate user id: 10017 name=com.android.providers.userdictionary
01-31 18:33:17.568  1890  1890 I PackageManager: /system/priv-app/SettingsIntelligence changed; collecting certs
01-31 18:33:17.605  1890  1890 I PackageManager: /system/priv-app/BackupRestoreConfirmation changed; collecting certs
01-31 18:33:17.607  1890  1890 I PackageManager: /system/priv-app/MediaProvider changed; collecting certs
01-31 18:33:17.608  1890  1890 E PackageManager: Adding duplicate user id: 10005 name=com.android.providers.media
01-31 18:33:17.609  1890  1890 I PackageManager: /system/priv-app/ContactsProvider changed; collecting certs
01-31 18:33:17.611  1890  1890 E PackageManager: Adding duplicate user id: 10017 name=com.android.providers.contacts
01-31 18:33:17.611  1890  1890 I PackageManager: /system/priv-app/ManagedProvisioning changed; collecting certs
01-31 18:33:17.615  1890  1929 I PackageParser: Parse times for '/system/priv-app/SystemUIGoogle': parse=99ms, update_cache=13 ms
01-31 18:33:17.623  1890  1890 I PackageManager: /system/priv-app/FusedLocation changed; collecting certs
01-31 18:33:17.624  1890  1890 E PackageManager: Adding duplicate shared id: 1000 name=com.android.location.fused
01-31 18:33:17.625  1890  1890 I PackageManager: /system/priv-app/ProxyHandler changed; collecting certs
01-31 18:33:17.639  1890  1890 I PackageManager: /system/priv-app/Contacts changed; collecting certs
01-31 18:33:17.642  1890  1900 I system_server: Background concurrent copying GC freed 45695(3MB) AllocSpace objects, 68(2000KB) LOS objects, 42% free, 4MB/8MB, paused 2.374ms total 334.132ms
01-31 18:33:17.650  1890  1890 I PackageManager: /system/priv-app/MtpDocumentsProvider changed; collecting certs
01-31 18:33:17.652  1890  1890 E PackageManager: Adding duplicate user id: 10005 name=com.android.mtp
01-31 18:33:17.652  1890  1890 I PackageManager: New shared user android.uid.systemui: id=10039
01-31 18:33:17.652  1890  1890 I PackageManager: /system/priv-app/SystemUIGoogle changed; collecting certs
01-31 18:33:17.654  1890  1890 E PackageManager: Adding duplicate user id: 10039 name=com.android.systemui
01-31 18:33:17.698  1890  1930 I PackageParser: Parse times for '/system/priv-app/PrebuiltGmsCore': parse=322ms, update_cache=11 ms
01-31 18:33:17.699  1890  1890 I PackageManager: /system/priv-app/PrebuiltGmsCore changed; collecting certs
01-31 18:33:17.706  1890  1890 E PackageManager: Adding duplicate user id: 10016 name=com.google.android.gms
01-31 18:33:17.722  1890  1890 I PackageManager: /system/app/SecureElement changed; collecting certs
01-31 18:33:17.724  1890  1890 E PackageManager: Adding duplicate shared id: 1068 name=com.android.se
01-31 18:33:17.751  1890  1890 I PackageManager: /system/app/WebViewStub changed; collecting certs
01-31 18:33:17.753  1890  1890 I PackageManager: /system/app/WallpapersUsTwo changed; collecting certs
01-31 18:33:17.763  1890  1890 I PackageManager: /system/app/GoogleExtShared changed; collecting certs
01-31 18:33:17.771  1743  1832 I ServiceManager: Waiting for service package_native...
01-31 18:33:17.790  1890  1890 I PackageManager: /system/app/BluetoothMidiService changed; collecting certs
01-31 18:33:17.833  1890  1936 I PackageParser: Parse times for '/system/app/LatinIMEGooglePrebuilt': parse=118ms, update_cache=2 ms
01-31 18:33:17.843  1890  1890 I PackageManager: /system/app/LatinIMEGooglePrebuilt changed; collecting certs
01-31 18:33:17.875  1890  1890 I PackageManager: /system/app/BuiltInPrintService changed; collecting certs
01-31 18:33:17.908  1890  1935 W PackageParser: No actions in intent filter at /system/app/PrebuiltBugle/PrebuiltBugle.apk Binary XML file line #1024
01-31 18:33:17.911  1890  1935 I PackageParser: Parse times for '/system/app/PrebuiltBugle': parse=183ms, update_cache=3 ms
01-31 18:33:17.915  1890  1937 I PackageParser: Parse times for '/system/app/Chrome': parse=105ms, update_cache=55 ms
01-31 18:33:17.923  1890  1890 I PackageManager: /system/app/PrebuiltBugle changed; collecting certs
01-31 18:33:17.933  1890  1890 I PackageManager: /system/app/WAPPushManager changed; collecting certs
01-31 18:33:17.935  1890  1890 I PackageManager: /system/app/Chrome changed; collecting certs
01-31 18:33:17.947  1890  1890 I PackageManager: /system/app/KeyChain changed; collecting certs
01-31 18:33:17.949  1890  1890 E PackageManager: Adding duplicate shared id: 1000 name=com.android.keychain
01-31 18:33:17.968  1890  1890 I PackageManager: /system/app/EasterEgg changed; collecting certs
01-31 18:33:17.990  1890  1890 I PackageManager: /system/app/PrintSpooler changed; collecting certs
01-31 18:33:18.012  1890  1938 I PackageParser: Parse times for '/system/app/Maps': parse=163ms, update_cache=55 ms
01-31 18:33:18.013  1890  1890 I PackageManager: New shared user com.google.android.apps.maps: id=10051
01-31 18:33:18.013  1890  1890 I PackageManager: /system/app/Maps changed; collecting certs
01-31 18:33:18.026  1890  1890 E PackageManager: Adding duplicate user id: 10051 name=com.google.android.apps.maps
01-31 18:33:18.056  1890  1937 W PackageParser: No actions in intent filter at /system/app/PrebuiltGmail/PrebuiltGmail.apk Binary XML file line #701
01-31 18:33:18.056  1890  1937 W PackageParser: No actions in intent filter at /system/app/PrebuiltGmail/PrebuiltGmail.apk Binary XML file line #766
01-31 18:33:18.065  1890  1937 I PackageParser: Parse times for '/system/app/PrebuiltGmail': parse=147ms, update_cache=3 ms
01-31 18:33:18.066  1890  1890 I PackageManager: /system/app/NetSpeed changed; collecting certs
01-31 18:33:18.069  1890  1890 I PackageManager: /system/app/PrebuiltGmail changed; collecting certs
01-31 18:33:18.077  1890  1936 I PackageParser: Parse times for '/system/app/Drive': parse=114ms, update_cache=2 ms
01-31 18:33:18.116  1890  1935 I PackageParser: Parse times for '/system/app/Music2': parse=155ms, update_cache=2 ms
01-31 18:33:18.135  1890  1890 I PackageManager: /system/app/Drive changed; collecting certs
01-31 18:33:18.148  1890  1890 I PackageManager: /system/app/Music2 changed; collecting certs
01-31 18:33:18.158  1890  1935 W PackageParser: Ignoring duplicate uses-permissions/uses-permissions-sdk-m: android.permission.CHANGE_WIFI_STATE in package: com.android.nfc at: Binary XML file line #47
01-31 18:33:18.158  1890  1935 W PackageParser: Ignoring duplicate uses-permissions/uses-permissions-sdk-m: android.permission.ACCESS_WIFI_STATE in package: com.android.nfc at: Binary XML file line #48
01-31 18:33:18.186  1890  1890 I PackageManager: /system/app/Traceur changed; collecting certs
01-31 18:33:18.192  1890  1890 I PackageManager: /system/app/CertInstaller changed; collecting certs
01-31 18:33:18.193  1890  1890 I PackageManager: /system/app/HTMLViewer changed; collecting certs
01-31 18:33:18.195  1890  1890 I PackageManager: /system/app/GoogleContactsSyncAdapter changed; collecting certs
01-31 18:33:18.221  1890  1890 I PackageManager: /system/app/NfcNci changed; collecting certs
01-31 18:33:18.245  1890  1935 W PackageParser: Ignoring duplicate uses-permissions/uses-permissions-sdk-m: android.permission.READ_CONTACTS in package: com.android.bluetooth at: Binary XML file line #61
01-31 18:33:18.248  1890  1935 W PackageParser: No actions in intent filter at /system/app/Bluetooth/Bluetooth.apk Binary XML file line #227
01-31 18:33:18.250  1890  1890 E PackageManager: Adding duplicate shared id: 1027 name=com.android.nfc
01-31 18:33:18.255  1890  1890 I PackageManager: /system/app/PacProcessor changed; collecting certs
01-31 18:33:18.271  1890  1890 I PackageManager: /system/app/PrebuiltDeskClockGoogle changed; collecting certs
01-31 18:33:18.310  1890  1890 I PackageManager: /system/app/GooglePinyinIME changed; collecting certs
01-31 18:33:18.344  1890  1890 I PackageManager: /system/app/CaptivePortalLogin changed; collecting certs
01-31 18:33:18.354  1890  1890 I PackageManager: /system/app/Bluetooth changed; collecting certs
01-31 18:33:18.365  1890  1937 W PackageParser: No actions in intent filter at /system/app/Photos/Photos.apk Binary XML file line #1725
01-31 18:33:18.405  1890  1936 W PackageParser: No actions in intent filter at /system/app/CarrierDefaultApp/CarrierDefaultApp.apk Binary XML file line #52
01-31 18:33:18.408  1890  1890 E PackageManager: Adding duplicate shared id: 1002 name=com.android.bluetooth
01-31 18:33:18.411  1890  1890 I PackageManager: /system/app/GoogleTTS changed; collecting certs
01-31 18:33:18.417  1890  1937 I PackageParser: Parse times for '/system/app/Photos': parse=214ms, update_cache=50 ms
01-31 18:33:18.426  1890  1890 I PackageManager: /system/app/Camera2 changed; collecting certs
01-31 18:33:18.453  1890  1900 I system_server: Background concurrent copying GC freed 41320(3MB) AllocSpace objects, 23(1088KB) LOS objects, 42% free, 5MB/10MB, paused 295us total 418.275ms
01-31 18:33:18.463  1890  1890 I PackageManager: /system/app/Browser2 changed; collecting certs
01-31 18:33:18.466  1890  1890 I PackageManager: /system/app/PartnerBookmarksProvider changed; collecting certs
01-31 18:33:18.468  1890  1890 I PackageManager: /system/app/CtsShimPrebuilt changed; collecting certs
01-31 18:33:18.471  1890  1890 I PackageManager: /system/app/BookmarkProvider changed; collecting certs
01-31 18:33:18.474  1890  1890 I PackageManager: /system/app/BasicDreams changed; collecting certs
01-31 18:33:18.527  1890  1890 I PackageManager: /system/app/LicenseChecker changed; collecting certs
01-31 18:33:18.542  1890  1890 I PackageManager: /system/app/LiveWallpapersPicker changed; collecting certs
01-31 18:33:18.559  1890  1935 I PackageParser: Parse times for '/system/app/CalendarGooglePrebuilt': parse=179ms, update_cache=25 ms
01-31 18:33:18.564  1890  1890 I PackageManager: /system/app/WallpapersBReel changed; collecting certs
01-31 18:33:18.573  1890  1890 I PackageManager: /system/app/CarrierDefaultApp changed; collecting certs
01-31 18:33:18.575  1890  1890 I PackageManager: /system/app/CompanionDeviceManager changed; collecting certs
01-31 18:33:18.577  1890  1890 I PackageManager: /system/app/Photos changed; collecting certs
01-31 18:33:18.585  1890  1890 I PackageManager: /system/app/GooglePrintRecommendationService changed; collecting certs
01-31 18:33:18.588  1890  1890 I PackageManager: /system/app/GoogleHindiIME changed; collecting certs
01-31 18:33:18.592  1890  1890 I PackageManager: /system/app/NexusWallpapersStubPrebuilt changed; collecting certs
01-31 18:33:18.595  1890  1890 I PackageManager: /system/app/Videos changed; collecting certs
01-31 18:33:18.598  1890  1890 I PackageManager: /system/app/ExactCalculator changed; collecting certs
01-31 18:33:18.600  1890  1890 I PackageManager: New shared user com.google.android.calendar.uid.shared: id=10082
01-31 18:33:18.600  1890  1890 I PackageManager: /system/app/CalendarGooglePrebuilt changed; collecting certs
01-31 18:33:18.602  1890  1890 E PackageManager: Adding duplicate user id: 10082 name=com.google.android.calendar
01-31 18:33:18.603  1890  1890 I PackageManager: /system/app/SimAppDialog changed; collecting certs
01-31 18:33:18.605  1890  1890 I PackageManager: /system/app/WallpaperBackup changed; collecting certs
01-31 18:33:18.607  1890  1890 E PackageManager: Adding duplicate shared id: 1000 name=com.android.wallpaperbackup
01-31 18:33:18.607  1890  1890 I PackageManager: /system/app/YouTube changed; collecting certs
01-31 18:33:18.635  1890  1890 D PackageManager: No files in app dir /vendor/priv-app
01-31 18:33:18.635  1890  1890 D PackageManager: No files in app dir /vendor/app
01-31 18:33:18.635  1890  1890 D PackageManager: No files in app dir /odm/priv-app
01-31 18:33:18.635  1890  1890 D PackageManager: No files in app dir /odm/app
01-31 18:33:18.635  1890  1890 D PackageManager: No files in app dir /oem/app
01-31 18:33:18.635  1890  1890 D PackageManager: No files in app dir /system/product/priv-app
01-31 18:33:18.635  1890  1890 D PackageManager: No files in app dir /system/product/app
01-31 18:33:18.636  1890  1890 I PackageManager: Finished scanning system apps. Time: 2039 ms, packageCount: 108 , timePerPackage: 18 , cached: 0
01-31 18:33:18.636  1890  1890 D PackageManager: No files in app dir /data/app
01-31 18:33:18.636  1890  1890 D PackageManager: No files in app dir /data/app-private
01-31 18:33:18.636  1890  1890 I PackageManager: Finished scanning non-system apps. Time: 0 ms, packageCount: 0 , timePerPackage: 0 , cached: 0
01-31 18:33:18.640  1890  1890 I PackageManager: Time to scan packages: 2.043 seconds
01-31 18:33:18.653  1890  1890 W PackageSettings: No potential matches found for Intent { act=android.intent.action.EDIT typ=image/bmp } while setting preferred com.google.android.apps.plus/.editor.PlusEditorActivity
01-31 18:33:18.653  1890  1890 W PackageSettings: No potential matches found for Intent { act=android.intent.action.EDIT typ=image/jpeg } while setting preferred com.google.android.apps.plus/.editor.PlusEditorActivity
01-31 18:33:18.653  1890  1890 W PackageSettings: No potential matches found for Intent { act=android.intent.action.EDIT typ=image/gif } while setting preferred com.google.android.apps.plus/.editor.PlusEditorActivity
01-31 18:33:18.653  1890  1890 W PackageSettings: No potential matches found for Intent { act=android.intent.action.EDIT typ=image/png } while setting preferred com.google.android.apps.plus/.editor.PlusEditorActivity
