01-31 18:55:45.960  1887  1887 W Looper  : Slow dispatch took 307ms main h=android.os.Handler c=null m=1
01-31 18:55:45.961  1887  1906 W ActivityManager: Slow operation: 52ms so far, now at startProcess: building log message
01-31 18:55:45.961  1887  1906 I ActivityManager: Start proc 2173:com.google.android.setupwizard/u0a15 for activity com.google.android.setupwizard/.SetupWizardActivity
01-31 18:55:45.961  1887  1906 W ActivityManager: Slow operation: 52ms so far, now at startProcess: starting to update pids map
01-31 18:55:45.961  1887  1906 W ActivityManager: Slow operation: 52ms so far, now at startProcess: done updating pids map
01-31 18:55:45.971  1585  1585 I android.hardware.wifi@1.0-service: Adding interface handle for wlan0
01-31 18:55:45.971  1585  1585 E android.hardware.wifi@1.0-service: Failed to register radio mode change callback
01-31 18:55:45.971  1585  1585 I android.hardware.wifi@1.0-service: Configured chip in mode 0
01-31 18:55:45.972  1585  1585 E android.hardware.wifi@1.0-service: Failed to set DFS flag; DFS channels may be unavailable.
01-31 18:55:45.978  1740  1740 I wificond: create scanner for interface with index: 3
01-31 18:55:45.978  1740  1740 I wificond: subscribe scan result for interface with index: 3
01-31 18:55:45.979  1740  1740 E wificond: No Offload Service available
01-31 18:55:45.979  1740  1740 I wificond: Offload HAL not supported 
01-31 18:55:45.984  1887  1887 V SettingsProvider: Notifying for 0: content://settings/secure/voice_interaction_service
01-31 18:55:45.984  1887  1887 V SettingsProvider: Notifying for 0: content://settings/secure/voice_recognition_service
01-31 18:55:45.984  1887  1887 W ContextImpl: Calling a method in the system process without a qualified user: android.app.ContextImpl.startService:1531 com.android.server.content.SyncManager$14.run:756 android.os.Handler.handleCallback:873 android.os.Handler.dispatchMessage:99 android.os.Looper.loop:193 
01-31 18:55:46.072  2037  2037 D SystemUIBootTiming: StartServicescom.android.systemui.Dependency took to complete: 107ms
01-31 18:55:46.087  2037  2037 D SystemUIBootTiming: StartServicescom.android.systemui.util.NotificationChannels took to complete: 15ms
01-31 18:55:46.116  1887  1899 I ActivityManager: Process WebViewLoader-x86 (pid 2067) has died: psvc PER 
01-31 18:55:46.131  2037  2037 D SystemUIBootTiming: StartServicescom.android.systemui.statusbar.CommandQueue$CommandQueueStart took to complete: 44ms
01-31 18:55:46.215  1887  1909 E BatteryExternalStatsWorker: no controller energy info supplied for wifi
01-31 18:55:46.217  1887  1903 E AutofillManagerServiceImpl: Bad AutofillService name: com.google.android.gms/.autofill.service.AutofillService
01-31 18:55:46.217  1887  1903 D AutofillManagerServiceImpl: Reset component for user 0 (com.google.android.gms/.autofill.service.AutofillService)
01-31 18:55:46.217  1887  1905 D AutofillUI: destroySaveUiUiThread(): already destroyed
01-31 18:55:46.217  1887  1903 E AutofillManagerServiceImpl: Bad AutofillService name: com.google.android.gms/.autofill.service.AutofillService
01-31 18:55:46.218  1887  1903 D AutofillManagerServiceImpl: Reset component for user 0 (com.google.android.gms/.autofill.service.AutofillService)
01-31 18:55:46.218  1887  1903 D FieldClassificationStrategy: reset(): service is not bound. Do nothing.
01-31 18:55:46.227  1887  1909 E BatteryExternalStatsWorker: no controller energy info supplied for wifi
01-31 18:55:46.245  1887  2210 I Telecom : BluetoothRouteManager: getBluetoothAudioConnectedDevice: no headset service available.
01-31 18:55:46.303  2173  2173 E ActivityThread: Failed to find provider info for com.google.android.gsf.gservices
01-31 18:55:46.304  2173  2173 E ActivityThread: Failed to find provider info for com.google.android.gsf.gservices
01-31 18:55:46.306  2173  2173 E ActivityThread: Failed to find provider info for com.google.settings
01-31 18:55:46.312  1887  1887 I Telecom : SystemStateProvider: Registering car mode receiver: android.content.IntentFilter@e4092c5: TS.init@AAA
01-31 18:55:46.328  2173  2173 E ActivityThread: Failed to find provider info for com.google.android.gsf.gservices
01-31 18:55:46.330  1887  2033 W AccountManagerService: Blocking binding to authenticator ComponentInfo{com.google.android.gms/com.google.android.gms.auth.account.authenticator.GoogleAccountAuthenticatorService} which isn't encryption aware
01-31 18:55:46.357  1887  1943 D PackageManager: Instant App installer not found with android.intent.action.INSTALL_INSTANT_APP_PACKAGE
01-31 18:55:46.357  1887  1943 D PackageManager: Clear ephemeral installer activity
01-31 18:55:46.394  1887  2221 I Telecom : Logging.Events: Non-call EVENT: AUDIO_ROUTE, Entering state QuiescentSpeakerRoute
01-31 18:55:46.395  1887  2221 I Telecom : BluetoothRouteManager: getBluetoothAudioConnectedDevice: no headset service available.
01-31 18:55:46.412  1887  2164 D PackageManager: Instant App installer not found with android.intent.action.INSTALL_INSTANT_APP_PACKAGE
01-31 18:55:46.412  1887  2164 D PackageManager: Clear ephemeral installer activity
01-31 18:55:46.425  1887  2164 W AccountManagerService: Blocking binding to authenticator ComponentInfo{com.google.android.gms/com.google.android.gms.auth.account.authenticator.GoogleAccountAuthenticatorService} which isn't encryption aware
01-31 18:55:46.427  1887  1899 I ActivityManager: START u0 {act=android.intent.action.MAIN cat=[android.intent.category.HOME] flg=0x10000100 cmp=com.android.settings/.FallbackHome} from uid 0
01-31 18:55:46.448  2173  2173 E ActivityThread: Failed to find provider info for com.google.android.gsf.gservices
01-31 18:55:46.460  1887  1906 I ActivityManager: Start proc 2231:com.android.settings/1000 for activity com.android.settings/.FallbackHome
01-31 18:55:46.486  1887  1887 I Telecom : MissedCallNotifierImpl: reloadFromDatabase: Boot not yet complete -- call log db may not be available. Deferring loading until boot complete for user 0: TS.init@AAA
01-31 18:55:46.488  1887  2228 I Telecom : CallAudioModeStateMachine: Message received: null.: TS.init->CAMSM.pM_1@AAA
01-31 18:55:46.495  2037  2037 D SystemUIBootTiming: StartServicescom.android.systemui.keyguard.KeyguardViewMediator took to complete: 364ms
01-31 18:55:46.585  1887  1903 E AutofillManagerServiceImpl: Bad AutofillService name: com.google.android.gms/.autofill.service.AutofillService
01-31 18:55:46.585  1887  1903 D AutofillManagerServiceImpl: Reset component for user 0 (com.google.android.gms/.autofill.service.AutofillService)
01-31 18:55:46.586  1887  1887 I Telecom : Class: TelecomSystem.INSTANCE being set
01-31 18:55:46.586  1887  1887 W Looper  : Slow dispatch took 511ms main h=android.app.ActivityThread$H c=null m=121
01-31 18:55:46.587  1887  1905 D AutofillUI: destroySaveUiUiThread(): already destroyed
01-31 18:55:46.587  1887  1903 E AutofillManagerServiceImpl: Bad AutofillService name: com.google.android.gms/.autofill.service.AutofillService
01-31 18:55:46.587  1887  1903 D AutofillManagerServiceImpl: Reset component for user 0 (com.google.android.gms/.autofill.service.AutofillService)
01-31 18:55:46.587  1887  1903 D FieldClassificationStrategy: reset(): service is not bound. Do nothing.
01-31 18:55:46.663  1887  1887 V SettingsProvider: Notifying for 0: content://settings/secure/accessibility_enabled
01-31 18:55:46.663  1887  1887 V SettingsProvider: Notifying for 0: content://settings/secure/accessibility_shortcut_target_service
01-31 18:55:46.664  1887  1899 W ActivityManager: Unable to start service Intent { act=android.intent.action.QUICKSTEP_SERVICE pkg=com.google.android.apps.nexuslauncher } U=0: not found
01-31 18:55:46.692  1887  1887 V SettingsProvider: Notifying for 0: content://settings/secure/accessibility_shortcut_enabled
01-31 18:55:46.692  1887  1887 V SettingsProvider: Notifying for 0: content://settings/global/webview_provider
01-31 18:55:46.728  1887  1903 W LocationProviderProxy-network: Odd, no component found for service com.android.location.service.v3.NetworkLocationProvider
01-31 18:55:46.728  1887  1903 W GeocoderProxy: Odd, no component found for service com.android.location.service.GeocodeProvider
01-31 18:55:46.728  1887  1903 W GeofenceProxy: Odd, no component found for service com.android.location.service.GeofenceProvider
01-31 18:55:46.728  1887  1903 W ActivityRecognitionProxy: Odd, no component found for service com.android.location.service.ActivityRecognitionProvider
01-31 18:55:46.746  1887  1999 E WifiP2pService: Unexpected disable request when WifiChannel is null
01-31 18:55:46.746  1887  1887 V SettingsProvider: Notifying for 0: content://settings/global/boot_count
01-31 18:55:46.746  1887  1887 V SettingsProvider: Notifying for 0: content://settings/global/emergency_affordance_needed
01-31 18:55:46.961  1887  1887 W Looper  : Slow dispatch took 155ms main h=android.app.ActivityThread$H c=null m=121
01-31 18:55:46.999  1887  1887 V WiredAccessoryManager: notifyWiredAccessoryChanged: when=0 bits= mask=54
01-31 18:55:46.999  1887  1887 V WiredAccessoryManager: newName=h2w newState=0 headsetState=0 prev headsetState=0
01-31 18:55:47.000  1887  1887 V WiredAccessoryManager: init()
01-31 18:55:47.068  1887  1942 W LocalDisplayAdapter: Unable to find color mode 0, ignoring request.
01-31 18:55:47.163  1887  1887 W Looper  : Slow dispatch took 161ms main h=com.android.server.WiredAccessoryManager$1 c=null m=2
01-31 18:55:47.169  1887  1887 V NotificationListeners: enabling notification listener for 0: ComponentInfo{com.google.android.apps.restore/com.google.android.apps.pixelmigrate.component.NotificationConsolidatorService}
01-31 18:55:47.170  1887  1904 W KeyguardServiceDelegate: onScreenTurningOn(): no keyguard service!
01-31 18:55:47.171  1887  1887 V NotificationListeners: binding: Intent { act=android.service.notification.NotificationListenerService cmp=com.google.android.apps.restore/com.google.android.apps.pixelmigrate.component.NotificationConsolidatorService (has extras) }
01-31 18:55:47.172  1887  1887 W ActivityManager: Unable to start service Intent { act=android.service.notification.NotificationListenerService cmp=com.google.android.apps.restore/com.google.android.apps.pixelmigrate.component.NotificationConsolidatorService } U=0: not found
01-31 18:55:47.172  1887  1887 W NotificationListeners: Unable to bind notification listener service: Intent { act=android.service.notification.NotificationListenerService cmp=com.google.android.apps.restore/com.google.android.apps.pixelmigrate.component.NotificationConsolidatorService (has extras) }
01-31 18:55:47.172  1887  1887 V NotificationAssistants: enabling notification assistant for 0: ComponentInfo{com.google.android.ext.services/android.ext.services.notification.Assistant}
01-31 18:55:47.172  1887  1887 V NotificationAssistants: binding: Intent { act=android.service.notification.NotificationAssistantService cmp=com.google.android.ext.services/android.ext.services.notification.Assistant (has extras) }
01-31 18:55:47.193  1887  1887 V SettingsProvider: Notifying for 0: content://settings/secure/enabled_notification_listeners
01-31 18:55:47.193  1887  1887 V SettingsProvider: Notifying for 0: content://settings/secure/enabled_notification_assistant
01-31 18:55:47.193  1887  1887 V SettingsProvider: Notifying for 0: content://settings/secure/enabled_notification_policy_access_packages
01-31 18:55:47.194  1887  1887 V SettingsProvider: Notifying for 0: content://settings/global/zen_mode_config_etag
01-31 18:55:47.194  1887  1887 D ConditionProviders.SCP: onSubscribe condition://android/schedule?days=1.2.3.4.5.6.7&start=22.0&end=7.0&exitAtAlarm=true
01-31 18:55:47.194  1887  1887 D ConditionProviders.SCP: setRegistered true
01-31 18:55:47.196  1887  1887 D ConditionProviders.SCP: evaluateSubscriptionLocked cal=ScheduleCalendar[mDays={1, 2, 3, 4, 5, 6, 7}, mSchedule=ScheduleInfo{days=[1, 2, 3, 4, 5, 6, 7], startHour=22, startMinute=0, endHour=7, endMinute=0, exitAtAlarm=true, nextAlarm=Thu Jan 01 00:00:00 GMT 1970 (0)}], now=Thu Jan 31 15:55:47 GMT 2019 (1548950147194), nextUserAlarmTime=Thu Jan 01 00:00:00 GMT 1970 (0)
01-31 18:55:47.196  1887  1887 D ConditionProviders.SCP: notifyCondition condition://android/schedule?days=1.2.3.4.5.6.7&start=22.0&end=7.0&exitAtAlarm=true STATE_FALSE reason=!meetsSchedule
01-31 18:55:47.196  1887  2006 E ActivityThread: Failed to find provider info for com.android.calendar
01-31 18:55:47.197  1887  2006 E ActivityThread: Failed to find provider info for com.android.calendar
01-31 18:55:47.197  1887  1887 D ConditionProviders.SCP: Scheduling evaluate for Thu Jan 31 22:00:00 GMT 2019 (1548972000000), in +6h4m12s806ms, now=Thu Jan 31 15:55:47 GMT 2019 (1548950147194)
01-31 18:55:47.198  1887  2024 I SyncManager: Got SyncJobService instance.
01-31 18:55:47.203  1887  1887 V SettingsProvider: Notifying for 0: content://settings/secure/allowed_geolocation_origins
01-31 18:55:47.203  1887  1887 I Telecom : WiredHeadsetManager: ACTION_HEADSET_PLUG event, plugged in: false, : WHC.oADA@AAE
01-31 18:55:47.203  1887  1887 V SettingsProvider: Notifying for 0: content://settings/secure/last_setup_shown
01-31 18:55:47.204  1887  1887 I LockSettingsService: Reporting device setup complete to IGateKeeperService
01-31 18:55:47.208  2037  2037 D SystemUIBootTiming: StartServicescom.android.systemui.recents.Recents took to complete: 713ms
01-31 18:55:47.210  1527  2025 D vold    : Recognized experimental block major ID 253 as virtio-blk (emulator's virtual SD card device)
01-31 18:55:47.210  1527  2025 V vold    : /system/bin/sgdisk
01-31 18:55:47.210  1527  2025 V vold    :     --android-dump
01-31 18:55:47.210  1527  2025 V vold    :     /dev/block/vold/disk:253,80
01-31 18:55:47.215  1887  1887 V SettingsProvider: Notifying for 0: content://settings/global/device_provisioned
01-31 18:55:47.215  1887  1887 V SettingsProvider: Notifying for 0: content://settings/secure/user_setup_complete
01-31 18:55:47.215  1887  1887 V SettingsProvider: Notifying for 0: content://settings/secure/sysui_tuner_version
01-31 18:55:47.238  1887  1887 I Telecom : PhoneAccountRegistrar: SimCallManager queried, returning: null: TSI.gSCM@AAM
01-31 18:55:47.248  1887  1903 E AutofillManagerServiceImpl: Bad AutofillService name: com.google.android.gms/.autofill.service.AutofillService
01-31 18:55:47.248  1887  1903 D AutofillManagerServiceImpl: Reset component for user 0 (com.google.android.gms/.autofill.service.AutofillService)
01-31 18:55:47.249  1887  1905 D AutofillUI: destroySaveUiUiThread(): already destroyed
01-31 18:55:47.249  1887  1903 E AutofillManagerServiceImpl: Bad AutofillService name: com.google.android.gms/.autofill.service.AutofillService
01-31 18:55:47.249  1887  1903 D AutofillManagerServiceImpl: Reset component for user 0 (com.google.android.gms/.autofill.service.AutofillService)
01-31 18:55:47.249  1887  1903 D FieldClassificationStrategy: reset(): service is not bound. Do nothing.
01-31 18:55:47.278  1887  1887 V SettingsProvider: Notifying for 0: content://settings/global/network_recommendations_enabled
01-31 18:55:47.279  1887  1887 D AutofillManagerService: Autofill restriction did not change for user 0
01-31 18:55:47.280  1887  1887 V SettingsProvider: Notifying for 0: content://settings/secure/snoozed_schedule_condition_provider
01-31 18:55:47.280  1887  1887 D ZenLog  : config: conditionChanged,ZenModeConfig[user=0,allowAlarms=true,allowMedia=true,allowSystem=false,allowReminders=false,allowEvents=false,allowCalls=true,allowRepeatCallers=true,allowMessages=false,allowCallsFrom=stars,allowMessagesFrom=contacts,suppressedVisualEffects=511,areChannelsBypassingDnd=false,automaticRules={EVENTS_DEFAULT_RULE=ZenRule[enabled=false,snoozing=false,name=Event,zenMode=ZEN_MODE_IMPORTANT_INTERRUPTIONS,conditionId=condition://android/event?userId=-10000&calendar=&reply=1,condition=null,component=ComponentInfo{android/com.android.server.notification.EventConditionProvider},id=EVENTS_DEFAULT_RULE,creationTime=1548950144092,enabler=null], EVERY_NIGHT_DEFAULT_RULE=ZenRule[enabled=false,snoozing=false,name=Sleeping,zenMode=ZEN_MODE_IMPORTANT_INTERRUPTIONS,conditionId=condition://android/schedule?days=1.2.3.4.5.6.7&start=22.0&end=7.0&exitAtAlarm=true,condition=Condition[id=condition://android/schedule?days=1.2.3.4.5.6.7&start=22.0&end=7.0&exitAtAlarm=true,summary=...,line1=...,line2=...,icon=0,state=STATE_FALSE,flags=2],component=ComponentInfo{android/com.android.server.notification.ScheduleConditionProvider},id=EVERY_NIGHT_DEFAULT_RULE,creationTime=1548950144092,enabler=null]},manualRule=null],Diff[automaticRule[EVERY_NIGHT_DEFAULT_RULE].condition:null->Condition[id=condition://android/schedule?days=1.2.3.4.5.6.7&start=22.0&end=7.0&exitAtAlarm=true,summary=...,line1=...,line2=...,icon=0,state=STATE_FALSE,flags=2]]
01-31 18:55:47.281  1887  1887 D ZenLog  : config: conditionChanged,ZenModeConfig[user=0,allowAlarms=true,allowMedia=true,allowSystem=false,allowReminders=false,allowEvents=false,allowCalls=true,allowRepeatCallers=true,allowMessages=false,allowCallsFrom=stars,allowMessagesFrom=contacts,suppressedVisualEffects=511,areChannelsBypassingDnd=false,automaticRules={EVENTS_DEFAULT_RULE=ZenRule[enabled=false,snoozing=false,name=Event,zenMode=ZEN_MODE_IMPORTANT_INTERRUPTIONS,conditionId=condition://android/event?userId=-10000&calendar=&reply=1,condition=Condition[id=condition://android/event?userId=-10000&calendar=&reply=1,summary=...,line1=...,line2=...,icon=0,state=STATE_FALSE,flags=2],component=ComponentInfo{android/com.android.server.notification.EventConditionProvider},id=EVENTS_DEFAULT_RULE,creationTime=1548950144092,enabler=null], EVERY_NIGHT_DEFAULT_RULE=ZenRule[enabled=false,snoozing=false,name=Sleeping,zenMode=ZEN_MODE_IMPORTANT_INTERRUPTIONS,conditionId=condition://android/schedule?days=1.2.3.4.5.6.7&start=22.0&end=7.0&exitAtAlarm=true,condition=Condition[id=condition://android/schedule?days=1.2.3.4.5.6.7&start=22.0&end=7.0&exitAtAlarm=true,summary=...,line1=...,line2=...,icon=0,state=STATE_FALSE,flags=2],component=ComponentInfo{android/com.android.server.notification.ScheduleConditionProvider},id=EVERY_NIGHT_DEFAULT_RULE,creationTime=1548950144092,enabler=null]},manualRule=null],Diff[automaticRule[EVENTS_DEFAULT_RULE].condition:null->Condition[id=condition://android/event?userId=-10000&calendar=&reply=1,summary=...,line1=...,line2=...,icon=0,state=STATE_FALSE,flags=2]]
01-31 18:55:47.282  1887  1887 I DevicePolicyManager: Set ro.device_owner property to false
01-31 18:55:47.304  1887  1887 D ZenLog  : set_zen_mode: off,conditionChanged
01-31 18:55:47.309  1887  1887 D ZenLog  : set_zen_mode: off,conditionChanged
01-31 18:55:47.310  1887  1887 W Looper  : Drained
01-31 18:55:47.310  1887  1887 V SettingsProvider: Notifying for 0: content://settings/global/zen_mode_config_etag
01-31 18:55:47.311  1887  1887 V SettingsProvider: Notifying for 0: content://settings/global/zen_mode_config_etag
01-31 18:55:47.336  1527  2025 V vold    : DISK mbr
01-31 18:55:47.336  1527  2025 V vold    : 
01-31 18:55:47.336  1527  2025 W vold    : disk:253,80 has unknown partition table; trying entire device
01-31 18:55:47.336  1527  2025 V vold    : /system/bin/blkid
01-31 18:55:47.336  1527  2025 V vold    :     -c
01-31 18:55:47.336  1527  2025 V vold    :     /dev/null
01-31 18:55:47.336  1527  2025 V vold    :     -s
01-31 18:55:47.336  1527  2025 V vold    :     TYPE
01-31 18:55:47.336  1527  2025 V vold    :     -s
01-31 18:55:47.336  1527  2025 V vold    :     UUID
01-31 18:55:47.336  1527  2025 V vold    :     -s
01-31 18:55:47.336  1527  2025 V vold    :     LABEL
01-31 18:55:47.336  1527  2025 V vold    :     /dev/block/vold/disk:253,80
01-31 18:55:47.419  1527  2025 V vold    : /dev/block/vold/disk:253,80: LABEL="SDCARD" UUID="171A-111F" TYPE="vfat" 
01-31 18:55:47.419  1527  2025 V vold    : 
01-31 18:55:47.442  1527  1531 V vold    : /system/bin/blkid
01-31 18:55:47.442  1527  1531 V vold    :     -c
01-31 18:55:47.442  1527  1531 V vold    :     /dev/null
01-31 18:55:47.442  1527  1531 V vold    :     -s
01-31 18:55:47.442  1527  1531 V vold    :     TYPE
01-31 18:55:47.442  1527  1531 V vold    :     -s
01-31 18:55:47.442  1527  1531 V vold    :     UUID
01-31 18:55:47.442  1527  1531 V vold    :     -s
01-31 18:55:47.442  1527  1531 V vold    :     LABEL
01-31 18:55:47.442  1527  1531 V vold    :     /dev/block/vold/public:253,80
01-31 18:55:47.509  2037  2037 D SystemUIBootTiming: StartServicescom.android.systemui.volume.VolumeUI took to complete: 301ms
01-31 18:55:47.514  1527  1531 V vold    : /dev/block/vold/public:253,80: LABEL="SDCARD" UUID="171A-111F" TYPE="vfat" 
01-31 18:55:47.514  1527  1531 V vold    : 
01-31 18:55:47.514  1527  1531 V vold    : /system/bin/fsck_msdos
01-31 18:55:47.514  1527  1531 V vold    :     -p
01-31 18:55:47.514  1527  1531 V vold    :     -f
01-31 18:55:47.514  1527  1531 V vold    :     /dev/block/vold/public:253,80
01-31 18:55:47.544  2037  2037 D SystemUIBootTiming: StartServicescom.android.systemui.stackdivider.Divider took to complete: 35ms
01-31 18:55:47.624  1887  1943 D ConnectivityService: requestNetwork for uid/pid:10039/2037 NetworkRequest [ TRACK_DEFAULT id=9, [ Capabilities: INTERNET&NOT_RESTRICTED&TRUSTED Unwanted:  Uid: 10039] ]
01-31 18:55:47.814  1887  1943 W WallpaperManagerService: Cannot extract colors because wallpaper could not be read.
01-31 18:55:47.815  1887  1943 W WallpaperManagerService: Cannot get theme colors because WallpaperColors is null.
01-31 18:55:47.816  1887  1943 W WallpaperManagerService: Cannot extract colors because wallpaper could not be read.
01-31 18:55:47.816  1887  1943 W WallpaperManagerService: Cannot get theme colors because WallpaperColors is null.
01-31 18:55:47.859  1887  1943 I StatusBarManagerService: registerStatusBar bar=com.android.internal.statusbar.IStatusBar$Stub$Proxy@ef09e07
01-31 18:55:48.204  1887  2000 D ConnectivityService: Got NetworkFactory Messenger for PhoneSwitcherNetworkRequstListener
01-31 18:55:48.226  1527  1531 I vold    : Filesystem check completed OK
01-31 18:55:48.229  1887  2000 D ConnectivityService: Got NetworkFactory Messenger for TelephonyNetworkFactory[0]
01-31 18:55:48.230  1527  1531 V vold    : Waiting for FUSE to spin up...
01-31 18:55:48.268  2333  2333 W sdcard  : Device explicitly enabled sdcardfs
01-31 18:55:48.276  2110  2335 E ActivityThread: Failed to find provider info for com.android.contacts
01-31 18:55:48.292  1527  1531 V vold    : Waiting for FUSE to spin up...
01-31 18:55:48.338  2110  2110 I TelecomFramework: TtyManager: updateUiTtyMode -1 -> 0
01-31 18:55:48.512  2037  2037 D SystemUIBootTiming: StartServicescom.android.systemui.SystemBars took to complete: 968ms
01-31 18:55:48.532  2037  2319 E ActivityThread: Failed to find provider info for com.android.contacts
01-31 18:55:48.538  1887  1887 D ConditionProviders.SCP: onReceive android.intent.action.TIMEZONE_CHANGED
01-31 18:55:48.539  1887  1887 D ConditionProviders.SCP: evaluateSubscriptionLocked cal=ScheduleCalendar[mDays={1, 2, 3, 4, 5, 6, 7}, mSchedule=ScheduleInfo{days=[1, 2, 3, 4, 5, 6, 7], startHour=22, startMinute=0, endHour=7, endMinute=0, exitAtAlarm=true, nextAlarm=Thu Jan 01 03:00:00 GMT+03:00 1970 (0)}], now=Thu Jan 31 18:55:48 GMT+03:00 2019 (1548950148538), nextUserAlarmTime=Thu Jan 01 03:00:00 GMT+03:00 1970 (0)
01-31 18:55:48.539  1887  1887 D ConditionProviders.SCP: notifyCondition condition://android/schedule?days=1.2.3.4.5.6.7&start=22.0&end=7.0&exitAtAlarm=true STATE_FALSE reason=!meetsSchedule
01-31 18:55:48.540  1887  1887 D ConditionProviders.SCP: Scheduling evaluate for Thu Jan 31 22:00:00 GMT+03:00 2019 (1548961200000), in +3h4m11s462ms, now=Thu Jan 31 18:55:48 GMT+03:00 2019 (1548950148538)
01-31 18:55:48.544  1887  2006 E ActivityThread: Failed to find provider info for com.android.calendar
01-31 18:55:48.544  1887  2006 E ActivityThread: Failed to find provider info for com.android.calendar
01-31 18:55:48.562  1887  1906 I ActivityManager: Start proc 2340:com.google.android.deskclock/u0a61 for broadcast com.google.android.deskclock/com.android.deskclock.AlarmInitReceiver
01-31 18:55:48.566  2037  2037 D SystemUIBootTiming: StartServicescom.android.systemui.usb.StorageNotification took to complete: 54ms
01-31 18:55:48.756  1887  1887 D DevicePolicyManager: updateSystemUpdateFreezePeriodsRecord
01-31 18:55:48.756  1887  1887 W SyncManager: Clock is valid now.
01-31 18:55:48.756  1887  1887 D ConditionProviders.SCP: onReceive android.intent.action.TIME_SET
01-31 18:55:48.756  1887  1887 D ConditionProviders.SCP: evaluateSubscriptionLocked cal=ScheduleCalendar[mDays={1, 2, 3, 4, 5, 6, 7}, mSchedule=ScheduleInfo{days=[1, 2, 3, 4, 5, 6, 7], startHour=22, startMinute=0, endHour=7, endMinute=0, exitAtAlarm=true, nextAlarm=Thu Jan 01 03:00:00 GMT+03:00 1970 (0)}], now=Thu Jan 31 18:55:48 GMT+03:00 2019 (1548950148756), nextUserAlarmTime=Thu Jan 01 03:00:00 GMT+03:00 1970 (0)
01-31 18:55:48.756  1887  1887 D ConditionProviders.SCP: notifyCondition condition://android/schedule?days=1.2.3.4.5.6.7&start=22.0&end=7.0&exitAtAlarm=true STATE_FALSE reason=!meetsSchedule
01-31 18:55:48.757  1887  1887 D ConditionProviders.SCP: Scheduling evaluate for Thu Jan 31 22:00:00 GMT+03:00 2019 (1548961200000), in +3h4m11s244ms, now=Thu Jan 31 18:55:48 GMT+03:00 2019 (1548950148756)
01-31 18:55:48.757  1887  2006 E ActivityThread: Failed to find provider info for com.android.calendar
01-31 18:55:48.762  2037  2037 D SystemUIBootTiming: StartServicescom.android.systemui.power.PowerUI took to complete: 12ms
01-31 18:55:48.783  1887  2006 E ActivityThread: Failed to find provider info for com.android.calendar
01-31 18:55:48.787  2037  2037 D SystemUIBootTiming: StartServicescom.android.systemui.media.RingtonePlayer took to complete: 24ms
01-31 18:55:48.790  2037  2037 D SystemUIBootTiming: StartServicescom.android.systemui.keyboard.KeyboardUI took to complete: 4ms
01-31 18:55:48.814  1887  1913 W WindowManager: App freeze timeout expired.
01-31 18:55:48.824  2037  2037 D SystemUIBootTiming: StartServicescom.android.systemui.pip.PipUI took to complete: 34ms
01-31 18:55:48.835  2037  2037 D SystemUIBootTiming: StartServicescom.android.systemui.shortcut.ShortcutKeyDispatcher took to complete: 11ms
01-31 18:55:48.860  2037  2037 D SystemUIBootTiming: StartServicescom.google.android.systemui.GoogleServices took to complete: 24ms
01-31 18:55:48.860  2037  2037 D SystemUIBootTiming: StartServicescom.android.systemui.util.leak.GarbageMonitor$Service took to complete: 1ms
01-31 18:55:48.861  2037  2037 D SystemUIBootTiming: StartServicescom.android.systemui.LatencyTester took to complete: 0ms
01-31 18:55:48.887  2037  2037 D SystemUIBootTiming: StartServicescom.android.systemui.globalactions.GlobalActionsComponent took to complete: 27ms
01-31 18:55:48.892  2037  2037 D SystemUIBootTiming: StartServicescom.android.systemui.ScreenDecorations took to complete: 4ms
01-31 18:55:48.938  2037  2037 D SystemUIBootTiming: StartServicescom.android.systemui.fingerprint.FingerprintDialogImpl took to complete: 45ms
01-31 18:55:48.967  2037  2037 D SystemUIBootTiming: StartServicescom.android.systemui.SliceBroadcastRelayHandler took to complete: 29ms
01-31 18:55:48.967  2037  2037 D SystemUIBootTiming: StartServices took to complete: 2817ms
01-31 18:55:49.248  1887  1899 W ActivityManager: Unable to start service Intent { act=android.intent.action.QUICKSTEP_SERVICE pkg=com.google.android.apps.nexuslauncher } U=0: not found
01-31 18:55:49.677  1887  1898 I WifiService: WifiService trying to set country code to us
01-31 15:55:49.796  1887  1887 D DevicePolicyManager: updateSystemUpdateFreezePeriodsRecord
01-31 15:55:49.796  1887  1887 D ConditionProviders.SCP: onReceive android.intent.action.TIME_SET
01-31 15:55:49.796  1887  1887 D ConditionProviders.SCP: evaluateSubscriptionLocked cal=ScheduleCalendar[mDays={1, 2, 3, 4, 5, 6, 7}, mSchedule=ScheduleInfo{days=[1, 2, 3, 4, 5, 6, 7], startHour=22, startMinute=0, endHour=7, endMinute=0, exitAtAlarm=true, nextAlarm=Thu Jan 01 03:00:00 GMT+03:00 1970 (0)}], now=Thu Jan 31 15:55:49 GMT+03:00 2019 (1548939349796), nextUserAlarmTime=Thu Jan 01 03:00:00 GMT+03:00 1970 (0)
01-31 15:55:49.796  1887  1887 D ConditionProviders.SCP: notifyCondition condition://android/schedule?days=1.2.3.4.5.6.7&start=22.0&end=7.0&exitAtAlarm=true STATE_FALSE reason=!meetsSchedule
01-31 15:55:49.796  1887  1887 D ConditionProviders.SCP: Scheduling evaluate for Thu Jan 31 22:00:00 GMT+03:00 2019 (1548961200000), in +6h4m10s204ms, now=Thu Jan 31 15:55:49 GMT+03:00 2019 (1548939349796)
01-31 15:55:49.797  1887  2006 E ActivityThread: Failed to find provider info for com.android.calendar
01-31 15:55:49.797  1887  2006 E ActivityThread: Failed to find provider info for com.android.calendar
01-31 15:55:50.032  1887  1996 D WifiService: New client listening to asynchronous messages
01-31 15:55:50.033  2037  2320 E ActivityThread: Failed to find provider info for com.android.contacts
01-31 15:55:50.102  1887  1898 I Telecom : PhoneAccountRegistrar: New phone account registered: [[ ] PhoneAccount: ComponentInfo{com.android.phone/com.android.services.telephony.TelephonyConnectionService}, ***, UserHandle{0} Capabilities: CallProvider MultiUser PlaceEmerg SimSub  Audio Routes: BESW Schemes: tel voicemail  Extras: Bundle[mParcelledData.dataSize=124] GroupId: ***]: TSI.rPA@AAo
01-31 15:55:50.130  1887  1898 I Telecom : CallsManager: Sending phone-account ComponentInfo{com.android.phone/com.android.services.telephony.TelephonyConnectionService}, ***, UserHandle{0} registered intent as user: TSI.rPA@AAo
01-31 15:55:50.130  1887  1898 I Telecom : CallsManager: Sending phone-account registered intent to default dialer: TSI.rPA@AAo
01-31 15:55:50.130  2110  2110 I TelecomFramework: AccountEntry: Registered phoneAccount: [[ ] PhoneAccount: ComponentInfo{com.android.phone/com.android.services.telephony.TelephonyConnectionService}, ***, UserHandle{0} Capabilities: CallProvider MultiUser PlaceEmerg SimSub  Audio Routes: BESW Schemes: tel voicemail  Extras: Bundle[{android.telecom.extra.SUPPORTS_VIDEO_CALLING_FALLBACK=true}] GroupId: ***] with handle: ComponentInfo{com.android.phone/com.android.services.telephony.TelephonyConnectionService}, ***, UserHandle{0}
01-31 15:55:50.131  2110  2110 I TelecomFramework: PstnIncomingCallNotifier: Registering: Handler (com.android.internal.telephony.GsmCdmaPhone) {bb56217}
01-31 15:55:50.188  2110  2110 I TelecomFramework: PstnIncomingCallNotifier: Unregistering: Handler (com.android.internal.telephony.GsmCdmaPhone) {bb56217}
01-31 15:55:50.233  1887  1898 W ActivityManager: Unable to start service Intent { act=com.google.android.gms.icing.LIGHTWEIGHT_INDEX_SERVICE pkg=com.google.android.gms } U=0: not found
01-31 15:55:50.233  1887  1898 W ActivityManager: Unbind failed: could not find connection for android.os.BinderProxy@d2d4215
01-31 15:55:50.238  1887  1898 I Telecom : PhoneAccountRegistrar: Modify account: [ComponentInfo{com.android.phone/com.android.services.telephony.TelephonyConnectionService}, ***, UserHandle{0}]: TSI.rPA@AA0
01-31 15:55:50.239  2110  2110 I TelecomFramework: AccountEntry: Registered phoneAccount: [[ ] PhoneAccount: ComponentInfo{com.android.phone/com.android.services.telephony.TelephonyConnectionService}, ***, UserHandle{0} Capabilities: CallProvider MultiUser PlaceEmerg SimSub  Audio Routes: BESW Schemes: tel voicemail  Extras: Bundle[{android.telecom.extra.SUPPORTS_VIDEO_CALLING_FALLBACK=true}] GroupId: ***] with handle: ComponentInfo{com.android.phone/com.android.services.telephony.TelephonyConnectionService}, ***, UserHandle{0}
01-31 15:55:50.239  2110  2110 I TelecomFramework: PstnIncomingCallNotifier: Registering: Handler (com.android.internal.telephony.GsmCdmaPhone) {bb56217}
01-31 15:55:50.503  2110  2110 I TelecomFramework: PstnPhoneCapabilitiesNotifier: handleVideoCapabilitesChanged. Video capability - false
01-31 15:55:50.504  2110  2110 I TelecomFramework: PstnPhoneCapabilitiesNotifier: handleVideoCapabilitesChanged. Video capability - false
01-31 15:55:50.540  1887  1899 I Telecom : PhoneAccountRegistrar: Modify account: [ComponentInfo{com.android.phone/com.android.services.telephony.TelephonyConnectionService}, ***, UserHandle{0}]: TSI.rPA@ABA
01-31 15:55:50.580  2110  2110 D MccTable: updateMccMncConfiguration mccmnc='310260' fromServiceState=false
01-31 15:55:50.605  2110  2110 D MccTable: updateMccMncConfiguration defaultMccMnc=
01-31 15:55:50.605  2110  2110 D MccTable: updateMccMncConfiguration: mcc=310, mnc=260
01-31 15:55:50.605  2110  2110 D MccTable: updateMccMncConfiguration updateConfig config={0.0 310mcc260mnc ?localeList ?layoutDir ?swdp ?wdp ?hdp ?density ?lsize ?long ?ldr ?wideColorGamut ?orien ?uimode ?night ?touch ?keyb/?/? ?nav/? winConfig={ mBounds=Rect(0, 0 - 0, 0) mAppBounds=null mWindowingMode=undefined mActivityType=undefined}}
01-31 15:55:50.605  1887  1899 I ActivityManager: Config changes=3 {1.0 310mcc260mnc [en_US] ldltr sw411dp w411dp h659dp 420dpi nrml port finger -keyb/h/h -nav/h winConfig={ mBounds=Rect(0, 0 - 0, 0) mAppBounds=Rect(0, 0 - 1080, 1794) mWindowingMode=fullscreen mActivityType=undefined} s.6}
01-31 15:55:50.613  1887  1903 I UsageStatsService: Time changed in UsageStats by -10799 seconds
01-31 15:55:50.613  1887  1903 I UsageStatsService: User[0] Flushing usage stats to disk
01-31 15:55:50.648  1887  1899 I ActivityManager: Override config changes=3 {1.0 310mcc260mnc [en_US] ldltr sw411dp w411dp h659dp 420dpi nrml port finger -keyb/h/h -nav/h winConfig={ mBounds=Rect(0, 0 - 1080, 1794) mAppBounds=Rect(0, 0 - 1080, 1794) mWindowingMode=fullscreen mActivityType=undefined} s.6} for displayId=0
01-31 15:55:50.682  1887  1887 V SettingsProvider: Notifying for 0: content://settings/global/audio_safe_volume_state
01-31 15:55:50.705  1887  2164 W LocalDisplayAdapter: Unable to find color mode 0, ignoring request.
01-31 15:55:50.779  1887  1942 W LocalDisplayAdapter: Unable to find color mode 0, ignoring request.
01-31 15:55:50.813  1887  1903 I UsageStatsDatabase: Time changed by -2h59m59s811ms. files deleted: 0 files moved: 4
01-31 15:55:50.814  1887  1903 I UsageStatsService: User[0] Rollover scheduled @ 2019-02-01 12:55:39(1549025739380)
01-31 15:55:50.877  1887  1887 V SettingsProvider: Notifying for 0: content://settings/system/hide_rotation_lock_toggle_for_accessibility
01-31 15:55:50.881  2110  2110 I TelecomFramework: PstnIncomingCallNotifier: Unregistering: Handler (com.android.internal.telephony.GsmCdmaPhone) {bb56217}
01-31 15:55:50.906  1887  1887 V SettingsProvider: Notifying for 0: content://settings/system/user_rotation
01-31 15:55:50.921  1887  1899 I Telecom : PhoneAccountRegistrar: Modify account: [ComponentInfo{com.android.phone/com.android.services.telephony.TelephonyConnectionService}, ***, UserHandle{0}(addr: tel:************ -> tel:)(subAddr: tel:************ -> tel:)]: TSI.rPA@ABE
01-31 15:55:50.923  2110  2110 I TelecomFramework: AccountEntry: Registered phoneAccount: [[ ] PhoneAccount: ComponentInfo{com.android.phone/com.android.services.telephony.TelephonyConnectionService}, ***, UserHandle{0} Capabilities: CallProvider MultiUser PlaceEmerg SimSub  Audio Routes: BESW Schemes: tel voicemail  Extras: Bundle[{android.telecom.extra.SUPPORTS_VIDEO_CALLING_FALLBACK=true}] GroupId: ***] with handle: ComponentInfo{com.android.phone/com.android.services.telephony.TelephonyConnectionService}, ***, UserHandle{0}
01-31 15:55:50.923  2110  2110 I TelecomFramework: PstnIncomingCallNotifier: Registering: Handler (com.android.internal.telephony.GsmCdmaPhone) {bb56217}
01-31 15:55:50.944  2110  2110 I TelecomFramework: PstnPhoneCapabilitiesNotifier: handleVideoCapabilitesChanged. Video capability - false
01-31 15:55:50.951  1887  1899 I Telecom : PhoneAccountRegistrar: Modify account: [ComponentInfo{com.android.phone/com.android.services.telephony.TelephonyConnectionService}, ***, UserHandle{0}]: TSI.rPA@ABQ
01-31 15:55:51.049  2110  2331 D MccTable: updateMccMncConfiguration mccmnc='310260' fromServiceState=false
01-31 15:55:51.049  2110  2331 D MccTable: updateMccMncConfiguration defaultMccMnc=310260
01-31 15:55:51.049  2110  2331 D MccTable: updateMccMncConfiguration: mcc=310, mnc=260
01-31 15:55:51.049  2110  2331 D MccTable: updateMccMncConfiguration updateConfig config={0.0 310mcc260mnc ?localeList ?layoutDir ?swdp ?wdp ?hdp ?density ?lsize ?long ?ldr ?wideColorGamut ?orien ?uimode ?night ?touch ?keyb/?/? ?nav/? winConfig={ mBounds=Rect(0, 0 - 0, 0) mAppBounds=null mWindowingMode=undefined mActivityType=undefined}}
01-31 15:55:51.059  2110  2110 I TelecomFramework: PstnIncomingCallNotifier: Unregistering: Handler (com.android.internal.telephony.GsmCdmaPhone) {bb56217}
01-31 15:55:51.116  1887  1887 V SettingsProvider: Notifying for 0: content://settings/global/multi_sim_data_call
01-31 15:55:51.120  1887  1887 V SettingsProvider: Notifying for 0: content://settings/global/multi_sim_sms
01-31 15:55:51.122  1887  1898 I Telecom : PhoneAccountRegistrar: New phone account registered: [[ ] PhoneAccount: ComponentInfo{com.android.phone/com.android.services.telephony.TelephonyConnectionService}, ***, UserHandle{0} Capabilities: CallProvider MultiUser PlaceEmerg SimSub  Audio Routes: BESW Schemes: tel voicemail  Extras: Bundle[mParcelledData.dataSize=124] GroupId: ***]: TSI.rPA@ABU
01-31 15:55:51.123  1887  1898 I Telecom : CallsManager: Sending phone-account ComponentInfo{com.android.phone/com.android.services.telephony.TelephonyConnectionService}, ***, UserHandle{0} registered intent as user: TSI.rPA@ABU
01-31 15:55:51.123  1887  1898 I Telecom : CallsManager: Sending phone-account registered intent to default dialer: TSI.rPA@ABU
01-31 15:55:51.124  2110  2110 I TelecomFramework: AccountEntry: Registered phoneAccount: [[ ] PhoneAccount: ComponentInfo{com.android.phone/com.android.services.telephony.TelephonyConnectionService}, ***, UserHandle{0} Capabilities: CallProvider MultiUser PlaceEmerg SimSub  Audio Routes: BESW Schemes: tel voicemail  Extras: Bundle[{android.telecom.extra.SUPPORTS_VIDEO_CALLING_FALLBACK=true}] GroupId: ***] with handle: ComponentInfo{com.android.phone/com.android.services.telephony.TelephonyConnectionService}, ***, UserHandle{0}
01-31 15:55:51.124  2110  2110 I TelecomFramework: PstnIncomingCallNotifier: Registering: Handler (com.android.internal.telephony.GsmCdmaPhone) {bb56217}
01-31 15:55:51.124  1887  1887 V SettingsProvider: Notifying for 0: content://settings/global/multi_sim_voice_call
01-31 15:55:51.126  2110  2110 I TelecomFramework: TelecomAccountRegistry: Unregistering phone account ComponentInfo{com.android.phone/com.android.services.telephony.TelephonyConnectionService}, ***, UserHandle{0}.
01-31 15:55:51.127  1887  1898 I Telecom : CallsManager: Sending phone-account ComponentInfo{com.android.phone/com.android.services.telephony.TelephonyConnectionService}, ***, UserHandle{0} unregistered intent as user: TSI.uPA@ABc
01-31 15:55:51.127  1887  1898 I Telecom : CallsManager: Sending phone-account unregistered intent to default dialer: TSI.uPA@ABc
01-31 15:55:51.142  1887  1906 I ActivityManager: Start proc 2388:com.android.cellbroadcastreceiver/u0a18 for broadcast com.android.cellbroadcastreceiver/.CellBroadcastReceiver
01-31 15:55:51.226  2110  2110 I TelecomFramework: PstnPhoneCapabilitiesNotifier: handleVideoCapabilitesChanged. Video capability - false
01-31 15:55:51.317  1887  1899 I Telecom : PhoneAccountRegistrar: Modify account: [ComponentInfo{com.android.phone/com.android.services.telephony.TelephonyConnectionService}, ***, UserHandle{0}]: TSI.rPA@ABk
01-31 15:55:51.438  1887  1913 W WindowManager: Window freeze timeout expired.
01-31 15:55:51.452  1887  1913 W WindowManager: Force clearing orientation change: Window{b5d4dd9 u0 NavigationBar}
01-31 15:55:51.452  1887  1913 W WindowManager: Force clearing orientation change: Window{549af03 u0 StatusBar}
01-31 15:55:51.452  1887  1913 W WindowManager: Force clearing orientation change: Window{fd1f3fc u0 com.android.systemui.ImageWallpaper}
01-31 15:55:51.634  2110  2110 I TelecomFramework: PstnIncomingCallNotifier: Unregistering: Handler (com.android.internal.telephony.GsmCdmaPhone) {bb56217}
01-31 15:55:51.635  1887  1994 I NetworkPolicy: No policy for subscriber 310260...; generating default policy
01-31 15:55:51.706  1887  1898 I Telecom : PhoneAccountRegistrar: Modify account: [ComponentInfo{com.android.phone/com.android.services.telephony.TelephonyConnectionService}, ***, UserHandle{0}]: TSI.rPA@ABo
01-31 15:55:51.708  2110  2110 I TelecomFramework: AccountEntry: Registered phoneAccount: [[ ] PhoneAccount: ComponentInfo{com.android.phone/com.android.services.telephony.TelephonyConnectionService}, ***, UserHandle{0} Capabilities: CallProvider MultiUser PlaceEmerg SimSub  Audio Routes: BESW Schemes: tel voicemail  Extras: Bundle[{android.telecom.extra.SUPPORTS_VIDEO_CALLING_FALLBACK=true}] GroupId: ***] with handle: ComponentInfo{com.android.phone/com.android.services.telephony.TelephonyConnectionService}, ***, UserHandle{0}
01-31 15:55:51.708  2110  2110 I TelecomFramework: PstnIncomingCallNotifier: Registering: Handler (com.android.internal.telephony.GsmCdmaPhone) {bb56217}
01-31 15:55:51.731  1887  1898 W ContextImpl: Calling a method in the system process without a qualified user: android.app.ContextImpl.sendBroadcastAsUserMultiplePermissions:1053 com.android.server.TelephonyRegistry.broadcastCallStateChanged:1602 com.android.server.TelephonyRegistry.notifyCallStateForPhoneId:793 com.android.internal.telephony.ITelephonyRegistry$Stub.onTransact:122 android.os.Binder.execTransact:731 
01-31 15:55:51.739  2110  2331 D MccTable: updateMccMncConfiguration mccmnc='310260' fromServiceState=false
01-31 15:55:51.758  2110  2331 D MccTable: updateMccMncConfiguration defaultMccMnc=310260
01-31 15:55:51.758  2110  2331 D MccTable: updateMccMncConfiguration: mcc=310, mnc=260
01-31 15:55:51.758  2110  2331 D MccTable: updateMccMncConfiguration updateConfig config={0.0 310mcc260mnc ?localeList ?layoutDir ?swdp ?wdp ?hdp ?density ?lsize ?long ?ldr ?wideColorGamut ?orien ?uimode ?night ?touch ?keyb/?/? ?nav/? winConfig={ mBounds=Rect(0, 0 - 0, 0) mAppBounds=null mWindowingMode=undefined mActivityType=undefined}}
01-31 15:55:52.009  1887  1887 V SettingsProvider: Notifying for 0: content://settings/global/sysui_demo_allowed
01-31 15:55:52.048  1887  1887 V SettingsProvider: Notifying for 0: content://settings/secure/sysui_volume_up_silent
01-31 15:55:52.049  1887  1887 V SettingsProvider: Notifying for 0: content://settings/secure/accessibility_display_inversion_enabled
01-31 15:55:52.049  1887  1887 V SettingsProvider: Notifying for 0: content://settings/secure/keyguard_slice_uri
01-31 15:55:52.050  1887  1887 V SettingsProvider: Notifying for 0: content://settings/secure/sysui_qs_fancy_anim
01-31 15:55:52.050  1887  1887 V SettingsProvider: Notifying for 0: content://settings/secure/sysui_do_not_disturb
01-31 15:55:52.051  1887  1887 V SettingsProvider: Notifying for 0: content://settings/secure/overview_nav_bar_gesture
01-31 15:55:52.051  1887  1887 V SettingsProvider: Notifying for 0: content://settings/secure/clock_seconds
01-31 15:55:52.051  1887  1887 V SettingsProvider: Notifying for 0: content://settings/secure/sysui_qqs_count
01-31 15:55:52.115  1887  2250 D ConnectivityService: registerNetworkAgent NetworkAgentInfo{ ni{[type: MOBILE[LTE], state: CONNECTED/CONNECTED, reason: connected, extra: epc.tmobile.com, failover: false, available: true, roaming: false]}  network{100}  nethandle{432902426637}  lp{{InterfaceName: radio0 LinkAddresses: [192.168.200.2/24,fe80::479:c0ff:fe9a:5fcc/64,fec0::479:c0ff:fe9a:5fcc/64,fec0::b001:3eb9:fa9b:6076/64,]  Routes: [0.0.0.0/0 -> 192.168.200.1 radio0,192.168.200.0/24 -> 0.0.0.0 radio0,fe80::/64 -> :: radio0,fec0::/64 -> :: radio0,] DnsAddresses: [10.0.2.3,] UsePrivateDns: false PrivateDnsServerName: null Domains: null MTU: 1500 TcpBufferSizes: 524288,1048576,2097152,262144,524288,1048576}}  nc{[ Transports: CELLULAR Capabilities: MMS&SUPL&DUN&FOTA&IMS&CBS&IA&INTERNET&NOT_RESTRICTED&TRUSTED&NOT_VPN&NOT_ROAMING&FOREGROUND&NOT_CONGESTED&NOT_SUSPENDED Unwanted:  LinkUpBandwidth>=51200Kbps LinkDnBandwidth>=102400Kbps Specifier: <1>]}  Score{10}  everValidated{false}  lastValidated{false}  created{false} lingering{false} explicitlySelected{false} acceptUnvalidated{false} everCaptivePortalDetected{false} lastCaptivePortalDetected{false} clat{null} }
01-31 15:55:52.116  1887  2000 D ConnectivityService: NetworkAgentInfo [MOBILE (LTE) - 100] EVENT_NETWORK_INFO_CHANGED, going from null to CONNECTED
01-31 15:55:52.116  1887  2000 W DnsManager: updatePrivateDns(100, PrivateDnsConfig{true:/[]})
01-31 15:55:52.116  1887  2000 D ConnectivityService: Setting DNS servers for network 100 to [/10.0.2.3]
01-31 15:55:52.116  1887  2000 D DnsManager: setDnsConfigurationForNetwork(100, [10.0.2.3], [], [1800, 25, 8, 64], , [10.0.2.3])
01-31 15:55:52.118  1887  1887 V SettingsProvider: Notifying for 0: content://settings/secure/sysui_qs_move_whole_rows
01-31 15:55:52.119  1887  2000 D ConnectivityService: Adding iface radio0 to network 100
--------- beginning of main
01-31 15:55:52.135  2110  2110 D CallNotifier: updatePhoneStateListeners: update CF notifications.
01-31 15:55:52.135  2110  2110 I NotificationMgr: updateMwi(): subId 1 update to false
01-31 15:55:52.138  2110  2110 I CallNotifier: onCallForwardingIndicatorChanged(): subId=1, visible=N
01-31 15:55:52.146  1887  2000 E ConnectivityService: exception in setMtu()java.lang.IllegalStateException: command '32 interface setmtu radio0 1500' failed with '400 32 Failed to set MTU (Permission denied)'
01-31 15:55:52.151  1887  1887 V SettingsProvider: Notifying for 0: content://settings/secure/sysui_volume_down_silent
01-31 15:55:52.169  1887  1906 I ActivityManager: Start proc 2419:com.google.android.dialer/u0a27 for broadcast com.google.android.dialer/com.android.dialer.app.voicemail.LegacyVoicemailNotificationReceiver
01-31 15:55:52.170  1887  2000 D ConnectivityService: Setting DNS servers for network 100 to [/10.0.2.3]
01-31 15:55:52.170  1887  2000 D DnsManager: setDnsConfigurationForNetwork(100, [10.0.2.3], [], [1800, 25, 8, 64], , [10.0.2.3])
01-31 15:55:52.177  1887  2000 I chatty  : uid=1000(system) ConnectivitySer expire 9 lines
01-31 15:55:52.180  1887  1887 V SettingsProvider: Notifying for 0: content://settings/secure/sysui_keyguard_right
01-31 15:55:52.190  2110  2110 D CallNotifier: updatePhoneStateListeners: update CF notifications.
01-31 15:55:52.204  2110  2110 I NotificationMgr: updateCfi: subId= 1, visible=N
01-31 15:55:52.210  1887  1887 V SettingsProvider: Notifying for 0: content://settings/secure/sysui_keyguard_left
01-31 15:55:52.210  2110  2110 I NotificationMgr: updateMwi(): subId 1 update to false
01-31 15:55:52.211  2419  2419 W .android.diale: Unexpected CPU variant for X86 using defaults: x86
01-31 15:55:52.223  1887  2000 D ConnectivityService: Switching to new default network: NetworkAgentInfo{ ni{[type: MOBILE[LTE], state: CONNECTED/CONNECTED, reason: connected, extra: epc.tmobile.com, failover: false, available: true, roaming: false]}  network{100}  nethandle{432902426637}  lp{{InterfaceName: radio0 LinkAddresses: [192.168.200.2/24,fe80::479:c0ff:fe9a:5fcc/64,fec0::479:c0ff:fe9a:5fcc/64,fec0::b001:3eb9:fa9b:6076/64,]  Routes: [0.0.0.0/0 -> 192.168.200.1 radio0,192.168.200.0/24 -> 0.0.0.0 radio0,fe80::/64 -> :: radio0,fec0::/64 -> :: radio0,] DnsAddresses: [10.0.2.3,] UsePrivateDns: false PrivateDnsServerName: null Domains: null MTU: 1500 TcpBufferSizes: 524288,1048576,2097152,262144,524288,1048576}}  nc{[ Transports: CELLULAR Capabilities: MMS&SUPL&DUN&FOTA&IMS&CBS&IA&INTERNET&NOT_RESTRICTED&TRUSTED&NOT_VPN&NOT_ROAMING&FOREGROUND&NOT_CONGESTED&NOT_SUSPENDED Unwanted:  LinkUpBandwidth>=51200Kbps LinkDnBandwidth>=102400Kbps Specifier: <1>]}  Score{10}  everValidated{false}  lastValidated{false}  created{true} lingering{false} explicitlySelected{false} acceptUnvalidated{false} everCaptivePortalDetected{false} lastCaptivePortalDetected{false} clat{null} }
01-31 15:55:52.241  1887  1887 V SettingsProvider: Notifying for 0: content://settings/secure/sysui_rounded_content_padding
01-31 15:55:52.246  1887  1887 V SettingsProvider: Notifying for 0: content://settings/secure/icon_blacklist
01-31 15:55:52.248  2110  2110 I ImsExternalCallTracker: handleVideoCapabilitiesChanged : isVideoCapable = false
01-31 15:55:52.248  2110  2110 D ImsExternalCallTracker: refreshCallPullState
01-31 15:55:52.249  2110  2110 I TelecomFramework: PstnPhoneCapabilitiesNotifier: handleVideoCapabilitesChanged. Video capability - false
01-31 15:55:52.254  1887  1887 V SettingsProvider: Notifying for 0: content://settings/secure/sysui_nav_bar_left
01-31 15:55:52.289  1887  2087 I chatty  : uid=1000(system) NetworkTimeUpda expire 3 lines
01-31 15:55:52.291  1887  1887 V SettingsProvider: Notifying for 0: content://settings/secure/qs_show_brightness
01-31 15:55:52.304  1887  1887 V SettingsProvider: Notifying for 0: content://settings/secure/sysui_nav_bar
01-31 15:55:52.311  1887  2000 D ConnectivityService: Sending CONNECTED broadcast for type 0 NetworkAgentInfo [MOBILE (LTE) - 100] isDefaultNetwork=true
01-31 15:55:52.314  1887  1887 I SyncManager: Loaded persisted syncs: 0 periodic syncs, 0 oneshot syncs, 7 total system server jobs, JobStats: FirstLoad: 0/0/0 LastSave: 2/0/0
01-31 15:55:52.322  1887  2250 I Telecom : PhoneAccountRegistrar: Modify account: [ComponentInfo{com.android.phone/com.android.services.telephony.TelephonyConnectionService}, ***, UserHandle{0}]: TSI.rPA@ACE
01-31 15:55:52.323  2110  2110 I CallNotifier: onCallForwardingIndicatorChanged(): subId=1, visible=N
01-31 15:55:52.324  2110  2110 D CallNotifier: updatePhoneStateListeners: update CF notifications.
01-31 15:55:52.324  2110  2110 I NotificationMgr: updateCfi: subId= 1, visible=N
