01-31 18:33:26.048  1740  1833 W OMXUtils: do not know color format 0x7f000789 = 2130708361
01-31 18:33:26.048  1745  2146 E OMXNodeInstance: getConfig(0xeb7a6d80:google.mpeg4.encoder, ConfigAndroidIntraRefresh(0x6f60000a)) ERROR: Undefined(0x80001001)
01-31 18:33:26.050  1890  1890 I system_server: The ClassLoaderContext is a special shared library.
01-31 18:33:26.053  1890  1890 I system_server: The ClassLoaderContext is a special shared library.
01-31 18:33:26.059  1890  2046 I Zygote  : Process: zygote socket ABSTRACT/com.android.internal.os.WebViewZygoteInit/ff43c7cc-de87-4783-b112-b7fa4d27ebc1 opened, supported ABIS: x86
01-31 18:33:26.059  1890  2046 D WebViewZygote: Preloading package /system/app/Chrome/Chrome.apk /system/app/Chrome/lib/x86:/system/app/Chrome/Chrome.apk!/lib/x86
01-31 18:33:26.060  1740  1833 I OMXClient: IOmx service obtained
01-31 18:33:26.061  1745  2146 I OMXMaster: makeComponentInstance(OMX.google.vp8.encoder) in omx@1.0-service process
01-31 18:33:26.062  2041  2041 D OpenGLRenderer: Skia GL Pipeline
01-31 18:33:26.064  1890  1906 D GnssLocationProvider: gnssSetCapabilitesCb: 0u
01-31 18:33:26.077  1890  2046 I Zygote  : Process: zygote socket ABSTRACT/com.android.internal.os.WebViewZygoteInit/ff43c7cc-de87-4783-b112-b7fa4d27ebc1 opened, supported ABIS: x86
01-31 18:33:26.083  1740  1833 W OMXUtils: do not know color format 0x7f000789 = 2130708361
01-31 18:33:26.083  1745  2146 E OMXNodeInstance: getConfig(0xeb7a6d80:google.vp8.encoder, ConfigAndroidIntraRefresh(0x6f60000a)) ERROR: Undefined(0x80001001)
01-31 18:33:26.083  2032  2032 I ModuleManager: Adding [App_UserUnlocked] NotificationListener for module com.google.android.apps.inputmethod.libs.voiceime.VoiceImeExtension
01-31 18:33:26.083  2032  2032 I ModuleManager: Unexpected key 'com.google.android.gms.version' does not match 'module:'
01-31 18:33:26.084  2032  2032 I ModuleManager: Key 'module:com.google.android.apps.inputmethod.libs.search.IEmojiSearchExtension' has value 'res/xml/extension_emoji_search.xml'
01-31 18:33:26.085  2032  2032 I ModuleManager: Adding [GIMS_UserUnlocked] NotificationListener for module com.google.android.apps.inputmethod.libs.search.emoji.EmojiSearchExtension
01-31 18:33:26.085  2032  2032 I ModuleManager: Key 'module:com.google.android.apps.inputmethod.libs.textediting.ITextEditingExtension' has value 'res/xml/extension_text_editing.xml'
01-31 18:33:26.086  2032  2032 I ModuleManager: Adding [GIMS_UserUnlocked] NotificationListener for module com.google.android.apps.inputmethod.libs.textediting.TextEditingExtension
01-31 18:33:26.086  2032  2032 I ModuleManager: Key 'module:com.google.android.apps.inputmethod.libs.search.IGifEntryPointCandidateExtension' has value 'res/xml/extension_gif_entry_point_candidate.xml'
01-31 18:33:26.086  2032  2032 I ModuleManager: Adding [GIMS_UserUnlocked] NotificationListener for module com.google.android.apps.inputmethod.libs.search.gif.GifEntryPointCandidateExtension
01-31 18:33:26.086  2032  2032 I ModuleManager: Key 'module:com.google.android.apps.inputmethod.libs.search.IBitmojiExtension' has value 'res/xml/extension_bitmoji.xml'
01-31 18:33:26.087  2032  2032 I ModuleManager: Adding [GIMS_UserUnlocked] NotificationListener for module com.google.android.apps.inputmethod.libs.search.sticker.BitmojiExtension
01-31 18:33:26.087  2032  2032 I ModuleManager: Key 'module:com.google.android.apps.inputmethod.libs.search.IFeatureCardNoticeExtension' has value 'res/xml/extension_feature_notice.xml'
01-31 18:33:26.088  2032  2032 I ModuleManager: Adding [GIMS_UserUnlocked] NotificationListener for module com.google.android.apps.inputmethod.libs.search.nativecard.FeatureCardNoticeExtension
01-31 18:33:26.088  1890  1902 W AccountManagerService: Blocking binding to authenticator ComponentInfo{com.google.android.gms/com.google.android.gms.auth.account.authenticator.GoogleAccountAuthenticatorService} which isn't encryption aware
01-31 18:33:26.088  2032  2032 I LatinApp: onCreate()
01-31 18:33:26.088  1890  1902 D AccountManagerService: bind attempt failed for Session: expectLaunch false, connected false, stats (0/0/0), lifetime 0.0, getAccountsByTypeAndFeatures, service_usm
01-31 18:33:26.089  1890  1906 D GnssLocationProvider: gnssSetSystemInfoCb: yearOfHw=2015
01-31 18:33:26.090  1890  1902 I ActivityManager: START u0 {act=android.intent.action.MAIN cat=[android.intent.category.HOME] flg=0x10000100 cmp=com.android.settings/.FallbackHome} from uid 0
01-31 18:33:26.092  1890  1906 E GnssLocationProvider: Unable to initialize GNSS Xtra interface
01-31 18:33:26.092  1890  1906 I GnssLocationProvider: Unable to Initialize AGnss interface
01-31 18:33:26.092  1890  1906 I GnssLocationProvider: Unable to initialize GNSS Geofencing interface
01-31 18:33:26.092  1890  1906 I GnssLocationProvider: Unable to initialize GNSS NI interface
01-31 18:33:26.092  1890  1906 I GnssLocationProvider: Unable to Initialize AGnss Ril interface
01-31 18:33:26.094  1890  2019 I GnssLocationProvider: WakeLock acquired by sendMessage(REPORT_SV_STATUS, 0, com.android.server.location.GnssLocationProvider$SvStatusInfo@18bc735)
01-31 18:33:26.114  1890  1909 I ActivityManager: Start proc 2239:com.android.settings/1000 for activity com.android.settings/.FallbackHome
01-31 18:33:26.115  2067  2067 I WebViewZygoteInit: Beginning package preload
01-31 18:33:26.116  2179  2179 E ActivityThread: Failed to find provider info for com.google.android.gsf.gservices
01-31 18:33:26.119  1734  1734 D incidentd: Start uploading backlogs in /data/misc/incidents/
01-31 18:33:26.119  1734  1734 D incidentd: Successfully uploaded 0 files to Dropbox.
01-31 18:33:26.120  1890  1890 D GpsNetInitiatedHandler: location enabled :true
01-31 18:33:26.120  1890  1890 V WiredAccessoryManager: notifyWiredAccessoryChanged: when=0 bits= mask=54
01-31 18:33:26.120  1890  1890 V WiredAccessoryManager: newName=h2w newState=0 headsetState=0 prev headsetState=0
01-31 18:33:26.120  1890  1890 E WiredAccessoryManager: No state change.
01-31 18:33:26.120  1890  1890 V WiredAccessoryManager: init()
01-31 18:33:26.123  2179  2179 I SetupWizard: [PreDeferredLifecycleScheduler] Scheduled job#2650 to run at Thu Jan 31 15:33:27 GMT 2019
01-31 18:33:26.125  2067  2067 I webview_zygote: The ClassLoaderContext is a special shared library.
01-31 18:33:26.127  1890  1906 E GnssLocationProvider: no AGPS interface in set_agps_server
01-31 18:33:26.127  1740  1833 D MediaCodecList: ignored a null builder
01-31 18:33:26.129  1890  2103 I OMXClient: IOmx service obtained
01-31 18:33:26.129  1745  1745 I OMXMaster: makeComponentInstance(OMX.google.vorbis.decoder) in omx@1.0-service process
01-31 18:33:26.131  1745  1745 E OMXNodeInstance: getConfig(0xeb7a6ea0:google.vorbis.decoder, ConfigAndroidVendorExtension(0x6f100004)) ERROR: Undefined(0x80001001)
01-31 18:33:26.132  2041  2227 I OMXClient: IOmx service obtained
01-31 18:33:26.132  1745  2184 I OMXMaster: makeComponentInstance(OMX.google.vorbis.decoder) in omx@1.0-service process
01-31 18:33:26.133  1745  1797 E OMXNodeInstance: getConfig(0xeb7a6e40:google.vorbis.decoder, ConfigAndroidVendorExtension(0x6f100004)) ERROR: Undefined(0x80001001)
01-31 18:33:26.134  1566  1566 W AshmemAllocator: ashmem_create_region(32768) returning hidl_memory(0xea99c180, 32768)
01-31 18:33:26.136  1890  1906 I GnssLocationProvider: WakeLock released by handleMessage(INITIALIZE_HANDLER, 0, null)
01-31 18:33:26.136  1578  1578 W GnssHAL_GnssInterface: setCallback called more than once. Unexpected unless test.
01-31 18:33:26.136  1890  1906 D GnssLocationProvider: gnssSetSystemInfoCb: yearOfHw=2015
01-31 18:33:26.136  1566  1566 W AshmemAllocator: ashmem_create_region(32768) returning hidl_memory(0xea99c180, 32768)
01-31 18:33:26.136  1890  1906 D GnssLocationProvider: gnssSetCapabilitesCb: 0u
01-31 18:33:26.136  1890  1906 D GnssLocationProvider: gnssSetSystemInfoCb: yearOfHw=2015
01-31 18:33:26.137  1890  1906 E GnssLocationProvider: Unable to initialize GNSS Xtra interface
01-31 18:33:26.137  1890  1906 I GnssLocationProvider: Unable to Initialize AGnss interface
01-31 18:33:26.137  1890  1906 I GnssLocationProvider: Unable to initialize GNSS Geofencing interface
01-31 18:33:26.137  1890  1906 I GnssLocationProvider: Unable to initialize GNSS NI interface
01-31 18:33:26.137  1890  1906 I GnssLocationProvider: Unable to Initialize AGnss Ril interface
01-31 18:33:26.137  1890  1906 E GnssLocationProvider: no AGPS interface in set_agps_server
01-31 18:33:26.137  1890  1906 E GnssBatchingProvider: Failed to initialize GNSS batching
01-31 18:33:26.137  1890  1906 I GnssLocationProvider: WakeLock released by handleMessage(ENABLE, 1, null)
01-31 18:33:26.138  1890  1906 W LocationProviderProxy-network: Odd, no component found for service com.android.location.service.v3.NetworkLocationProvider
01-31 18:33:26.139  1890  1906 W GeocoderProxy: Odd, no component found for service com.android.location.service.GeocodeProvider
01-31 18:33:26.142  1566  1566 W AshmemAllocator: ashmem_create_region(32768) returning hidl_memory(0xea99c180, 32768)
01-31 18:33:26.143  1566  1566 I chatty  : uid=1000(system) allocator@1.0-s identical 5 lines
01-31 18:33:26.143  1566  1566 W AshmemAllocator: ashmem_create_region(32768) returning hidl_memory(0xea99c180, 32768)
01-31 18:33:26.143  1890  1906 W GeofenceProxy: Odd, no component found for service com.android.location.service.GeofenceProvider
01-31 18:33:26.143  1890  1906 W ActivityRecognitionProxy: Odd, no component found for service com.android.location.service.ActivityRecognitionProvider
01-31 18:33:26.144  1890  1906 I GnssLocationProvider: restartRequests
01-31 18:33:26.145  1890  1906 I GnssLocationProvider: WakeLock released by handleMessage(REPORT_SV_STATUS, 0, com.android.server.location.GnssLocationProvider$SvStatusInfo@18bc735)
01-31 18:33:26.145  1890  1906 I GnssLocationProvider: No GNSS Satellite Blacklist interface available
01-31 18:33:26.145  1890  1906 I GnssLocationProvider: restartRequests
01-31 18:33:26.165  1890  1890 V NotificationListeners: enabling notification listener for 0: ComponentInfo{com.google.android.apps.restore/com.google.android.apps.pixelmigrate.component.NotificationConsolidatorService}
01-31 18:33:26.165  1890  1890 V NotificationListeners: binding: Intent { act=android.service.notification.NotificationListenerService cmp=com.google.android.apps.restore/com.google.android.apps.pixelmigrate.component.NotificationConsolidatorService (has extras) }
01-31 18:33:26.166  1890  1890 W ActivityManager: Unable to start service Intent { act=android.service.notification.NotificationListenerService cmp=com.google.android.apps.restore/com.google.android.apps.pixelmigrate.component.NotificationConsolidatorService } U=0: not found
01-31 18:33:26.166  1890  1890 W NotificationListeners: Unable to bind notification listener service: Intent { act=android.service.notification.NotificationListenerService cmp=com.google.android.apps.restore/com.google.android.apps.pixelmigrate.component.NotificationConsolidatorService (has extras) }
01-31 18:33:26.166  1890  1890 V NotificationAssistants: enabling notification assistant for 0: ComponentInfo{com.google.android.ext.services/android.ext.services.notification.Assistant}
01-31 18:33:26.168  1890  1890 V NotificationAssistants: binding: Intent { act=android.service.notification.NotificationAssistantService cmp=com.google.android.ext.services/android.ext.services.notification.Assistant (has extras) }
01-31 18:33:26.170  1569  1652 W DeviceHAL: Error from HAL Device in function set_mic_mute: Function not implemented
01-31 18:33:26.173  2239  2239 W ndroid.setting: Unexpected CPU variant for X86 using defaults: x86
01-31 18:33:26.179  1566  1566 W AshmemAllocator: ashmem_create_region(32768) returning hidl_memory(0xea99c180, 32768)
01-31 18:33:26.199  1566  1566 I chatty  : uid=1000(system) allocator@1.0-s identical 13 lines
01-31 18:33:26.200  1566  1566 W AshmemAllocator: ashmem_create_region(32768) returning hidl_memory(0xea99c180, 32768)
01-31 18:33:26.218  1890  2003 I WifiScanningService: wifi driver unloaded
01-31 18:33:26.220  1890  1890 D WifiP2pService: Wifi enabled=true, P2P Interface availability=true, Number of clients=0
01-31 18:33:26.235  1890  1890 D WifiP2pService: Wifi enabled=true, P2P Interface availability=true
01-31 18:33:26.237  1890  2003 E WifiVendorHal: getBgScanCapabilities(l.671) failed {.code = ERROR_NOT_SUPPORTED, .description = }
01-31 18:33:26.239  1890  2256 I OMXClient: IOmx service obtained
01-31 18:33:26.239  1745  2249 I OMXMaster: makeComponentInstance(OMX.google.vorbis.decoder) in omx@1.0-service process
01-31 18:33:26.240  1890  1890 V SettingsProvider: Notifying for 0: content://settings/secure/enabled_notification_listeners
01-31 18:33:26.240  1890  1890 V SettingsProvider: Notifying for 0: content://settings/secure/enabled_notification_assistant
01-31 18:33:26.240  1890  1890 V SettingsProvider: Notifying for 0: content://settings/secure/enabled_notification_policy_access_packages
01-31 18:33:26.240  1890  2003 I WifiScanningService: wifi driver loaded with scan capabilities: max buckets=16
01-31 18:33:26.242  1745  2249 E OMXNodeInstance: getConfig(0xeb0ac360:google.vorbis.decoder, ConfigAndroidVendorExtension(0x6f100004)) ERROR: Undefined(0x80001001)
01-31 18:33:26.243  1566  1566 W AshmemAllocator: ashmem_create_region(32768) returning hidl_memory(0xea99c180, 32768)
01-31 18:33:26.245  1890  1890 V SettingsProvider: Notifying for 0: content://settings/global/zen_mode_config_etag
01-31 18:33:26.245  1890  1890 D ConditionProviders.SCP: onSubscribe condition://android/schedule?days=1.2.3.4.5.6.7&start=22.0&end=7.0&exitAtAlarm=true
01-31 18:33:26.245  1890  1890 D ConditionProviders.SCP: setRegistered true
01-31 18:33:26.247  1890  1890 D ConditionProviders.SCP: evaluateSubscriptionLocked cal=ScheduleCalendar[mDays={1, 2, 3, 4, 5, 6, 7}, mSchedule=ScheduleInfo{days=[1, 2, 3, 4, 5, 6, 7], startHour=22, startMinute=0, endHour=7, endMinute=0, exitAtAlarm=true, nextAlarm=Thu Jan 01 00:00:00 GMT 1970 (0)}], now=Thu Jan 31 15:33:26 GMT 2019 (1548948806245), nextUserAlarmTime=Thu Jan 01 00:00:00 GMT 1970 (0)
01-31 18:33:26.247  1890  1890 D ConditionProviders.SCP: notifyCondition condition://android/schedule?days=1.2.3.4.5.6.7&start=22.0&end=7.0&exitAtAlarm=true STATE_FALSE reason=!meetsSchedule
01-31 18:33:26.253  1566  1566 I chatty  : uid=1000(system) allocator@1.0-s identical 6 lines
01-31 18:33:26.253  1566  1566 W AshmemAllocator: ashmem_create_region(32768) returning hidl_memory(0xea99c180, 32768)
01-31 18:33:26.254  2041  2267 I OMXClient: IOmx service obtained
01-31 18:33:26.254  1745  2252 I OMXMaster: makeComponentInstance(OMX.google.vorbis.decoder) in omx@1.0-service process
01-31 18:33:26.257  1745  2252 E OMXNodeInstance: getConfig(0xeb7a73e0:google.vorbis.decoder, ConfigAndroidVendorExtension(0x6f100004)) ERROR: Undefined(0x80001001)
01-31 18:33:26.258  1566  1566 W AshmemAllocator: ashmem_create_region(32768) returning hidl_memory(0xea99c180, 32768)
01-31 18:33:26.259  1566  1566 I chatty  : uid=1000(system) allocator@1.0-s identical 6 lines
01-31 18:33:26.259  1566  1566 W AshmemAllocator: ashmem_create_region(32768) returning hidl_memory(0xea99c180, 32768)
01-31 18:33:26.259  1890  1890 D ConditionProviders.SCP: Scheduling evaluate for Thu Jan 31 22:00:00 GMT 2019 (1548972000000), in +6h26m33s755ms, now=Thu Jan 31 15:33:26 GMT 2019 (1548948806245)
01-31 18:33:26.262  1890  2029 I SyncManager: Got SyncJobService instance.
01-31 18:33:26.267  1890  1890 I Telecom : WiredHeadsetManager: ACTION_HEADSET_PLUG event, plugged in: false, : WHC.oADA@AAE
01-31 18:33:26.268  1890  1890 D MediaSessionService: Global priority session is changed from null to com.android.server.telecom/HeadsetMediaButton (userId=0)
01-31 18:33:26.276  1890  1890 I DefaultPermGrantPolicy: Granting permissions to default dialer app for user:0
01-31 18:33:26.276  1566  1566 W AshmemAllocator: ashmem_create_region(32768) returning hidl_memory(0xea99c180, 32768)
01-31 18:33:26.278  1890  1890 I Telecom : PhoneAccountRegistrar: SimCallManager queried, returning: null: TSI.gSCM@AAM
01-31 18:33:26.281  2179  2257 W SetupWizard: [GservicesValue] Bad attempt to access Gservices value before user is unlocked. Returning default value for device_country
01-31 18:33:26.300  1566  1566 W AshmemAllocator: ashmem_create_region(32768) returning hidl_memory(0xea99c180, 32768)
01-31 18:33:26.301  1566  1566 I chatty  : uid=1000(system) allocator@1.0-s identical 1 line
01-31 18:33:26.301  1566  1566 W AshmemAllocator: ashmem_create_region(32768) returning hidl_memory(0xea99c180, 32768)
01-31 18:33:26.339  1890  2281 I OMXClient: IOmx service obtained
01-31 18:33:26.339  1745  2272 I OMXMaster: makeComponentInstance(OMX.google.vorbis.decoder) in omx@1.0-service process
01-31 18:33:26.341  1745  2272 E OMXNodeInstance: getConfig(0xeb7a73e0:google.vorbis.decoder, ConfigAndroidVendorExtension(0x6f100004)) ERROR: Undefined(0x80001001)
01-31 18:33:26.358  1566  1566 W AshmemAllocator: ashmem_create_region(32768) returning hidl_memory(0xea99c180, 32768)
01-31 18:33:26.361  1566  1566 I chatty  : uid=1000(system) allocator@1.0-s identical 6 lines
01-31 18:33:26.361  1566  1566 W AshmemAllocator: ashmem_create_region(32768) returning hidl_memory(0xea99c180, 32768)
01-31 18:33:26.362  1890  2011 E ActivityThread: Failed to find provider info for com.android.calendar
01-31 18:33:26.363  1526  1530 D vold    : Recognized experimental block major ID 253 as virtio-blk (emulator's virtual SD card device)
01-31 18:33:26.363  1526  1530 V vold    : /system/bin/sgdisk
01-31 18:33:26.363  1526  1530 V vold    :     --android-dump
01-31 18:33:26.363  1526  1530 V vold    :     /dev/block/vold/disk:253,80
01-31 18:33:26.363  1890  1890 V SettingsProvider: Notifying for 0: content://settings/secure/allowed_geolocation_origins
01-31 18:33:26.363  1890  1890 V SettingsProvider: Notifying for 0: content://settings/secure/sysui_tuner_version
01-31 18:33:26.363  1890  1890 V SettingsProvider: Notifying for 0: content://settings/secure/last_setup_shown
01-31 18:33:26.366  1890  2237 W ActivityManager: Unable to start service Intent { act=android.intent.action.QUICKSTEP_SERVICE pkg=com.google.android.apps.nexuslauncher } U=0: not found
01-31 18:33:26.366  2041  2041 W OverviewProxyService: Failed to connect on attempt 1 will try again in 5000ms
01-31 18:33:26.379  2239  2239 I ndroid.setting: The ClassLoaderContext is a special shared library.
01-31 18:33:26.381  2239  2239 I ndroid.setting: The ClassLoaderContext is a special shared library.
01-31 18:33:26.393  2041  2290 I OMXClient: IOmx service obtained
01-31 18:33:26.393  1745  2252 I OMXMaster: makeComponentInstance(OMX.google.vorbis.decoder) in omx@1.0-service process
01-31 18:33:26.394  1745  2252 E OMXNodeInstance: getConfig(0xeb7a74a0:google.vorbis.decoder, ConfigAndroidVendorExtension(0x6f100004)) ERROR: Undefined(0x80001001)
01-31 18:33:26.397  1566  1566 W AshmemAllocator: ashmem_create_region(32768) returning hidl_memory(0xea99c180, 32768)
01-31 18:33:26.407  1566  1566 I chatty  : uid=1000(system) allocator@1.0-s identical 6 lines
01-31 18:33:26.407  1566  1566 W AshmemAllocator: ashmem_create_region(32768) returning hidl_memory(0xea99c180, 32768)
01-31 18:33:26.408  1890  1890 I LockSettingsService: Reporting device setup complete to IGateKeeperService
01-31 18:33:26.409  1748  1748 D PermissionCache: checking android.permission.ACCESS_KEYGUARD_SECURE_STORAGE for uid=1000 => granted (561 us)
01-31 18:33:26.409  1748  1748 I gatekeeperd: cold boot: clearing state
01-31 18:33:26.410  1890  1890 V SettingsProvider: Notifying for 0: content://settings/global/device_provisioned
01-31 18:33:26.410  1890  1890 V SettingsProvider: Notifying for 0: content://settings/secure/user_setup_complete
01-31 18:33:26.411  1890  1890 V SettingsProvider: Notifying for 0: content://settings/global/network_recommendations_enabled
01-31 18:33:26.411  1890  1890 D AutofillManagerService: Autofill restriction did not change for user 0
01-31 18:33:26.411  1890  1906 E AutofillManagerServiceImpl: Bad AutofillService name: com.google.android.gms/.autofill.service.AutofillService
01-31 18:33:26.411  1890  1906 D AutofillManagerServiceImpl: Reset component for user 0 (com.google.android.gms/.autofill.service.AutofillService)
01-31 18:33:26.411  1890  1906 E AutofillManagerServiceImpl: Bad AutofillService name: com.google.android.gms/.autofill.service.AutofillService
01-31 18:33:26.411  1890  1906 D AutofillManagerServiceImpl: Reset component for user 0 (com.google.android.gms/.autofill.service.AutofillService)
01-31 18:33:26.412  1890  1906 D FieldClassificationStrategy: reset(): service is not bound. Do nothing.
01-31 18:33:26.412  1890  1908 D AutofillUI: destroySaveUiUiThread(): already destroyed
01-31 18:33:26.414  1890  1890 V SettingsProvider: Notifying for 0: content://settings/secure/snoozed_schedule_condition_provider
01-31 18:33:26.414  1890  1890 D ZenLog  : config: conditionChanged,ZenModeConfig[user=0,allowAlarms=true,allowMedia=true,allowSystem=false,allowReminders=false,allowEvents=false,allowCalls=true,allowRepeatCallers=true,allowMessages=false,allowCallsFrom=stars,allowMessagesFrom=contacts,suppressedVisualEffects=511,areChannelsBypassingDnd=false,automaticRules={EVENTS_DEFAULT_RULE=ZenRule[enabled=false,snoozing=false,name=Event,zenMode=ZEN_MODE_IMPORTANT_INTERRUPTIONS,conditionId=condition://android/event?userId=-10000&calendar=&reply=1,condition=null,component=ComponentInfo{android/com.android.server.notification.EventConditionProvider},id=EVENTS_DEFAULT_RULE,creationTime=1548948803524,enabler=null], EVERY_NIGHT_DEFAULT_RULE=ZenRule[enabled=false,snoozing=false,name=Sleeping,zenMode=ZEN_MODE_IMPORTANT_INTERRUPTIONS,conditionId=condition://android/schedule?days=1.2.3.4.5.6.7&start=22.0&end=7.0&exitAtAlarm=true,condition=Condition[id=condition://android/schedule?days=1.2.3.4.5.6.7&start=22.0&end=7.0&exitAtAlarm=true,summary=...,line1=...,line2=...,icon=0,state=STATE_FALSE,flags=2],component=ComponentInfo{android/com.android.server.notification.ScheduleConditionProvider},id=EVERY_NIGHT_DEFAULT_RULE,creationTime=1548948803524,enabler=null]},manualRule=null],Diff[automaticRule[EVERY_NIGHT_DEFAULT_RULE].condition:null->Condition[id=condition://android/schedule?days=1.2.3.4.5.6.7&start=22.0&end=7.0&exitAtAlarm=true,summary=...,line1=...,line2=...,icon=0,state=STATE_FALSE,flags=2]]
01-31 18:33:26.414  1890  1890 I FusedLocation: engine started (com.android.location.fused)
01-31 18:33:26.415  1890  1890 W Looper  : Drained
01-31 18:33:26.415  1890  1890 I DevicePolicyManager: Set ro.device_owner property to false
01-31 18:33:26.417  1890  2011 E ActivityThread: Failed to find provider info for com.android.calendar
01-31 18:33:26.426  1566  1566 W AshmemAllocator: ashmem_create_region(32768) returning hidl_memory(0xea99c180, 32768)
01-31 18:33:26.426  1566  1566 I chatty  : uid=1000(system) allocator@1.0-s identical 2 lines
01-31 18:33:26.426  1566  1566 W AshmemAllocator: ashmem_create_region(32768) returning hidl_memory(0xea99c180, 32768)
01-31 18:33:26.453  1890  1890 D ZenLog  : set_zen_mode: off,conditionChanged
01-31 18:33:26.453  1890  1890 V SettingsProvider: Notifying for 0: content://settings/global/zen_mode_config_etag
01-31 18:33:26.458  2239  2239 D OpenGLRenderer: Skia GL Pipeline
01-31 18:33:26.474  1730  2238 E SurfaceFlinger: ro.sf.lcd_density must be defined as a build property
01-31 18:33:26.475  1890  2303 I OMXClient: IOmx service obtained
01-31 18:33:26.476  1745  2252 I OMXMaster: makeComponentInstance(OMX.google.vorbis.decoder) in omx@1.0-service process
01-31 18:33:26.476  1745  2252 E OMXNodeInstance: getConfig(0xeb7a72c0:google.vorbis.decoder, ConfigAndroidVendorExtension(0x6f100004)) ERROR: Undefined(0x80001001)
01-31 18:33:26.477  1566  1566 W AshmemAllocator: ashmem_create_region(32768) returning hidl_memory(0xea99c180, 32768)
01-31 18:33:26.480  1566  1566 I chatty  : uid=1000(system) allocator@1.0-s identical 6 lines
01-31 18:33:26.480  1566  1566 W AshmemAllocator: ashmem_create_region(32768) returning hidl_memory(0xea99c180, 32768)
01-31 18:33:26.496  2067  2067 I WebViewZygoteInit: Package preload done
01-31 18:33:26.546  2239  2239 W RenderThread: type=1400 audit(0.0:9): avc: denied { search } for name="graphics" dev="tmpfs" ino=6096 scontext=u:r:system_app:s0 tcontext=u:object_r:graphics_device:s0 tclass=dir permissive=0
01-31 18:33:26.561  2239  2302 I ConfigStore: android::hardware::configstore::V1_0::ISurfaceFlingerConfigs::hasWideColorDisplay retrieved: 0
01-31 18:33:26.561  2239  2302 I ConfigStore: android::hardware::configstore::V1_0::ISurfaceFlingerConfigs::hasHDRDisplay retrieved: 0
01-31 18:33:26.561  2239  2302 I OpenGLRenderer: Initialized EGL, version 1.4
01-31 18:33:26.561  2239  2302 D OpenGLRenderer: Swap behavior 1
01-31 18:33:26.593  1890  1890 D ZenLog  : config: conditionChanged,ZenModeConfig[user=0,allowAlarms=true,allowMedia=true,allowSystem=false,allowReminders=false,allowEvents=false,allowCalls=true,allowRepeatCallers=true,allowMessages=false,allowCallsFrom=stars,allowMessagesFrom=contacts,suppressedVisualEffects=511,areChannelsBypassingDnd=false,automaticRules={EVENTS_DEFAULT_RULE=ZenRule[enabled=false,snoozing=false,name=Event,zenMode=ZEN_MODE_IMPORTANT_INTERRUPTIONS,conditionId=condition://android/event?userId=-10000&calendar=&reply=1,condition=Condition[id=condition://android/event?userId=-10000&calendar=&reply=1,summary=...,line1=...,line2=...,icon=0,state=STATE_FALSE,flags=2],component=ComponentInfo{android/com.android.server.notification.EventConditionProvider},id=EVENTS_DEFAULT_RULE,creationTime=1548948803524,enabler=null], EVERY_NIGHT_DEFAULT_RULE=ZenRule[enabled=false,snoozing=false,name=Sleeping,zenMode=ZEN_MODE_IMPORTANT_INTERRUPTIONS,conditionId=condition://android/schedule?days=1.2.3.4.5.6.7&start=22.0&end=7.0&exitAtAlarm=true,condition=Condition[id=condition://android/schedule?days=1.2.3.4.5.6.7&start=22.0&end=7.0&exitAtAlarm=true,summary=...,line1=...,line2=...,icon=0,state=STATE_FALSE,flags=2],component=ComponentInfo{android/com.android.server.notification.ScheduleConditionProvider},id=EVERY_NIGHT_DEFAULT_RULE,creationTime=1548948803524,enabler=null]},manualRule=null],Diff[automaticRule[EVENTS_DEFAULT_RULE].condition:null->Condition[id=condition://android/event?userId=-10000&calendar=&reply=1,summary=...,line1=...,line2=...,icon=0,state=STATE_FALSE,flags=2]]
01-31 18:33:26.595  1730  1804 E SurfaceFlinger: ro.sf.lcd_density must be defined as a build property
01-31 18:33:26.598  1890  1890 D ZenLog  : set_zen_mode: off,conditionChanged
01-31 18:33:26.629  1890  1890 V SettingsProvider: Notifying for 0: content://settings/global/zen_mode_config_etag
01-31 18:33:26.697  1526  1530 V vold    : DISK mbr
01-31 18:33:26.698  1526  1530 V vold    : 
01-31 18:33:26.698  1526  1530 W vold    : disk:253,80 has unknown partition table; trying entire device
01-31 18:33:26.698  1526  1530 V vold    : /system/bin/blkid
01-31 18:33:26.698  1526  1530 V vold    :     -c
01-31 18:33:26.698  1526  1530 V vold    :     /dev/null
01-31 18:33:26.698  1526  1530 V vold    :     -s
01-31 18:33:26.698  1526  1530 V vold    :     TYPE
01-31 18:33:26.698  1526  1530 V vold    :     -s
01-31 18:33:26.698  1526  1530 V vold    :     UUID
01-31 18:33:26.698  1526  1530 V vold    :     -s
01-31 18:33:26.698  1526  1530 V vold    :     LABEL
01-31 18:33:26.698  1526  1530 V vold    :     /dev/block/vold/disk:253,80
01-31 18:33:26.701  2239  2302 D gralloc_ranchu: Emulator without host-side GPU emulation detected. Loading gralloc.default.so from /vendor/lib/hw/gralloc.goldfish.default.so...
01-31 18:33:26.712  1890  2308 I OMXClient: IOmx service obtained
01-31 18:33:26.713  1745  1797 I OMXMaster: makeComponentInstance(OMX.google.vorbis.decoder) in omx@1.0-service process
01-31 18:33:26.714  1745  2252 E OMXNodeInstance: getConfig(0xeb7a72c0:google.vorbis.decoder, ConfigAndroidVendorExtension(0x6f100004)) ERROR: Undefined(0x80001001)
01-31 18:33:26.714  1566  1566 W AshmemAllocator: ashmem_create_region(32768) returning hidl_memory(0xea99c180, 32768)
01-31 18:33:26.716  1566  1566 I chatty  : uid=1000(system) allocator@1.0-s identical 6 lines
01-31 18:33:26.716  1566  1566 W AshmemAllocator: ashmem_create_region(32768) returning hidl_memory(0xea99c180, 32768)
01-31 18:33:26.717  2041  2041 D SystemUIBootTiming: StartServicescom.android.systemui.recents.Recents took to complete: 707ms
01-31 18:33:26.719  2041  2041 I vol.Events: writeEvent collection_started
01-31 18:33:26.764  2032  2032 I FeaturePermissions: onSharedPreferenceChanged() : Key = current_input_method_entry : Feature = null
01-31 18:33:26.774  1890  2314 I OMXClient: IOmx service obtained
01-31 18:33:26.774  1890  1951 W LocalDisplayAdapter: Unable to find color mode 0, ignoring request.
01-31 18:33:26.774  1745  2252 I OMXMaster: makeComponentInstance(OMX.google.vorbis.decoder) in omx@1.0-service process
01-31 18:33:26.775  1745  2252 E OMXNodeInstance: getConfig(0xeb7a72c0:google.vorbis.decoder, ConfigAndroidVendorExtension(0x6f100004)) ERROR: Undefined(0x80001001)
01-31 18:33:26.791  1566  1566 W AshmemAllocator: ashmem_create_region(32768) returning hidl_memory(0xea99c180, 32768)
01-31 18:33:26.794  1566  1566 I chatty  : uid=1000(system) allocator@1.0-s identical 6 lines
01-31 18:33:26.795  1566  1566 W AshmemAllocator: ashmem_create_region(32768) returning hidl_memory(0xea99c180, 32768)
01-31 18:33:26.798  1890  1915 I ActivityManager: Displayed com.android.settings/.FallbackHome: +681ms (total +1s585ms)
01-31 18:33:26.799  1890  1972 I InputReader: Reconfiguring input devices.  changes=0x00000004
01-31 18:33:26.805  1526  1530 V vold    : /dev/block/vold/disk:253,80: LABEL="SDCARD" UUID="1703-3C1F" TYPE="vfat" 
01-31 18:33:26.805  1526  1530 V vold    : 
01-31 18:33:26.808  1526  2310 V vold    : /system/bin/blkid
01-31 18:33:26.808  1526  2310 V vold    :     -c
01-31 18:33:26.808  1526  2310 V vold    :     /dev/null
01-31 18:33:26.808  1526  2310 V vold    :     -s
01-31 18:33:26.808  1526  2310 V vold    :     TYPE
01-31 18:33:26.808  1526  2310 V vold    :     -s
01-31 18:33:26.808  1526  2310 V vold    :     UUID
01-31 18:33:26.808  1526  2310 V vold    :     -s
01-31 18:33:26.808  1526  2310 V vold    :     LABEL
01-31 18:33:26.808  1526  2310 V vold    :     /dev/block/vold/public:253,80
01-31 18:33:26.809  1890  1907 W KeyguardServiceDelegate: onScreenTurningOn(): no keyguard service!
01-31 18:33:26.810  2041  2313 I vol.Events: writeEvent external_ringer_mode_changed normal
01-31 18:33:26.810  2041  2313 I vol.Events: writeEvent internal_ringer_mode_changed normal
01-31 18:33:26.827  1730  1804 W SurfaceFlinger: Attempting to destroy on removed layer: AppWindowToken{b00a0ed token=Token{8b5b304 ActivityRecord{d5ff317 u0 com.google.android.setupwizard/.SetupWizardActivity t2}}}#0
01-31 18:33:26.845  1566  1566 W AshmemAllocator: ashmem_create_region(32768) returning hidl_memory(0xea99c180, 32768)
01-31 18:33:26.846  1566  1566 I chatty  : uid=1000(system) allocator@1.0-s identical 2 lines
01-31 18:33:26.847  1566  1566 W AshmemAllocator: ashmem_create_region(32768) returning hidl_memory(0xea99c180, 32768)
01-31 18:33:26.891  1890  2013 I AudioService: setBluetoothScoOnInt: false resetBluetoothSco
01-31 18:33:26.892  2119  2119 D TelephonyProvider: dbh.onCreate:+ db=SQLiteDatabase: /data/user_de/0/com.android.providers.telephony/databases/telephony.db
01-31 18:33:26.892  2119  2119 D TelephonyProvider: dbh.createSimInfoTable:+ siminfo
01-31 18:33:26.893  2119  2119 D TelephonyProvider: dbh.createSimInfoTable:-
01-31 18:33:26.893  2119  2119 D TelephonyProvider: dbh.createCarriersTable: carriers
01-31 18:33:26.893  2119  2119 D TelephonyProvider: dbh.createCarriersTable:-
01-31 18:33:26.893  2119  2119 D TelephonyProvider: dbh.onCreate: Apply apns from xml.
01-31 18:33:26.893  2119  2119 D TelephonyProvider: No APNs in OEM image = /oem/telephony/apns-conf.xml Load APNs from system image
01-31 18:33:26.894  2119  2119 D TelephonyProvider: APNs Timestamp: altFileTime = 1548948783000 currFileTime = 1539813990000
01-31 18:33:26.894  2119  2119 D TelephonyProvider: APNs Timestamp: Alternate image /data/misc/apns/apns-conf.xml is greater than System image
01-31 18:33:26.894  2119  2119 D TelephonyProvider: confFile = /data/misc/apns/apns-conf.xml
01-31 18:33:26.896  1526  2310 V vold    : /dev/block/vold/public:253,80: LABEL="SDCARD" UUID="1703-3C1F" TYPE="vfat" 
01-31 18:33:26.896  1526  2310 V vold    : 
01-31 18:33:26.897  1526  2310 V vold    : /system/bin/fsck_msdos
01-31 18:33:26.897  1526  2310 V vold    :     -p
01-31 18:33:26.897  1526  2310 V vold    :     -f
01-31 18:33:26.897  1526  2310 V vold    :     /dev/block/vold/public:253,80
01-31 18:33:26.898  1730  1874 W SurfaceFlinger: Attempting to destroy on removed layer: AppWindowToken{573aaaa token=Token{19e0995 ActivityRecord{54a354c u0 com.android.settings/.CryptKeeper t1}}}#0
01-31 18:33:26.945  2119  2119 D TelephonyProvider: Checksum for /data/misc/apns/apns-conf.xml is 2001431324
01-31 18:33:26.948  1526  2310 I fsck_msdos: ** /dev/block/vold/public:253,80
01-31 18:33:26.948  2119  2119 D TelephonyProvider: dbh.onCreate:- db=SQLiteDatabase: /data/user_de/0/com.android.providers.telephony/databases/telephony.db
01-31 18:33:26.948  2119  2119 D TelephonyProvider: dbh.onOpen: ok, queried table=siminfo
01-31 18:33:26.948  2119  2119 D TelephonyProvider: dbh.onOpen: ok, queried table=carriers
01-31 18:33:26.966  1526  2310 I fsck_msdos: Invalid signature in fsinfo block
01-31 18:33:26.966  1526  2310 I fsck_msdos: FIXED
01-31 18:33:26.966  1526  2310 I fsck_msdos: ** Phase 1 - Read and Compare FATs
01-31 18:33:26.966  1526  2310 I fsck_msdos: Attempting to allocate 2044 KB for FAT
01-31 18:33:26.978  2032  2032 I FeaturePermissions: onSharedPreferenceChanged() : Key = pref_key_access_points_showing_order_migrated : Feature = null
01-31 18:33:27.013  2119  2119 D TelephonyProvider: onCreate: build id changed from  to PSR1.180720.061
01-31 18:33:27.018  2119  2119 D TelephonyProvider: No APNs in OEM image = /oem/telephony/apns-conf.xml Load APNs from system image
01-31 18:33:27.018  2119  2119 D TelephonyProvider: APNs Timestamp: altFileTime = 1548948783000 currFileTime = 1539813990000
01-31 18:33:27.018  2119  2119 D TelephonyProvider: APNs Timestamp: Alternate image /data/misc/apns/apns-conf.xml is greater than System image
01-31 18:33:27.018  2119  2119 D TelephonyProvider: Checksum for /data/misc/apns/apns-conf.xml is 2001431324
01-31 18:33:27.018  2119  2119 D TelephonyProvider: newChecksum: 2001431324
01-31 18:33:27.018  2119  2119 D TelephonyProvider: oldChecksum: 2001431324
01-31 18:33:27.018  2119  2119 D TelephonyProvider: Skipping apn db update since apn-conf has not changed.
01-31 18:33:27.037  2119  2119 D CarrierIdProvider: onCreate
01-31 18:33:27.090  2041  2313 I vol.Events: writeEvent level_changed STREAM_VOICE_CALL 4
01-31 18:33:27.091  2041  2313 I vol.Events: writeEvent level_changed STREAM_SYSTEM 5
01-31 18:33:27.092  2041  2313 I vol.Events: writeEvent level_changed STREAM_RING 5
01-31 18:33:27.093  2041  2313 I vol.Events: writeEvent level_changed STREAM_MUSIC 5
01-31 18:33:27.093  2119  2119 D CarrierIdDatabaseHelper: onCreate
01-31 18:33:27.094  2041  2313 I vol.Events: writeEvent level_changed STREAM_ALARM 6
01-31 18:33:27.094  2119  2119 D CarrierIdProvider: update database from pb file
01-31 18:33:27.095  2041  2313 I vol.Events: writeEvent level_changed STREAM_BLUETOOTH_SCO 7
01-31 18:33:27.098  2041  2313 I vol.Events: writeEvent zen_mode_config_changed [disallowAlarms=false disallowMedia=false disallowSystem=true disallowRinger=false]
01-31 18:33:27.134  1526  2310 I fsck_msdos: Attempting to allocate 2044 KB for FAT
01-31 18:33:27.135  2041  2041 D SystemUIBootTiming: StartServicescom.android.systemui.volume.VolumeUI took to complete: 417ms
01-31 18:33:27.167  2119  2119 E CarrierIdProvider: read carrier list from ota pb failure: java.io.FileNotFoundException: /data/misc/carrierid/carrier_list.pb (No such file or directory)
01-31 18:33:27.168  2119  2119 D CarrierIdProvider: latest version: 4 need update: true
01-31 18:33:27.210  1730  1874 E SurfaceFlinger: ro.sf.lcd_density must be defined as a build property
01-31 18:33:27.218  2041  2041 D SystemUIBootTiming: StartServicescom.android.systemui.stackdivider.Divider took to complete: 83ms
01-31 18:33:27.279  2032  2032 I FeaturePermissions: onSharedPreferenceChanged() : Key = ACTIVE_IME.SOFT.und-Latn-x-password : Feature = null
01-31 18:33:27.292  2032  2032 I GoogleInputMethod: onStartInput() : Dummy InputConnection bound
01-31 18:33:27.293  2032  2032 I FeaturePermissions: onSharedPreferenceChanged() : Key = enable_incognito_mode : Feature = null
01-31 18:33:27.295  2032  2032 I ShortcutsDataManager: startImportContentTask()
01-31 18:33:27.295  2032  2032 I ShortcutsDataManager: onImportAborted()
01-31 18:33:27.327  1890  1901 I WifiService: getWifiServiceMessenger uid=10039
01-31 18:33:27.347  1890  1901 D ConnectivityService: requestNetwork for uid/pid:10039/2041 NetworkRequest [ TRACK_DEFAULT id=9, [ Capabilities: INTERNET&NOT_RESTRICTED&TRUSTED Unwanted:  Uid: 10039] ]
01-31 18:33:27.394  1526  2310 I fsck_msdos: ** Phase 2 - Check Cluster Chains
01-31 18:33:27.487  1526  2310 I fsck_msdos: ** Phase 3 - Checking Directories
01-31 18:33:27.487  1526  2310 I fsck_msdos: ** Phase 4 - Checking for Lost Files
01-31 18:33:27.520  1526  2310 I fsck_msdos: Free space in FSInfo block (2088944) not correct (522235)
01-31 18:33:27.520  1526  2310 I fsck_msdos: FIXED
01-31 18:33:27.520  1526  2310 I fsck_msdos: 1 files, 1044470 free (522235 clusters)
01-31 18:33:27.524  1526  2310 I vold    : Filesystem check completed OK
01-31 18:33:27.554  1526  2310 V vold    : Waiting for FUSE to spin up...
01-31 18:33:27.588  1890  2237 W WallpaperManagerService: Cannot extract colors because wallpaper could not be read.
01-31 18:33:27.588  1890  2237 W WallpaperManagerService: Cannot get theme colors because WallpaperColors is null.
01-31 18:33:27.589  1890  2237 W WallpaperManagerService: Cannot extract colors because wallpaper could not be read.
01-31 18:33:27.589  1890  2237 W WallpaperManagerService: Cannot get theme colors because WallpaperColors is null.
01-31 18:33:27.609  1526  2310 V vold    : Waiting for FUSE to spin up...
01-31 18:33:27.632  2334  2334 W sdcard  : Device explicitly enabled sdcardfs
01-31 18:33:27.645  2041  2041 D StatusBar: disable<e i a s b h r c s > disable2<q i n >
01-31 18:33:27.659  1890  2237 I StatusBarManagerService: registerStatusBar bar=com.android.internal.statusbar.IStatusBar$Stub$Proxy@b934dd5
01-31 18:33:27.661  1526  2310 V vold    : Waiting for FUSE to spin up...
01-31 18:33:27.808  2119  2119 D CarrierIdProvider: update database from pb. inserted rows = 1671
01-31 18:33:27.810  2119  2119 D CarrierProvider: onCreate
01-31 18:33:27.856  2119  2119 I ImsResolver: Initializing cache and binding.
01-31 18:33:27.862  2119  2119 I android_os_HwBinder: HwBinder: Starting thread pool for slot1::android.hardware.radio@1.0::IRadio
01-31 18:33:27.867  1516  1516 W hwservicemanager: getTransport: Cannot find entry android.hardware.radio.deprecated@1.0::IOemHook/slot1 in either framework or device manifest.
01-31 18:33:28.082  1890  1901 I DefaultPermGrantPolicy: Revoking permissions from disabled data services for user:0
01-31 18:33:28.083  1890  1901 I DefaultPermGrantPolicy: Granting permissions to enabled data services for user:0
01-31 18:33:28.223  2041  2041 I CameraManagerGlobal: Connecting to camera service
01-31 18:33:28.274  2119  2119 D ImsExternalCallTracker: Registering: Handler (com.android.internal.telephony.imsphone.ImsPhone) {88a3d60}
01-31 18:33:28.279  1890  1915 W WindowManager: App freeze timeout expired.
01-31 18:33:28.304  2119  2119 D PhoneSwitcherNetworkRequstListener: Registering NetworkFactory
01-31 18:33:28.304  1890  2005 D ConnectivityService: Got NetworkFactory Messenger for PhoneSwitcherNetworkRequstListener
01-31 18:33:28.335  1890  2005 D ConnectivityService: Got NetworkFactory Messenger for TelephonyNetworkFactory[0]
01-31 18:33:28.371  2119  2350 E ActivityThread: Failed to find provider info for com.android.contacts
01-31 18:33:28.371  2119  2350 W CallerInfoCache: cursor is null
01-31 18:33:28.390  2119  2119 D CarrierConfigLoader: CarrierConfigLoader has started
01-31 18:33:28.394  2119  2119 E BluetoothAdapter: Bluetooth binder is null
01-31 18:33:28.403  2041  2041 D NotificationEntryMgr: heads up is enabled
01-31 18:33:28.503  2119  2119 W ImsPhoneCallTracker: ImsManager is null when setting TTY mode
01-31 18:33:28.544  2119  2119 I TelecomFramework: TtyManager: updateUiTtyMode -1 -> 0
01-31 18:33:28.603  2119  2119 D ImsResolver: maybeAddedImsService, packageName: null
01-31 18:33:28.609  1516  1516 W hwservicemanager: getTransport: Cannot find entry android.hardware.radio.config@1.0::IRadioConfig/default in either framework or device manifest.
01-31 18:33:28.644  2041  2041 E BluetoothAdapter: Bluetooth binder is null
01-31 18:33:28.646  1890  1901 D AlarmManagerService: Kernel timezone updated to -180 minutes west of GMT
01-31 18:33:28.648  1890  1890 D ConditionProviders.SCP: onReceive android.intent.action.TIMEZONE_CHANGED
01-31 18:33:28.649  1890  1890 D ConditionProviders.SCP: evaluateSubscriptionLocked cal=ScheduleCalendar[mDays={1, 2, 3, 4, 5, 6, 7}, mSchedule=ScheduleInfo{days=[1, 2, 3, 4, 5, 6, 7], startHour=22, startMinute=0, endHour=7, endMinute=0, exitAtAlarm=true, nextAlarm=Thu Jan 01 03:00:00 GMT+03:00 1970 (0)}], now=Thu Jan 31 18:33:28 GMT+03:00 2019 (1548948808648), nextUserAlarmTime=Thu Jan 01 03:00:00 GMT+03:00 1970 (0)
01-31 18:33:28.649  1890  1890 D ConditionProviders.SCP: notifyCondition condition://android/schedule?days=1.2.3.4.5.6.7&start=22.0&end=7.0&exitAtAlarm=true STATE_FALSE reason=!meetsSchedule
01-31 18:33:28.650  1890  1890 D ConditionProviders.SCP: Scheduling evaluate for Thu Jan 31 22:00:00 GMT+03:00 2019 (1548961200000), in +3h26m31s352ms, now=Thu Jan 31 18:33:28 GMT+03:00 2019 (1548948808648)
01-31 18:33:28.651  1890  2011 E ActivityThread: Failed to find provider info for com.android.calendar
01-31 18:33:28.652  1890  2011 E ActivityThread: Failed to find provider info for com.android.calendar
01-31 18:33:28.659  1890  1901 D AlarmManagerService: Setting time of day to sec=1548948808
01-31 18:33:28.956  1890  1909 I ActivityManager: Start proc 2352:com.google.android.deskclock/u0a61 for broadcast com.google.android.deskclock/com.android.deskclock.AlarmInitReceiver
01-31 18:33:28.956  1890  1901 W AlarmManagerService: Unable to set rtc to 1548948808: No such device
01-31 18:33:28.958  1890  1890 D DevicePolicyManager: updateSystemUpdateFreezePeriodsRecord
01-31 18:33:28.958  1890  1890 W SyncManager: Clock is valid now.
01-31 18:33:28.958  1890  1890 D ConditionProviders.SCP: onReceive android.intent.action.TIME_SET
01-31 18:33:28.958  1890  1890 D ConditionProviders.SCP: evaluateSubscriptionLocked cal=ScheduleCalendar[mDays={1, 2, 3, 4, 5, 6, 7}, mSchedule=ScheduleInfo{days=[1, 2, 3, 4, 5, 6, 7], startHour=22, startMinute=0, endHour=7, endMinute=0, exitAtAlarm=true, nextAlarm=Thu Jan 01 03:00:00 GMT+03:00 1970 (0)}], now=Thu Jan 31 18:33:28 GMT+03:00 2019 (1548948808958), nextUserAlarmTime=Thu Jan 01 03:00:00 GMT+03:00 1970 (0)
01-31 18:33:28.958  1890  1890 D ConditionProviders.SCP: notifyCondition condition://android/schedule?days=1.2.3.4.5.6.7&start=22.0&end=7.0&exitAtAlarm=true STATE_FALSE reason=!meetsSchedule
01-31 18:33:28.958  1890  1890 D ConditionProviders.SCP: Scheduling evaluate for Thu Jan 31 22:00:00 GMT+03:00 2019 (1548961200000), in +3h26m31s42ms, now=Thu Jan 31 18:33:28 GMT+03:00 2019 (1548948808958)
01-31 18:33:29.003  2352  2352 W droid.deskcloc: Unexpected CPU variant for X86 using defaults: x86
01-31 18:33:29.041  1890  2011 E ActivityThread: Failed to find provider info for com.android.calendar
01-31 18:33:29.043  2041  2041 V WifiManager: registerSoftApCallback: callback=com.android.systemui.statusbar.policy.HotspotControllerImpl@876749c, handler=Handler (android.os.Handler) {e9f5ea5}
01-31 18:33:29.044  1890  2011 E ActivityThread: Failed to find provider info for com.android.calendar
01-31 18:33:29.044  2041  2296 V WifiManager: SoftApCallbackProxy: onStateChanged: state=11, failureReason=0
01-31 18:33:29.044  2041  2296 V WifiManager: SoftApCallbackProxy: onNumClientsChanged: numClients=0
01-31 18:33:29.048  2041  2327 D OpenGLRenderer: profile bars disabled
01-31 18:33:29.048  2041  2327 D OpenGLRenderer: ambientRatio = 1.50
01-31 18:33:29.097  2352  2352 I droid.deskcloc: The ClassLoaderContext is a special shared library.
01-31 18:33:29.098  2352  2352 I droid.deskcloc: The ClassLoaderContext is a special shared library.
01-31 18:33:29.203  1890  2237 W system_server: Long monitor contention with owner PackageManager (1920) at void com.android.server.pm.PackageManagerService$PackageHandler.doHandleMessage(android.os.Message)(PackageManagerService.java:1730) waiters=0 in int com.android.server.pm.PackageManagerService.checkUidPermission(java.lang.String, int) for 118ms
01-31 18:33:29.273  2041  2041 D StatusBar: disable<e i a s b h r c s > disable2<q i n >
01-31 18:33:29.348  2041  2041 V WifiManager: registerSoftApCallback: callback=com.android.systemui.statusbar.policy.HotspotControllerImpl@876749c, handler=Handler (android.os.Handler) {e9f5ea5}
01-31 18:33:29.350  2041  2264 V WifiManager: SoftApCallbackProxy: onStateChanged: state=11, failureReason=0
01-31 18:33:29.350  2041  2264 V WifiManager: SoftApCallbackProxy: onNumClientsChanged: numClients=0
01-31 18:33:29.362  2041  2332 I SecurityController: could not bind to KeyChainService
01-31 18:33:29.371  2041  2041 D SystemUIBootTiming: StartServicescom.android.systemui.SystemBars took to complete: 1856ms
01-31 18:33:29.373  2041  2041 W SystemUIService: Initialization of com.android.systemui.SystemBars took 2155 ms
01-31 18:33:29.377  2352  2352 I GAv4    : Google Analytics 11.0.58 is starting up. To enable debug logging on a device run:
01-31 18:33:29.377  2352  2352 I GAv4    :   adb shell setprop log.tag.GAv4 DEBUG
01-31 18:33:29.377  2352  2352 I GAv4    :   adb logcat -s GAv4
01-31 18:33:29.379  2041  2332 E ActivityThread: Failed to find provider info for com.android.contacts
01-31 18:33:29.389  2119  2119 I ImsExternalCallTracker: handleVideoCapabilitiesChanged : isVideoCapable = false
01-31 18:33:29.389  2119  2119 D ImsExternalCallTracker: refreshCallPullState
01-31 18:33:29.394  2119  2119 D PhoneSwitcherNetworkRequstListener: got request NetworkRequest [ BACKGROUND_REQUEST id=2, [ Transports: CELLULAR Capabilities: INTERNET&NOT_RESTRICTED&TRUSTED&NOT_VPN Unwanted: ] ] with score 0
01-31 18:33:29.394  2119  2119 D PhoneSwitcherNetworkRequstListener: got request NetworkRequest [ TRACK_DEFAULT id=6, [ Capabilities: INTERNET&NOT_RESTRICTED&TRUSTED Unwanted:  Uid: 1000] ] with score 0
01-31 18:33:29.394  2119  2119 D PhoneSwitcherNetworkRequstListener: got request NetworkRequest [ TRACK_DEFAULT id=9, [ Capabilities: INTERNET&NOT_RESTRICTED&TRUSTED Unwanted:  Uid: 10039] ] with score 0
01-31 18:33:29.395  2119  2119 D PhoneSwitcherNetworkRequstListener: got request NetworkRequest [ REQUEST id=1, [ Capabilities: INTERNET&NOT_RESTRICTED&TRUSTED&NOT_VPN Unwanted: ] ] with score 0
01-31 18:33:29.395  2352  2352 I AlarmClock: AlarmInitReceiver android.intent.action.TIMEZONE_CHANGED
01-31 18:33:29.397  2119  2119 D TelephonyDebugService: TelephonyDebugService()
01-31 18:33:29.398  2119  2119 D CarrierConfigLoader: mHandler: 12 phoneId: 0
01-31 18:33:29.398  2119  2119 D CarrierConfigLoader: Build fingerprint changed. old: null new: google/sdk_gphone_x86/generic_x86:9/PSR1.180720.061/5075414:userdebug/dev-keys
01-31 18:33:29.421  2041  2041 D StorageNotification: Notifying about private volume: VolumeInfo{private}:
01-31 18:33:29.421  2041  2041 D StorageNotification:     type=PRIVATE diskId=null partGuid=null mountFlags=0 mountUserId=-1 
01-31 18:33:29.421  2041  2041 D StorageNotification:     state=MOUNTED 
01-31 18:33:29.421  2041  2041 D StorageNotification:     fsType=null fsUuid=null fsLabel=null 
01-31 18:33:29.421  2041  2041 D StorageNotification:     path=/data internalPath=null 
01-31 18:33:29.422  2041  2041 D StorageNotification: Notifying about public volume: VolumeInfo{public:253,80}:
01-31 18:33:29.422  2041  2041 D StorageNotification:     type=PUBLIC diskId=disk:253,80 partGuid= mountFlags=VISIBLE mountUserId=0 
01-31 18:33:29.422  2041  2041 D StorageNotification:     state=MOUNTED 
01-31 18:33:29.422  2041  2041 D StorageNotification:     fsType=vfat fsUuid=1703-3C1F fsLabel=SDCARD 
01-31 18:33:29.422  2041  2041 D StorageNotification:     path=/storage/1703-3C1F internalPath=/mnt/media_rw/1703-3C1F 
01-31 18:33:29.438  2041  2041 D SystemUIBootTiming: StartServicescom.android.systemui.usb.StorageNotification took to complete: 65ms
01-31 18:33:29.522  2119  2160 I m.android.phon: Background concurrent copying GC freed 104186(5MB) AllocSpace objects, 44(1220KB) LOS objects, 49% free, 1851KB/3MB, paused 44us total 133.605ms
01-31 18:33:29.529  2041  2041 D SystemUIBootTiming: StartServicescom.android.systemui.power.PowerUI took to complete: 70ms
01-31 18:33:29.530  2041  2041 D SystemUIBootTiming: StartServicescom.android.systemui.media.RingtonePlayer took to complete: 1ms
01-31 18:33:29.542  1890  1890 I GnssLocationProvider: WakeLock acquired by sendMessage(SUBSCRIPTION_OR_SIM_CHANGED, 0, null)
01-31 18:33:29.544  1890  1997 W BestClock: java.time.DateTimeException: Missing NTP fix
01-31 18:33:29.545  1890  1906 I GnssLocationProvider: WakeLock released by handleMessage(SUBSCRIPTION_OR_SIM_CHANGED, 0, null)
