01-31 18:33:23.263  1890  1890 E WifiApConfigStore: Error reading hotspot configuration java.io.FileNotFoundException: /data/misc/wifi/softap.conf (No such file or directory)
01-31 18:33:23.263  1890  1890 D WifiApConfigStore: Fallback to use default AP configuration
01-31 18:33:23.268  1890  1890 I WifiScoringParams: rssi2=-85:-85:-73:-60,rssi5=-82:-82:-70:-57,pps=0:1:100,horizon=15,nud=8,expid=0
01-31 18:33:23.357  1890  1890 D WifiStateMachine: EnableConnectedMacRandomization Setting changed to false
01-31 18:33:23.358  1890  1890 E WifiStateMachine: getWifiLinkLayerStats called without an interface
01-31 18:33:23.359  1890  1890 D WifiStateMachinePrime: Starting Wifi in WifiDisabledState
01-31 18:33:23.359  1890  2000 D WifiStateMachinePrime: Entering WifiDisabledState
01-31 18:33:23.359  1890  2000 D ActiveModeManager: sending scan available broadcast: false
01-31 18:33:23.360  1890  1890 D WifiOpenNetworkNotifier: Settings toggle enabled=true
01-31 18:33:23.360  1890  1890 D WifiCarrierNetworkNotifier: Settings toggle enabled=true
01-31 18:33:23.361  1890  1890 D WakeupController: WifiWake enabled
01-31 18:33:23.366  1890  1890 D WifiController: isAirplaneModeOn = false, isWifiEnabled = true, isScanningAvailable = false, isLocationModeActive = false
01-31 18:33:23.368  1890  1890 E SupplicantStaIfaceHal: Can't call setDebugParams, ISupplicant is null
01-31 18:33:23.368  1890  1890 W WifiDiags: no ring buffers found
01-31 18:33:23.368  1890  1890 W WifiDiags: Failed to start packet fate monitoring
01-31 18:33:23.368  1890  1890 I WifiService: Registering wifi
01-31 18:33:23.369  1890  1890 D SystemServerTiming: StartWifi took to complete: 238ms
01-31 18:33:23.369  1890  1890 I SystemServer: StartWifiScanning
01-31 18:33:23.370  1890  1890 I SystemServiceManager: Starting com.android.server.wifi.scanner.WifiScanningService
01-31 18:33:23.370  1890  1890 I WifiScanningService: Creating wifiscanner
01-31 18:33:23.390  1890  1890 I WifiScanningService: Publishing wifiscanner
01-31 18:33:23.391  1890  1890 D SystemServerTiming: StartWifiScanning took to complete: 22ms
01-31 18:33:23.391  1890  1890 I SystemServer: StartWifiP2P
01-31 18:33:23.391  1890  1890 I SystemServiceManager: Starting com.android.server.wifi.p2p.WifiP2pService
01-31 18:33:23.424  1890  1890 W HalDevMgr: isWifiStarted called but mWifi is null!?
01-31 18:33:23.424  1890  1890 I WifiP2pService: Registering wifip2p
01-31 18:33:23.424  1890  1890 D SystemServerTiming: StartWifiP2P took to complete: 33ms
01-31 18:33:23.424  1890  1890 I SystemServer: StartConnectivityService
01-31 18:33:23.425  1890  1890 D ConnectivityService: ConnectivityService starting up
01-31 18:33:23.427  1890  1890 D ConnectivityService: wifiOnly=false
01-31 18:33:23.436  1890  1890 D SystemServerTiming: StartConnectivityService took to complete: 12ms
01-31 18:33:23.436  1890  1890 I SystemServer: StartNsdService
01-31 18:33:23.460  1890  1890 D NsdService: Network service discovery is enabled
01-31 18:33:23.463  1890  1890 D SystemServerTiming: StartNsdService took to complete: 27ms
01-31 18:33:23.463  1890  1890 I SystemServer: StartSystemUpdateManagerService
01-31 18:33:23.464  1890  1890 I SystemUpdateManagerService: No existing info file /data/system/system-update-info.xml
01-31 18:33:23.464  1890  1890 D SystemServerTiming: StartSystemUpdateManagerService took to complete: 1ms
01-31 18:33:23.464  1890  1890 I SystemServer: StartUpdateLockService
01-31 18:33:23.465  1890  1890 D SystemServerTiming: StartUpdateLockService took to complete: 1ms
01-31 18:33:23.465  1890  1890 I SystemServer: StartNotificationManager
01-31 18:33:23.465  1890  1890 I SystemServiceManager: Starting com.android.server.notification.NotificationManagerService
01-31 18:33:23.528  1890  1900 I system_server: Background concurrent copying GC freed 27434(2MB) AllocSpace objects, 26(712KB) LOS objects, 42% free, 5MB/9MB, paused 22us total 157.852ms
01-31 18:33:23.542  1890  1890 D ConditionProviders.SCP: new ScheduleConditionProvider()
01-31 18:33:23.547  1890  1890 I ConditionProviders:  Allowing condition provider com.google.android.apps.restore/com.google.android.apps.pixelmigrate.component.NotificationConsolidatorService
01-31 18:33:23.547  1890  1890 I NotificationListeners:  Allowing notification listener com.google.android.apps.restore/com.google.android.apps.pixelmigrate.component.NotificationConsolidatorService
01-31 18:33:23.547  1890  1890 I ConditionProviders:  Allowing condition provider com.android.camera2
01-31 18:33:23.547  1890  1890 I ConditionProviders:  Allowing condition provider com.google.android.ext.services/android.ext.services.notification.Assistant
01-31 18:33:23.547  1890  1890 I NotificationAssistants:  Allowing notification assistant com.google.android.ext.services/android.ext.services.notification.Assistant
01-31 18:33:23.548  1890  1890 D ZenLog  : set_zen_mode: off,init
01-31 18:33:23.553  1890  1890 W SystemServiceManager: Service com.android.server.notification.NotificationManagerService took 80 ms in onStart
01-31 18:33:23.555  1890  1890 D SystemServerTiming: StartNotificationManager took to complete: 90ms
01-31 18:33:23.555  1890  1890 I SystemServer: StartDeviceMonitor
01-31 18:33:23.555  1890  1890 I SystemServiceManager: Starting com.android.server.storage.DeviceStorageMonitorService
01-31 18:33:23.575  1890  1890 D SystemServerTiming: StartDeviceMonitor took to complete: 20ms
01-31 18:33:23.575  1890  1890 I SystemServer: StartLocationManagerService
01-31 18:33:23.580  1890  1890 D SystemServerTiming: StartLocationManagerService took to complete: 5ms
01-31 18:33:23.580  1890  1890 I SystemServer: StartCountryDetectorService
01-31 18:33:23.594  1890  1890 D SystemServerTiming: StartCountryDetectorService took to complete: 14ms
01-31 18:33:23.594  1890  1890 I SystemServer: StartSearchManagerService
01-31 18:33:23.595  1890  1890 I SystemServiceManager: Starting com.android.server.search.SearchManagerService$Lifecycle
01-31 18:33:23.598  1890  1890 D SystemServerTiming: StartSearchManagerService took to complete: 4ms
01-31 18:33:23.598  1890  1890 I SystemServer: StartWallpaperManagerService
01-31 18:33:23.599  1890  1890 I SystemServiceManager: Starting com.android.server.wallpaper.WallpaperManagerService$Lifecycle
01-31 18:33:23.600  1890  1890 D SystemServerTiming: StartWallpaperManagerService took to complete: 1ms
01-31 18:33:23.600  1890  1890 I SystemServer: StartAudioService
01-31 18:33:23.600  1890  1890 I SystemServiceManager: Starting com.android.server.audio.AudioService$Lifecycle
01-31 18:33:23.609  1890  1890 W TelecomManager: Telecom Service not found.
01-31 18:33:23.611  1587  1641 D PermissionCache: checking android.permission.MODIFY_AUDIO_SETTINGS for uid=1000 => granted (366 us)
01-31 18:33:23.611  1587  1587 D PermissionCache: checking android.permission.MODIFY_AUDIO_ROUTING for uid=1000 => granted (189 us)
01-31 18:33:23.612  1587  1651 W AudioFlinger: no wake lock to update, system not ready yet
01-31 18:33:23.612  1569  1652 W DeviceHAL: Error from HAL Device in function set_mic_mute: Function not implemented
01-31 18:33:23.635  1587  1641 D AudioFlinger: isLowRamDevice:false totalMemory:1567744000 mClientSharedHeapSize:4194304
01-31 18:33:23.640  1890  1890 D SystemServerTiming: StartAudioService took to complete: 40ms
01-31 18:33:23.640  1890  1890 I SystemServer: StartDockObserver
01-31 18:33:23.640  1890  1890 I SystemServiceManager: Starting com.android.server.DockObserver
01-31 18:33:23.640  1890  1890 W DockObserver: This kernel does not have dock station support
01-31 18:33:23.641  1890  1890 D SystemServerTiming: StartDockObserver took to complete: 1ms
01-31 18:33:23.641  1890  1890 I SystemServer: StartWiredAccessoryManager
01-31 18:33:23.641  1890  1890 W WiredAccessoryManager: This kernel does not have usb audio support
01-31 18:33:23.641  1890  1890 W WiredAccessoryManager: This kernel does not have HDMI audio support
01-31 18:33:23.641  1890  1890 D SystemServerTiming: StartWiredAccessoryManager took to complete: 0ms
01-31 18:33:23.642  1890  1890 I SystemServer: StartMidiManager
01-31 18:33:23.642  1890  1890 I SystemServiceManager: Starting com.android.server.midi.MidiService$Lifecycle
01-31 18:33:23.647  1890  1890 D SystemServerTiming: StartMidiManager took to complete: 5ms
01-31 18:33:23.647  1890  1890 I SystemServer: StartUsbService
01-31 18:33:23.647  1890  1890 I SystemServiceManager: Starting com.android.server.usb.UsbService$Lifecycle
01-31 18:33:23.651  1890  1890 E UsbDeviceManager: failed to write to /sys/class/android_usb/android0/f_rndis/ethaddr
01-31 18:33:23.651  1516  1516 W hwservicemanager: getTransport: Cannot find entry android.hardware.usb.gadget@1.0::IUsbGadget/default in either framework or device manifest.
01-31 18:33:23.664  1890  1890 I UsbDeviceManager: USB GADGET HAL not present in the device
01-31 18:33:23.664  1890  1890 I UsbDeviceManager: java.util.NoSuchElementException
01-31 18:33:23.664  1890  1890 I UsbDeviceManager: 	at android.os.HwBinder.getService(Native Method)
01-31 18:33:23.664  1890  1890 I UsbDeviceManager: 	at android.hardware.usb.gadget.V1_0.IUsbGadget.getService(IUsbGadget.java:40)
01-31 18:33:23.664  1890  1890 I UsbDeviceManager: 	at android.hardware.usb.gadget.V1_0.IUsbGadget.getService(IUsbGadget.java:44)
01-31 18:33:23.664  1890  1890 I UsbDeviceManager: 	at com.android.server.usb.UsbDeviceManager.<init>(UsbDeviceManager.java:267)
01-31 18:33:23.664  1890  1890 I UsbDeviceManager: 	at com.android.server.usb.UsbService.<init>(UsbService.java:139)
01-31 18:33:23.664  1890  1890 I UsbDeviceManager: 	at com.android.server.usb.UsbService$Lifecycle.onStart(UsbService.java:73)
01-31 18:33:23.664  1890  1890 I UsbDeviceManager: 	at com.android.server.SystemServiceManager.startService(SystemServiceManager.java:126)
01-31 18:33:23.664  1890  1890 I UsbDeviceManager: 	at com.android.server.SystemServiceManager.startService(SystemServiceManager.java:113)
01-31 18:33:23.664  1890  1890 I UsbDeviceManager: 	at com.android.server.SystemServiceManager.startService(SystemServiceManager.java:72)
01-31 18:33:23.664  1890  1890 I UsbDeviceManager: 	at com.android.server.SystemServer.startOtherServices(SystemServer.java:1299)
01-31 18:33:23.664  1890  1890 I UsbDeviceManager: 	at com.android.server.SystemServer.run(SystemServer.java:431)
01-31 18:33:23.664  1890  1890 I UsbDeviceManager: 	at com.android.server.SystemServer.main(SystemServer.java:294)
01-31 18:33:23.664  1890  1890 I UsbDeviceManager: 	at java.lang.reflect.Method.invoke(Native Method)
01-31 18:33:23.664  1890  1890 I UsbDeviceManager: 	at com.android.internal.os.RuntimeInit$MethodAndArgsCaller.run(RuntimeInit.java:493)
01-31 18:33:23.664  1890  1890 I UsbDeviceManager: 	at com.android.internal.os.ZygoteInit.main(ZygoteInit.java:838)
01-31 18:33:23.665  1890  1890 E UsbDeviceManagerJNI: could not open control for mtp No such file or directory
01-31 18:33:23.665  1890  1890 E UsbDeviceManager: Failed to open control for mtp
01-31 18:33:23.665  1890  1890 E UsbDeviceManagerJNI: could not open control for ptp No such file or directory
01-31 18:33:23.665  1890  1890 E UsbDeviceManager: Failed to open control for mtp
01-31 18:33:23.694  1890  1890 W StorageManagerService: No primary storage defined yet; hacking together a stub
01-31 18:33:23.695  1890  1890 E UsbDeviceManagerJNI: could not open /dev/usb_accessory
01-31 18:33:23.715  1890  1890 I android_os_HwBinder: HwBinder: Starting thread pool for default::android.hidl.manager@1.0::IServiceManager
01-31 18:33:23.719  1516  1516 W hwservicemanager: getTransport: Cannot find entry android.hardware.usb@1.0::IUsb/default in either framework or device manifest.
01-31 18:33:23.721  1890  1890 E UsbPortManager: connectToProxy: usb hal service not found. Did the service fail to start?
01-31 18:33:23.721  1890  1890 E UsbPortManager: java.util.NoSuchElementException
01-31 18:33:23.721  1890  1890 E UsbPortManager: 	at android.os.HwBinder.getService(Native Method)
01-31 18:33:23.721  1890  1890 E UsbPortManager: 	at android.os.HwBinder.getService(HwBinder.java:91)
01-31 18:33:23.721  1890  1890 E UsbPortManager: 	at android.hardware.usb.V1_0.IUsb.getService(IUsb.java:48)
01-31 18:33:23.721  1890  1890 E UsbPortManager: 	at android.hardware.usb.V1_0.IUsb.getService(IUsb.java:52)
01-31 18:33:23.721  1890  1890 E UsbPortManager: 	at com.android.server.usb.UsbPortManager.connectToProxy(UsbPortManager.java:531)
01-31 18:33:23.721  1890  1890 E UsbPortManager: 	at com.android.server.usb.UsbPortManager.<init>(UsbPortManager.java:137)
01-31 18:33:23.721  1890  1890 E UsbPortManager: 	at com.android.server.usb.UsbService.<init>(UsbService.java:142)
01-31 18:33:23.721  1890  1890 E UsbPortManager: 	at com.android.server.usb.UsbService$Lifecycle.onStart(UsbService.java:73)
01-31 18:33:23.721  1890  1890 E UsbPortManager: 	at com.android.server.SystemServiceManager.startService(SystemServiceManager.java:126)
01-31 18:33:23.721  1890  1890 E UsbPortManager: 	at com.android.server.SystemServiceManager.startService(SystemServiceManager.java:113)
01-31 18:33:23.721  1890  1890 E UsbPortManager: 	at com.android.server.SystemServiceManager.startService(SystemServiceManager.java:72)
01-31 18:33:23.721  1890  1890 E UsbPortManager: 	at com.android.server.SystemServer.startOtherServices(SystemServer.java:1299)
01-31 18:33:23.721  1890  1890 E UsbPortManager: 	at com.android.server.SystemServer.run(SystemServer.java:431)
01-31 18:33:23.721  1890  1890 E UsbPortManager: 	at com.android.server.SystemServer.main(SystemServer.java:294)
01-31 18:33:23.721  1890  1890 E UsbPortManager: 	at java.lang.reflect.Method.invoke(Native Method)
01-31 18:33:23.721  1890  1890 E UsbPortManager: 	at com.android.internal.os.RuntimeInit$MethodAndArgsCaller.run(RuntimeInit.java:493)
01-31 18:33:23.721  1890  1890 E UsbPortManager: 	at com.android.internal.os.ZygoteInit.main(ZygoteInit.java:838)
01-31 18:33:23.723  1890  1890 W SystemServiceManager: Service com.android.server.usb.UsbService$Lifecycle took 76 ms in onStart
01-31 18:33:23.723  1890  1890 D SystemServerTiming: StartUsbService took to complete: 76ms
01-31 18:33:23.723  1890  1890 I SystemServer: StartSerialService
01-31 18:33:23.723  1890  1890 D SystemServerTiming: StartSerialService took to complete: 0ms
01-31 18:33:23.723  1890  1890 I SystemServer: StartHardwarePropertiesManagerService
01-31 18:33:23.724  1516  1516 W hwservicemanager: getTransport: Cannot find entry android.hardware.thermal@1.0::IThermal/default in either framework or device manifest.
01-31 18:33:23.726  1890  1890 E HardwarePropertiesManagerService-JNI: Unable to get Thermal service.
01-31 18:33:23.726  1890  1890 D SystemServerTiming: StartHardwarePropertiesManagerService took to complete: 3ms
01-31 18:33:23.726  1890  1890 I SystemServer: StartTwilightService
01-31 18:33:23.726  1890  1890 I SystemServiceManager: Starting com.android.server.twilight.TwilightService
01-31 18:33:23.726  1890  1890 D SystemServerTiming: StartTwilightService took to complete: 0ms
01-31 18:33:23.726  1890  1890 I SystemServer: StartJobScheduler
01-31 18:33:23.726  1890  1890 I SystemServiceManager: Starting com.android.server.job.JobSchedulerService
01-31 18:33:23.730  1890  1890 I JobStore: Read 0 jobs
01-31 18:33:23.760  1890  1890 D SystemServerTiming: StartJobScheduler took to complete: 34ms
01-31 18:33:23.760  1890  1890 I SystemServer: StartSoundTrigger
01-31 18:33:23.760  1890  1890 I SystemServiceManager: Starting com.android.server.soundtrigger.SoundTriggerService
01-31 18:33:23.760  1890  1890 D SystemServerTiming: StartSoundTrigger took to complete: 0ms
01-31 18:33:23.760  1890  1890 I SystemServer: StartTrustManager
01-31 18:33:23.760  1890  1890 I SystemServiceManager: Starting com.android.server.trust.TrustManagerService
01-31 18:33:23.761  1890  1890 D SystemServerTiming: StartTrustManager took to complete: 1ms
01-31 18:33:23.761  1890  1890 I SystemServer: StartBackupManager
01-31 18:33:23.761  1890  1890 I SystemServiceManager: Starting com.android.server.backup.BackupManagerService$Lifecycle
01-31 18:33:23.764  1890  1890 D SystemServerTiming: StartBackupManager took to complete: 3ms
01-31 18:33:23.764  1890  1890 I SystemServer: StartAppWidgerService
01-31 18:33:23.764  1890  1890 I SystemServiceManager: Starting com.android.server.appwidget.AppWidgetService
01-31 18:33:23.772  1890  1890 D OpenGLRenderer: Skia GL Pipeline
01-31 18:33:23.775  1890  1890 D SystemServerTiming: StartAppWidgerService took to complete: 11ms
01-31 18:33:23.775  1890  1890 I SystemServer: StartVoiceRecognitionManager
01-31 18:33:23.776  1890  1890 I SystemServiceManager: Starting com.android.server.voiceinteraction.VoiceInteractionManagerService
01-31 18:33:23.778  1890  1890 D SystemServerTiming: StartVoiceRecognitionManager took to complete: 3ms
01-31 18:33:23.780  1890  1890 I SystemServer: StartGestureLauncher
01-31 18:33:23.786  1890  1890 I SystemServiceManager: Starting com.android.server.GestureLauncherService
01-31 18:33:23.786  1890  1890 D SystemServerTiming: StartGestureLauncher took to complete: 0ms
01-31 18:33:23.786  1890  1890 I SystemServer: StartSensorNotification
01-31 18:33:23.786  1890  1890 I SystemServiceManager: Starting com.android.server.SensorNotificationService
01-31 18:33:23.786  1890  1890 D SystemServerTiming: StartSensorNotification took to complete: 0ms
01-31 18:33:23.786  1890  1890 I SystemServer: StartContextHubSystemService
01-31 18:33:23.787  1890  1890 I SystemServiceManager: Starting com.android.server.ContextHubSystemService
01-31 18:33:23.787  1890  1954 D SystemServerInitThreadPool: Started executing Init ContextHubSystemService
01-31 18:33:23.787  1890  1890 D SystemServerTiming: StartContextHubSystemService took to complete: 1ms
01-31 18:33:23.788  1890  1890 I SystemServer: StartDiskStatsService
01-31 18:33:23.802  1890  1890 D SystemServerTiming: StartDiskStatsService took to complete: 14ms
01-31 18:33:23.802  1890  1890 I SystemServer: StartNetworkTimeUpdateService
01-31 18:33:23.803  1890  1890 D SystemServerTiming: StartNetworkTimeUpdateService took to complete: 1ms
01-31 18:33:23.804  1516  1516 W hwservicemanager: getTransport: Cannot find entry android.hardware.contexthub@1.0::IContexthub/default in either framework or device manifest.
01-31 18:33:23.807  1890  1954 I ContextHubService: Context Hub HAL service not found
01-31 18:33:23.807  1890  1954 D SystemServerInitThreadPool: Finished executing Init ContextHubSystemService
01-31 18:33:23.807  1890  1890 I SystemServer: StartCommonTimeManagementService
01-31 18:33:23.807  1890  1890 D SystemServerTiming: StartCommonTimeManagementService took to complete: 0ms
01-31 18:33:23.808  1890  1890 I SystemServer: CertBlacklister
01-31 18:33:23.809  1890  1890 D SystemServerTiming: CertBlacklister took to complete: 1ms
01-31 18:33:23.809  1890  1890 I SystemServer: StartEmergencyAffordanceService
01-31 18:33:23.809  1890  1890 I SystemServiceManager: Starting com.android.server.emergency.EmergencyAffordanceService
01-31 18:33:23.810  1890  1890 D SystemServerTiming: StartEmergencyAffordanceService took to complete: 0ms
01-31 18:33:23.810  1890  1890 I SystemServer: StartDreamManager
01-31 18:33:23.810  1890  1890 I SystemServiceManager: Starting com.android.server.dreams.DreamManagerService
01-31 18:33:23.811  1890  1890 D SystemServerTiming: StartDreamManager took to complete: 1ms
01-31 18:33:23.811  1890  1890 I SystemServer: AddGraphicsStatsService
01-31 18:33:23.813  1890  1890 D SystemServerTiming: AddGraphicsStatsService took to complete: 2ms
01-31 18:33:23.813  1890  1890 I SystemServer: StartPrintManager
01-31 18:33:23.813  1890  1890 I SystemServiceManager: Starting com.android.server.print.PrintManagerService
01-31 18:33:23.814  1890  1890 D SystemServerTiming: StartPrintManager took to complete: 1ms
01-31 18:33:23.814  1890  1890 I SystemServer: StartRestrictionManager
01-31 18:33:23.814  1890  1890 I SystemServiceManager: Starting com.android.server.restrictions.RestrictionsManagerService
01-31 18:33:23.815  1890  1890 D SystemServerTiming: StartRestrictionManager took to complete: 1ms
01-31 18:33:23.815  1890  1890 I SystemServer: StartMediaSessionService
01-31 18:33:23.815  1890  1890 I SystemServiceManager: Starting com.android.server.media.MediaSessionService
01-31 18:33:23.817  1890  1890 D SystemServerTiming: StartMediaSessionService took to complete: 2ms
01-31 18:33:23.817  1890  1890 I SystemServer: StartMediaUpdateService
01-31 18:33:23.817  1890  1890 I SystemServiceManager: Starting com.android.server.media.MediaUpdateService
01-31 18:33:23.818  1890  1890 D SystemServerTiming: StartMediaUpdateService took to complete: 1ms
01-31 18:33:23.818  1890  1890 I SystemServer: StartMediaResourceMonitor
01-31 18:33:23.818  1890  1890 I SystemServiceManager: Starting com.android.server.media.MediaResourceMonitorService
01-31 18:33:23.818  1890  1890 D SystemServerTiming: StartMediaResourceMonitor took to complete: 0ms
01-31 18:33:23.818  1890  1890 I SystemServer: StartMediaRouterService
01-31 18:33:23.820  1890  1890 D SystemServerTiming: StartMediaRouterService took to complete: 2ms
01-31 18:33:23.820  1890  1890 I SystemServer: StartFingerprintSensor
01-31 18:33:23.820  1890  1890 I SystemServiceManager: Starting com.android.server.fingerprint.FingerprintService
01-31 18:33:23.822  1890  1903 D SystemServerInitThreadPool: Started executing FingerprintService.onStart
01-31 18:33:23.822  1890  1903 V FingerprintService: mDaemon was null, reconnect to fingerprint
01-31 18:33:23.823  1890  1890 D SystemServerTiming: StartFingerprintSensor took to complete: 3ms
01-31 18:33:23.823  1890  1890 I SystemServer: StartBackgroundDexOptService
01-31 18:33:23.823  1890  1890 W BackgroundDexOptService: SysProp pm.dexopt.downgrade_after_inactive_days not set
01-31 18:33:23.824  1890  1890 D SystemServerTiming: StartBackgroundDexOptService took to complete: 1ms
01-31 18:33:23.824  1890  1890 I SystemServer: StartPruneInstantAppsJobService
01-31 18:33:23.824  1890  1890 D SystemServerTiming: StartPruneInstantAppsJobService took to complete: 0ms
01-31 18:33:23.824  1890  1890 I SystemServer: StartShortcutServiceLifecycle
01-31 18:33:23.824  1890  1890 I SystemServiceManager: Starting com.android.server.pm.ShortcutService$Lifecycle
01-31 18:33:23.826  1890  1890 D SystemServerTiming: StartShortcutServiceLifecycle took to complete: 2ms
01-31 18:33:23.826  1890  1890 I SystemServer: StartLauncherAppsService
01-31 18:33:23.826  1890  1890 I SystemServiceManager: Starting com.android.server.pm.LauncherAppsService
01-31 18:33:23.827  1890  1890 D SystemServerTiming: StartLauncherAppsService took to complete: 1ms
01-31 18:33:23.827  1890  1890 I SystemServer: StartCrossProfileAppsService
01-31 18:33:23.827  1890  1890 I SystemServiceManager: Starting com.android.server.pm.CrossProfileAppsService
01-31 18:33:23.828  1890  1890 D SystemServerTiming: StartCrossProfileAppsService took to complete: 1ms
01-31 18:33:23.828  1890  1890 I SystemServer: StartMediaProjectionManager
01-31 18:33:23.828  1890  1890 I SystemServiceManager: Starting com.android.server.media.projection.MediaProjectionManagerService
01-31 18:33:23.834  1890  1903 I android_os_HwBinder: HwBinder: Starting thread pool for default::android.hardware.biometrics.fingerprint@2.1::IBiometricsFingerprint
01-31 18:33:23.834  1890  1903 V FingerprintService: Fingerprint HAL id: 3989999616
01-31 18:33:23.864  1890  1890 V MediaRouter: Adding route: RouteInfo{ name=Phone, description=null, status=null, category=RouteCategory{ name=System types=ROUTE_TYPE_LIVE_AUDIO ROUTE_TYPE_LIVE_VIDEO  groupable=false }, supportedTypes=ROUTE_TYPE_LIVE_AUDIO ROUTE_TYPE_LIVE_VIDEO , presentationDisplay=null }
01-31 18:33:23.865  1752  1752 D FingerprintHal: ----------------> fingerprint_set_active_group -----------------> path /data/vendor_de/0/fpdata
01-31 18:33:23.865  1752  1752 D FingerprintHal: ----------------> loadFingerprints ----------------->
01-31 18:33:23.865  1752  1752 E FingerprintHal: Could not load fingerprints from storage at /data/vendor_de/0/fpdata/emufp.bin; it has not yet been created.
01-31 18:33:23.865  1752  1752 D FingerprintHal: ----------------> loadAuthenticatorId ----------------->
01-31 18:33:23.865  1752  1752 E FingerprintHal: Could not load authenticator id from storage at /data/vendor_de/0/fpdata/emuauthid.bin; it has not yet been created.
01-31 18:33:23.865  1752  1752 D FingerprintHal: ----------------> get_64bit_rand ----------------->
01-31 18:33:23.865  1752  1752 D FingerprintHal: ----------------> saveAuthenticatorId ----------------->
01-31 18:33:23.865  1752  1752 D FingerprintHal: Save authenticator id (0x6b8b4567327b23c6)
01-31 18:33:23.865  1890  1903 V FingerprintService: Enumerating user(0)
01-31 18:33:23.866  1890  1903 V FingerprintService: starting client InternalEnumerateClient(android), initiatedByClient = true
01-31 18:33:23.866  1752  1752 D FingerprintHal: ----------------> fingerprint_enumerate ----------------->
01-31 18:33:23.866  1752  1752 D android.hardware.biometrics.fingerprint@2.1-service: onEnumerate(fid=0, gid=0, rem=0)
01-31 18:33:23.867  1890  1903 D SystemServerInitThreadPool: Finished executing FingerprintService.onStart
01-31 18:33:23.872  1890  1890 V MediaRouter: Selecting route: RouteInfo{ name=Phone, description=null, status=null, category=RouteCategory{ name=System types=ROUTE_TYPE_LIVE_AUDIO ROUTE_TYPE_LIVE_VIDEO  groupable=false }, supportedTypes=ROUTE_TYPE_LIVE_AUDIO ROUTE_TYPE_LIVE_VIDEO , presentationDisplay=null }
01-31 18:33:23.874  1890  1890 D SystemServerTiming: StartMediaProjectionManager took to complete: 46ms
01-31 18:33:23.874  1890  1890 I SystemServer: StartSliceManagerService
01-31 18:33:23.874  1890  1890 I SystemServiceManager: Starting com.android.server.slice.SliceManagerService$Lifecycle
01-31 18:33:23.894  1890  1890 D SystemServerTiming: StartSliceManagerService took to complete: 20ms
01-31 18:33:23.894  1890  1890 I SystemServer: StartCameraServiceProxy
01-31 18:33:23.894  1890  1890 I SystemServiceManager: Starting com.android.server.camera.CameraServiceProxy
01-31 18:33:23.896  1890  1890 D SystemServerTiming: StartCameraServiceProxy took to complete: 2ms
01-31 18:33:23.896  1890  1890 I SystemServer: StartStatsCompanionService
01-31 18:33:23.896  1890  1890 I SystemServiceManager: Starting com.android.server.stats.StatsCompanionService$Lifecycle
01-31 18:33:23.896  1890  1890 E KernelUidCpuFreqTimeReader: Failed to read /proc/uid_time_in_state: java.io.FileNotFoundException: /proc/uid_time_in_state (No such file or directory)
01-31 18:33:23.896  1890  1890 D SystemServerTiming: StartStatsCompanionService took to complete: 0ms
01-31 18:33:23.896  1890  1890 I WindowManager: SAFE MODE not enabled
01-31 18:33:23.896  1890  1890 I SystemServer: StartJitCompilation
01-31 18:33:23.896  1890  1890 D SystemServerTiming: StartJitCompilation took to complete: 0ms
01-31 18:33:23.896  1890  1890 I SystemServer: StartMmsService
01-31 18:33:23.896  1890  1890 I SystemServiceManager: Starting com.android.server.MmsServiceBroker
01-31 18:33:23.897  1890  1890 D SystemServerTiming: StartMmsService took to complete: 1ms
01-31 18:33:23.897  1890  1890 I SystemServer: StartAutoFillService
01-31 18:33:23.897  1890  1890 I SystemServiceManager: Starting com.android.server.autofill.AutofillManagerService
01-31 18:33:23.897  1890  1890 I AutofillManagerService: Setting debug to true
01-31 18:33:23.898  1890  1890 D SystemServerTiming: StartAutoFillService took to complete: 1ms
01-31 18:33:23.898  1890  1890 I SystemServer: MakeVibratorServiceReady
01-31 18:33:23.899  1890  1890 D SystemServerTiming: MakeVibratorServiceReady took to complete: 1ms
01-31 18:33:23.899  1890  1890 I SystemServer: MakeLockSettingsServiceReady
01-31 18:33:23.946  1890  1890 I LockSettingsService: Migrated lock settings to new location
01-31 18:33:23.947  1890  1890 I LockSettingsService: Migrated per-user lock settings to new location
01-31 18:33:23.948  1890  1890 I LockSettingsService: Migrated biometric weak to use the fallback instead
01-31 18:33:23.951  1890  1890 I LockSettingsService: Migrated lockscreen disabled flag
01-31 18:33:23.955  1516  1516 W hwservicemanager: getTransport: Cannot find entry android.hardware.weaver@1.0::IWeaver/default in either framework or device manifest.
01-31 18:33:23.955  1890  1890 I SyntheticPasswordManager: Device does not support weaver
01-31 18:33:23.955  1516  1516 W hwservicemanager: getTransport: Cannot find entry android.hardware.authsecret@1.0::IAuthSecret/default in either framework or device manifest.
01-31 18:33:23.955  1890  1890 I LockSettingsService: Device doesn't implement AuthSecret HAL
01-31 18:33:23.956  1890  1890 E LockSettingsStorage: Cannot read file java.io.FileNotFoundException: /data/system/gatekeeper.password.key: open failed: ENOENT (No such file or directory)
01-31 18:33:23.956  1890  1890 E LockSettingsStorage: Cannot read file java.io.FileNotFoundException: /data/system/password.key: open failed: ENOENT (No such file or directory)
01-31 18:33:23.956  1890  1890 E LockSettingsStorage: Cannot read file java.io.FileNotFoundException: /data/system/gatekeeper.pattern.key: open failed: ENOENT (No such file or directory)
01-31 18:33:23.957  1890  1890 E LockSettingsStorage: Cannot read file java.io.FileNotFoundException: /data/system/gatekeeper.gesture.key: open failed: ENOENT (No such file or directory)
01-31 18:33:23.957  1890  1890 E LockSettingsStorage: Cannot read file java.io.FileNotFoundException: /data/system/gesture.key: open failed: ENOENT (No such file or directory)
01-31 18:33:23.957  1890  1890 D SystemServerTiming: MakeLockSettingsServiceReady took to complete: 58ms
01-31 18:33:23.957  1890  1890 I SystemServer: StartBootPhaseLockSettingsReady
01-31 18:33:23.957  1890  1890 I SystemServiceManager: Starting phase 480
01-31 18:33:23.959  1890  1953 D SystemServerInitThreadPool: Started executing DevicePolicyManager
01-31 18:33:23.959  1890  1953 D SystemServerInitThreadPool: Finished executing DevicePolicyManager
01-31 18:33:23.981  1890  1890 D SystemServerTiming: StartBootPhaseLockSettingsReady took to complete: 24ms
01-31 18:33:23.981  1890  1890 I SystemServer: StartBootPhaseSystemServicesReady
01-31 18:33:23.981  1890  1890 I SystemServiceManager: Starting phase 500
01-31 18:33:23.984  1890  1890 D AppStandbyController: Setting app idle enabled state
01-31 18:33:23.986  1890  1890 D AppStandbyController: Initializing defaults for system apps on user 0, appIdleEnabled=false
01-31 18:33:23.987  1890  1890 E AppIdleHistory: Unable to read app idle file for user 0
01-31 18:33:23.989  1890  1890 I VrManagerService: No default vr listener service found.
01-31 18:33:23.994  1890  1911 E KernelUidCpuFreqTimeReader: Failed to read /proc/uid_time_in_state: java.io.FileNotFoundException: /proc/uid_time_in_state (No such file or directory)
01-31 18:33:24.015  1890  1890 I WifiService: WifiService starting up with Wi-Fi enabled
01-31 18:33:24.031  1890  2000 I android_os_HwBinder: HwBinder: Starting thread pool for default::android.hidl.manager@1.0::IServiceManager
01-31 18:33:24.048  1890  2019 D HalDevMgr: IWifi registration notification: fqName=android.hardware.wifi@1.0::IWifi, name=default, preexisting=true
01-31 18:33:24.063  1890  2019 I android_os_HwBinder: HwBinder: Starting thread pool for default::android.hardware.wifi@1.0::IWifi
01-31 18:33:24.066  1890  2000 D WificondControl: tearing down interfaces in wificond
01-31 18:33:24.083  1890  1890 D WifiService: setWifiEnabled: true pid=1890, uid=1000, package=android
01-31 18:33:24.084  1890  1890 I WifiService: setWifiEnabled package=android uid=1000 enable=true
01-31 18:33:24.096  1890  1890 W SystemServiceManager: Service com.android.server.wifi.WifiService took 81 ms in onBootPhase
01-31 18:33:24.096  1890  1890 I WifiScanningService: Starting wifiscanner
01-31 18:33:24.107  1890  1890 D ZenLog  : config: cleanUpZenRules,ZenModeConfig[user=0,allowAlarms=true,allowMedia=true,allowSystem=false,allowReminders=false,allowEvents=false,allowCalls=true,allowRepeatCallers=true,allowMessages=false,allowCallsFrom=stars,allowMessagesFrom=contacts,suppressedVisualEffects=511,areChannelsBypassingDnd=false,automaticRules={EVENTS_DEFAULT_RULE=ZenRule[enabled=false,snoozing=false,name=Event,zenMode=ZEN_MODE_IMPORTANT_INTERRUPTIONS,conditionId=condition://android/event?userId=-10000&calendar=&reply=1,condition=null,component=ComponentInfo{android/com.android.server.notification.EventConditionProvider},id=EVENTS_DEFAULT_RULE,creationTime=1548948803524,enabler=null], EVERY_NIGHT_DEFAULT_RULE=ZenRule[enabled=false,snoozing=false,name=Sleeping,zenMode=ZEN_MODE_IMPORTANT_INTERRUPTIONS,conditionId=condition://android/schedule?days=1.2.3.4.5.6.7&start=22.0&end=7.0&exitAtAlarm=true,condition=null,component=ComponentInfo{android/com.android.server.notification.ScheduleConditionProvider},id=EVERY_NIGHT_DEFAULT_RULE,creationTime=1548948803524,enabler=null]},manualRule=null],Diff[]
01-31 18:33:24.107  1890  1890 D ZenLog  : set_zen_mode: off,onSystemReady
01-31 18:33:24.119  1587  1641 D PermissionCache: checking android.permission.CAPTURE_AUDIO_HOTWORD for uid=1000 => granted (7516 us)
01-31 18:33:24.120  1890  1890 W SoundTriggerHelper: listModules status=0, # of modules=0
01-31 18:33:24.136  1890  1890 D ContextHubSystemService: onBootPhase: PHASE_SYSTEM_SERVICES_READY
01-31 18:33:24.138  1890  1890 D SystemServerTiming: StartBootPhaseSystemServicesReady took to complete: 157ms
01-31 18:33:24.138  1890  1890 I SystemServer: MakeWindowManagerServiceReady
01-31 18:33:24.145  1890  2000 D WifiStateMachinePrime: received a message in WifiDisabledState: { when=-1ms what=3 target=com.android.internal.util.StateMachine$SmHandler }
01-31 18:33:24.145  1890  2000 D WifiStateMachinePrime: Switching from WifiDisabledState to WifiDisabled
01-31 18:33:24.145  1890  2000 D WifiStateMachinePrime: Entering WifiDisabledState
01-31 18:33:24.145  1890  2000 D ActiveModeManager: sending scan available broadcast: false
01-31 18:33:24.145  1890  1999 D WifiController: WifiController msg { when=-49ms what=155656 target=com.android.internal.util.StateMachine$SmHandler } deferred for 500ms
01-31 18:33:24.149  1890  1890 I android_os_HwBinder: HwBinder: Starting thread pool for default::android.hardware.configstore@1.0::ISurfaceFlingerConfigs
01-31 18:33:24.167  1890  1890 D SystemServerTiming: MakeWindowManagerServiceReady took to complete: 27ms
01-31 18:33:24.168  1890  1890 I SystemServer: MakePowerManagerServiceReady
01-31 18:33:24.186  1890  1911 E KernelUidCpuFreqTimeReader: Failed to read /proc/uid_time_in_state: java.io.FileNotFoundException: /proc/uid_time_in_state (No such file or directory)
01-31 18:33:24.187  1890  1911 E KernelUidCpuFreqTimeReader: Failed to read /proc/uid_time_in_state: java.io.FileNotFoundException: /proc/uid_time_in_state (No such file or directory)
01-31 18:33:24.189  1890  1917 W KeyguardServiceDelegate: onScreenTurningOn(): no keyguard service!
01-31 18:33:24.207  1890  1890 D SystemServerTiming: MakePowerManagerServiceReady took to complete: 39ms
01-31 18:33:24.207  1890  1890 I SystemServer: MakePackageManagerServiceReady
01-31 18:33:24.210  1890  1890 I DefaultPermGrantPolicy: Granting permissions to platform components for user 0
01-31 18:33:24.210  1526  1530 D vold    : Remounting 1001 as mode none
01-31 18:33:24.212  1526  1530 D vold    : Found matching PID 1746
01-31 18:33:24.212  1526  1530 W vold    : Skipping due to root namespace
01-31 18:33:24.212  1526  1530 D vold    : Remounting 1001 as mode none
01-31 18:33:24.213  1526  1530 D vold    : Found matching PID 1746
01-31 18:33:24.213  1526  1530 W vold    : Skipping due to root namespace
01-31 18:33:24.214  1526  1530 D vold    : Remounting 1027 as mode none
01-31 18:33:24.221  1526  1530 D vold    : Remounting 1027 as mode none
01-31 18:33:24.236  1526  1530 D vold    : Remounting 1000 as mode none
01-31 18:33:24.236  1526  1530 D vold    : Found matching PID 1515
01-31 18:33:24.236  1526  1530 W vold    : Skipping due to root namespace
01-31 18:33:24.236  1526  1530 D vold    : Found matching PID 1516
01-31 18:33:24.236  1526  1530 W vold    : Skipping due to root namespace
01-31 18:33:24.236  1526  1530 D vold    : Found matching PID 1518
01-31 18:33:24.236  1526  1530 W vold    : Skipping due to root namespace
01-31 18:33:24.236  1526  1530 D vold    : Found matching PID 1525
01-31 18:33:24.236  1526  1530 W vold    : Skipping due to root namespace
01-31 18:33:24.236  1526  1530 D vold    : Found matching PID 1566
01-31 18:33:24.236  1526  1530 W vold    : Skipping due to root namespace
01-31 18:33:24.236  1526  1530 D vold    : Found matching PID 1568
01-31 18:33:24.236  1526  1530 W vold    : Skipping due to root namespace
01-31 18:33:24.237  1526  1530 D vold    : Found matching PID 1573
01-31 18:33:24.237  1526  1530 W vold    : Skipping due to root namespace
01-31 18:33:24.237  1526  1530 D vold    : Found matching PID 1577
01-31 18:33:24.237  1526  1530 W vold    : Skipping due to root namespace
01-31 18:33:24.237  1526  1530 D vold    : Found matching PID 1579
01-31 18:33:24.237  1526  1530 W vold    : Skipping due to root namespace
01-31 18:33:24.237  1526  1530 D vold    : Found matching PID 1581
01-31 18:33:24.237  1526  1530 W vold    : Skipping due to root namespace
01-31 18:33:24.237  1526  1530 D vold    : Found matching PID 1582
01-31 18:33:24.237  1526  1530 W vold    : Skipping due to root namespace
01-31 18:33:24.237  1526  1530 D vold    : Found matching PID 1583
01-31 18:33:24.237  1526  1530 W vold    : Skipping due to root namespace
01-31 18:33:24.237  1526  1530 D vold    : Found matching PID 1590
01-31 18:33:24.237  1526  1530 W vold    : Skipping due to root namespace
01-31 18:33:24.237  1526  1530 D vold    : Found matching PID 1730
01-31 18:33:24.237  1526  1530 W vold    : Skipping due to root namespace
01-31 18:33:24.237  1526  1530 D vold    : Found matching PID 1748
01-31 18:33:24.237  1526  1530 W vold    : Skipping due to root namespace
01-31 18:33:24.238  1526  1530 D vold    : Found matching PID 1752
01-31 18:33:24.238  1526  1530 W vold    : Skipping due to root namespace
01-31 18:33:24.239  1526  1530 D vold    : Found matching PID 1767
01-31 18:33:24.239  1526  1530 W vold    : Skipping due to root namespace
01-31 18:33:24.239  1526  1530 D vold    : Found matching PID 1890
01-31 18:33:24.292  1526  1530 D vold    : Remounting 1000 as mode none
01-31 18:33:24.305  1526  1530 D vold    : Found matching PID 1515
01-31 18:33:24.305  1526  1530 W vold    : Skipping due to root namespace
01-31 18:33:24.305  1526  1530 D vold    : Found matching PID 1516
01-31 18:33:24.305  1526  1530 W vold    : Skipping due to root namespace
01-31 18:33:24.305  1526  1530 D vold    : Found matching PID 1518
01-31 18:33:24.305  1526  1530 W vold    : Skipping due to root namespace
01-31 18:33:24.305  1526  1530 D vold    : Found matching PID 1525
01-31 18:33:24.305  1526  1530 W vold    : Skipping due to root namespace
01-31 18:33:24.305  1526  1530 D vold    : Found matching PID 1566
01-31 18:33:24.305  1526  1530 W vold    : Skipping due to root namespace
01-31 18:33:24.305  1526  1530 D vold    : Found matching PID 1568
01-31 18:33:24.305  1526  1530 W vold    : Skipping due to root namespace
01-31 18:33:24.306  1526  1530 D vold    : Found matching PID 1573
01-31 18:33:24.306  1526  1530 W vold    : Skipping due to root namespace
01-31 18:33:24.306  1526  1530 D vold    : Found matching PID 1577
01-31 18:33:24.306  1526  1530 W vold    : Skipping due to root namespace
01-31 18:33:24.306  1526  1530 D vold    : Found matching PID 1579
01-31 18:33:24.306  1526  1530 W vold    : Skipping due to root namespace
01-31 18:33:24.306  1526  1530 D vold    : Found matching PID 1581
01-31 18:33:24.306  1526  1530 W vold    : Skipping due to root namespace
01-31 18:33:24.306  1526  1530 D vold    : Found matching PID 1582
01-31 18:33:24.306  1526  1530 W vold    : Skipping due to root namespace
01-31 18:33:24.306  1526  1530 D vold    : Found matching PID 1583
01-31 18:33:24.306  1526  1530 W vold    : Skipping due to root namespace
01-31 18:33:24.306  1526  1530 D vold    : Found matching PID 1590
01-31 18:33:24.306  1526  1530 W vold    : Skipping due to root namespace
01-31 18:33:24.306  1526  1530 D vold    : Found matching PID 1730
01-31 18:33:24.306  1526  1530 W vold    : Skipping due to root namespace
01-31 18:33:24.306  1526  1530 D vold    : Found matching PID 1748
01-31 18:33:24.306  1526  1530 W vold    : Skipping due to root namespace
01-31 18:33:24.306  1526  1530 D vold    : Found matching PID 1752
01-31 18:33:24.306  1526  1530 W vold    : Skipping due to root namespace
01-31 18:33:24.306  1526  1530 D vold    : Found matching PID 1767
01-31 18:33:24.306  1526  1530 W vold    : Skipping due to root namespace
01-31 18:33:24.306  1526  1530 D vold    : Found matching PID 1890
01-31 18:33:24.334  1526  1530 D vold    : Remounting 2000 as mode none
01-31 18:33:24.334  1526  1530 D vold    : Found matching PID 1600
01-31 18:33:24.334  1526  1530 W vold    : Skipping due to root namespace
01-31 18:33:24.334  1526  1530 D vold    : Found matching PID 1605
01-31 18:33:24.334  1526  1530 W vold    : Skipping due to root namespace
01-31 18:33:24.335  1526  1530 D vold    : Found matching PID 2027
01-31 18:33:24.335  1526  1530 W vold    : Skipping due to root namespace
01-31 18:33:24.335  1526  1530 D vold    : Remounting 2000 as mode none
01-31 18:33:24.336  1526  1530 D vold    : Found matching PID 1600
01-31 18:33:24.336  1526  1530 W vold    : Skipping due to root namespace
01-31 18:33:24.336  1526  1530 D vold    : Found matching PID 1605
01-31 18:33:24.336  1526  1530 W vold    : Skipping due to root namespace
01-31 18:33:24.336  1526  1530 D vold    : Found matching PID 2027
01-31 18:33:24.336  1526  1530 W vold    : Skipping due to root namespace
01-31 18:33:24.337  1526  1530 D vold    : Remounting 10039 as mode none
01-31 18:33:24.343  1526  1530 D vold    : Remounting 10039 as mode none
01-31 18:33:24.362  1526  1530 D vold    : Remounting 1002 as mode none
01-31 18:33:24.363  1526  1530 D vold    : Remounting 1002 as mode none
01-31 18:33:24.365  1890  1890 I DefaultPermGrantPolicy: Granting permissions to default platform handlers for user 0
01-31 18:33:24.381  1890  1890 I SyncManager: No initial accounts
01-31 18:33:24.381  1890  1890 I SyncManager: No initial status
01-31 18:33:24.382  1890  1890 I SyncManager: No initial statistics
01-31 18:33:24.476  1526  1530 D vold    : Remounting 10026 as mode none
01-31 18:33:24.480  1526  1530 D vold    : Remounting 10065 as mode none
01-31 18:33:24.482  1526  1530 D vold    : Remounting 10065 as mode none
01-31 18:33:24.498  1526  1526 D vold    : Remounting 10005 as mode none
01-31 18:33:24.517  1526  1526 D vold    : Remounting 10005 as mode none
01-31 18:33:24.520  1526  1526 D vold    : Remounting 10012 as mode none
01-31 18:33:24.524  1526  1526 D vold    : Remounting 10012 as mode none
01-31 18:33:24.529  1526  1530 D vold    : Remounting 10028 as mode none
01-31 18:33:24.531  1526  1530 D vold    : Remounting 10028 as mode none
01-31 18:33:24.557  1526  1530 D vold    : Remounting 10046 as mode none
01-31 18:33:24.558  1526  1530 D vold    : Remounting 10046 as mode none
01-31 18:33:24.560  1526  1530 D vold    : Remounting 10008 as mode none
01-31 18:33:24.561  1526  1530 D vold    : Remounting 10008 as mode none
01-31 18:33:24.567  1526  1530 D vold    : Remounting 10076 as mode none
01-31 18:33:24.568  1526  1530 D vold    : Remounting 10076 as mode none
01-31 18:33:24.605  1526  1530 D vold    : Remounting 10016 as mode none
01-31 18:33:24.606  1526  1530 D vold    : Remounting 10016 as mode none
01-31 18:33:24.607  1526  1530 D vold    : Remounting 10055 as mode none
01-31 18:33:24.611  1526  1530 D vold    : Remounting 10055 as mode none
01-31 18:33:24.613  1526  1530 D vold    : Remounting 10023 as mode none
01-31 18:33:24.614  1526  1530 D vold    : Remounting 10023 as mode none
01-31 18:33:24.616  1526  1530 D vold    : Remounting 10031 as mode none
01-31 18:33:24.619  1526  1530 D vold    : Remounting 10031 as mode none
01-31 18:33:24.643  1890  1890 V UserDataPreparer: Found /data/user_de/0 with serial number -1
01-31 18:33:24.643  1890  1890 D UserDataPreparer: Serial number missing on /data/user_de/0; assuming current is valid
01-31 18:33:24.643  1890  1890 V UserDataPreparer: Found /data/user/0 with serial number -1
01-31 18:33:24.643  1890  1890 D UserDataPreparer: Serial number missing on /data/user/0; assuming current is valid
01-31 18:33:24.643  1890  1890 V UserDataPreparer: Found /data/system_de/0 with serial number -1
01-31 18:33:24.643  1890  1890 D UserDataPreparer: Serial number missing on /data/system_de/0; assuming current is valid
01-31 18:33:24.643  1890  1890 D SystemServerTiming: MakePackageManagerServiceReady took to complete: 436ms
01-31 18:33:24.643  1890  1890 I SystemServer: MakeDisplayManagerServiceReady
01-31 18:33:24.644  1890  1890 D SystemServerTiming: MakeDisplayManagerServiceReady took to complete: 1ms
01-31 18:33:24.644  1890  1890 I SystemServer: StartDeviceSpecificServices
01-31 18:33:24.644  1890  1890 D SystemServerTiming: StartDeviceSpecificServices took to complete: 0ms
01-31 18:33:24.644  1890  1890 I SystemServer: StartBootPhaseDeviceSpecificServicesReady
01-31 18:33:24.644  1890  1890 I SystemServiceManager: Starting phase 520
01-31 18:33:24.644  1890  1890 D SystemServerTiming: StartBootPhaseDeviceSpecificServicesReady took to complete: 0ms
01-31 18:33:24.645  1890  1890 W UsageStatsService: Event reported without a package name
01-31 18:33:24.651  1890  1999 D WifiController: DEFERRED_TOGGLE handled
01-31 18:33:24.651  1890  1999 D WifiController: StaEnabledState.enter()
01-31 18:33:24.651  1890  2000 D WifiStateMachinePrime: received a message in WifiDisabledState: { when=0 what=0 target=com.android.internal.util.StateMachine$SmHandler }
01-31 18:33:24.651  1890  2000 D WifiStateMachinePrime: Switching from WifiDisabledState to ClientMode
01-31 18:33:24.651  1890  2000 D WifiStateMachinePrime: Entering ClientModeActiveState
01-31 18:33:24.651  1890  2000 D WifiClientModeManager: entering IdleState
01-31 18:33:24.651  1890  2000 D WifiStateMachinePrime: State changed from client mode. state = 2
01-31 18:33:24.652  1890  1890 I ActivityManager: System now ready
01-31 18:33:24.654  1584  1584 I android.hardware.wifi@1.0-service: Wifi HAL started
01-31 18:33:24.656  1890  2000 I WifiVendorHal: Vendor Hal started successfully
01-31 18:33:24.657  1890  2004 I WifiP2pNative: Registering for interface available listener
01-31 18:33:24.682  1890  1890 I SystemServer: Making services ready
01-31 18:33:24.682  1890  1890 I SystemServer: StartActivityManagerReadyPhase
01-31 18:33:24.682  1890  1890 I SystemServiceManager: Starting phase 550
01-31 18:33:24.683  1890  2004 D WifiP2pNative: P2P InterfaceAvailableListener true
01-31 18:33:24.683  1890  2004 D WifiP2pService: Wifi enabled=false, P2P Interface availability=true, Number of clients=0
01-31 18:33:24.683  1890  2004 D WifiP2pService: Wifi enabled=false, P2P Interface availability=true
01-31 18:33:24.684  1890  1890 W ActivityManager: Too early to start/bind service in system_server: Phase=550 ComponentInfo{com.android.server.telecom/com.android.server.telecom.components.TelecomService}
01-31 18:33:24.684  1890  1890 W ActivityManager: Too early to start/bind service in system_server: Phase=550 ComponentInfo{com.android.server.telecom/com.android.server.telecom.components.TelecomService}
01-31 18:33:24.722  1890  2000 I android_os_HwBinder: HwBinder: Starting thread pool for default::android.hidl.manager@1.0::IServiceManager
01-31 18:33:24.797  1890  1890 D PackageManager: Instant App installer not found with android.intent.action.INSTALL_INSTANT_APP_PACKAGE
01-31 18:33:24.797  1890  1890 D PackageManager: Clear ephemeral installer activity
01-31 18:33:24.798  1890  1890 D PackageManager: Instant App installer not found with android.intent.action.INSTALL_INSTANT_APP_PACKAGE
01-31 18:33:24.798  1890  1890 D PackageManager: Clear ephemeral installer activity
01-31 18:33:24.825  1890  1909 I ActivityManager: Start proc 2032:com.google.android.inputmethod.latin/u0a44 for service com.google.android.inputmethod.latin/com.android.inputmethod.latin.LatinIME
01-31 18:33:24.829  1890  1890 W SystemServiceManager: Service com.android.server.InputMethodManagerService$Lifecycle took 140 ms in onBootPhase
01-31 18:33:24.829  1890  1975 D StorageManagerService: Thinking about init, mSystemReady=true, mDaemonConnected=true
01-31 18:33:24.829  1890  1975 D StorageManagerService: Setting up emulation state, initlocked=false
01-31 18:33:24.830  1526  1530 D vold    : e4crypt_unlock_user_key 0 serial=0 token_present=0
01-31 18:33:24.830  1526  1530 E vold    : Failed to chmod /data/system_ce/0: No such file or directory
01-31 18:33:24.830  1526  1530 E vold    : Failed to chmod /data/misc_ce/0: No such file or directory
01-31 18:33:24.830  1526  1530 E vold    : Failed to chmod /data/media/0: No such file or directory
01-31 18:33:24.830  1890  1975 D StorageManagerService: Thinking about reset, mSystemReady=true, mDaemonConnected=true
01-31 18:33:24.831  1890  1907 I ActivityManager: Force stopping com.android.providers.media appid=10005 user=-1: vold reset
01-31 18:33:24.848  1890  1949 V StorageManagerService: Found primary storage at VolumeInfo{emulated}:
01-31 18:33:24.848  1890  1949 V StorageManagerService:     type=EMULATED diskId=null partGuid= mountFlags=0 mountUserId=-1 
01-31 18:33:24.848  1890  1949 V StorageManagerService:     state=UNMOUNTED 
01-31 18:33:24.848  1890  1949 V StorageManagerService:     fsType=null fsUuid=null fsLabel=null 
