01-31 18:56:11.432  2626  3089 W GoogleHttpServiceClient: 	at yod.a(:com.google.android.gms@13280022@13.2.80 (040700-211705629):17)
01-31 18:56:11.432  2626  3089 W GoogleHttpServiceClient: 	at yod.execute(:com.google.android.gms@13280022@13.2.80 (040700-211705629):8)
01-31 18:56:11.432  2626  3089 W GoogleHttpServiceClient: 	at yod.execute(:com.google.android.gms@13280022@13.2.80 (040700-211705629):7)
01-31 18:56:11.432  2626  3089 W GoogleHttpServiceClient: 	at aiqx.a(:com.google.android.gms@13280022@13.2.80 (040700-211705629):32)
01-31 18:56:11.432  2626  3089 W GoogleHttpServiceClient: 	at aird.a(:com.google.android.gms@13280022@13.2.80 (040700-211705629):669)
01-31 18:56:11.432  2626  3089 W GoogleHttpServiceClient: 	at aird.a(:com.google.android.gms@13280022@13.2.80 (040700-211705629):374)
01-31 18:56:11.432  2626  3089 W GoogleHttpServiceClient: 	at aird.a(:com.google.android.gms@13280022@13.2.80 (040700-211705629):478)
01-31 18:56:11.432  2626  3089 W GoogleHttpServiceClient: 	at aird.a(:com.google.android.gms@13280022@13.2.80 (040700-211705629):688)
01-31 18:56:11.432  2626  3089 W GoogleHttpServiceClient: 	at aiqf.b(:com.google.android.gms@13280022@13.2.80 (040700-211705629):39)
01-31 18:56:11.432  2626  3089 W GoogleHttpServiceClient: 	at aiph.a(:com.google.android.gms@13280022@13.2.80 (040700-211705629):85)
01-31 18:56:11.432  2626  3089 W GoogleHttpServiceClient: 	at aiph.a(:com.google.android.gms@13280022@13.2.80 (040700-211705629):77)
01-31 18:56:11.432  2626  3089 W GoogleHttpServiceClient: 	at wwk.run(:com.google.android.gms@13280022@13.2.80 (040700-211705629):29)
01-31 18:56:11.432  2626  3089 W GoogleHttpServiceClient: 	at bdbk.run(:com.google.android.gms@13280022@13.2.80 (040700-211705629):2)
01-31 18:56:11.432  2626  3089 W GoogleHttpServiceClient: 	at qcr.run(:com.google.android.gms@13280022@13.2.80 (040700-211705629):21)
01-31 18:56:11.432  2626  3089 W GoogleHttpServiceClient: 	at java.util.concurrent.ThreadPoolExecutor.runWorker(ThreadPoolExecutor.java:1167)
01-31 18:56:11.432  2626  3089 W GoogleHttpServiceClient: 	at java.util.concurrent.ThreadPoolExecutor$Worker.run(ThreadPoolExecutor.java:641)
01-31 18:56:11.432  2626  3089 W GoogleHttpServiceClient: 	at qiv.run(Unknown Source:7)
01-31 18:56:11.432  2626  3089 W GoogleHttpServiceClient: 	at java.lang.Thread.run(Thread.java:764)
01-31 18:56:11.569  2626  3063 I GeofencerStateMachine: removeGeofences: removeRequest=RemoveGeofencingRequest[REMOVE_BY_PENDING_INTENT pendingIntent=PendingIntent[creatorPackage=com.google.android.gms], packageName=null]
01-31 18:56:11.655  2568  3160 I CheckinRequestProcessor: Gmscore running on device, checkin will use Gmscore context
01-31 18:56:11.656  2568  3160 I CheckinRequestBuilder: Checkin reason type: 5 attempt count: 1
01-31 18:56:11.685  2626  3089 W Conscrypt: Could not set socket write timeout: java.lang.reflect.InvocationTargetException
01-31 18:56:11.686  2626  3089 W Conscrypt: 	at java.lang.reflect.Method.invoke(Native Method)
01-31 18:56:11.686  2626  3089 W Conscrypt: 	at com.google.android.gms.org.conscrypt.Platform.setSocketWriteTimeout(:com.google.android.gms@13280022@13.2.80 (040700-211705629):13)
01-31 18:56:11.686  2626  3089 W Conscrypt: Caused by: android.system.ErrnoException: setsockopt failed: EBADF (Bad file descriptor)
01-31 18:56:11.686  2626  3089 W Conscrypt: 	at libcore.io.Linux.setsockoptTimeval(Native Method)
01-31 18:56:11.686  2626  3089 W Conscrypt: 	at libcore.io.ForwardingOs.setsockoptTimeval(ForwardingOs.java:174)
01-31 18:56:11.698  2568  3120 W Conscrypt: Could not set socket write timeout: java.lang.reflect.InvocationTargetException
01-31 18:56:11.698  2568  3120 W Conscrypt: 	at java.lang.reflect.Method.invoke(Native Method)
01-31 18:56:11.698  2568  3120 W Conscrypt: 	at com.google.android.gms.org.conscrypt.Platform.setSocketWriteTimeout(:com.google.android.gms@13280022@13.2.80 (040700-211705629):13)
01-31 18:56:11.698  2568  3120 W Conscrypt: Caused by: android.system.ErrnoException: setsockopt failed: EBADF (Bad file descriptor)
01-31 18:56:11.698  2568  3120 W Conscrypt: 	at libcore.io.Linux.setsockoptTimeval(Native Method)
01-31 18:56:11.698  2568  3120 W Conscrypt: 	at libcore.io.ForwardingOs.setsockoptTimeval(ForwardingOs.java:174)
01-31 18:56:11.706  2568  3138 I Ads     : Parental control value is stale. Refreshing.
01-31 18:56:11.707  2568  3138 W Ads     : Play store is not installed or the service for parental controls is not available.
01-31 18:56:11.708  2568  3138 I Ads     : Initialized AdMob in container 13.2.80 (040700-211705629)
01-31 18:56:11.750  2712  2712 W earchbox:searc: Long monitor contention with owner NonUserFacing0 (2881) at boolean android.os.MessageQueue.enqueueMessage(android.os.Message, long)(MessageQueue.java:544) waiters=0 in android.os.Message android.os.MessageQueue.next() for 166ms
01-31 18:56:11.760  2768  2855 D ProtoStore: deleting smartspace_current
01-31 18:56:11.760  2768  2855 D ProtoStore: no cached data
01-31 18:56:11.760  2768  2855 D ProtoStore: no cached data
01-31 18:56:11.769  1887  2906 D PackageManager: Instant App installer not found with android.intent.action.INSTALL_INSTANT_APP_PACKAGE
01-31 18:56:11.770  1887  2906 D PackageManager: Clear ephemeral installer activity
01-31 18:56:11.797  2712  2732 I earchbox:searc: Background concurrent copying GC freed 97577(4MB) AllocSpace objects, 7(1412KB) LOS objects, 49% free, 5MB/10MB, paused 41us total 301.256ms
01-31 18:56:11.821  1887  2906 D PackageManager: Instant App installer not found with android.intent.action.INSTALL_INSTANT_APP_PACKAGE
01-31 18:56:11.821  1887  2906 D PackageManager: Clear ephemeral installer activity
01-31 18:56:11.823  1887  2565 D PackageManager: Instant App installer not found with android.intent.action.INSTALL_INSTANT_APP_PACKAGE
01-31 18:56:11.823  1887  2565 D PackageManager: Clear ephemeral installer activity
01-31 18:56:11.824  1887  2565 D PackageManager: Instant App installer not found with android.intent.action.INSTALL_INSTANT_APP_PACKAGE
01-31 18:56:11.824  1887  2565 D PackageManager: Clear ephemeral installer activity
01-31 18:56:11.824  1887  2565 D PackageManager: Instant App installer not found with android.intent.action.INSTALL_INSTANT_APP_PACKAGE
01-31 18:56:11.824  1887  2565 D PackageManager: Clear ephemeral installer activity
01-31 18:56:11.824  1887  2565 D PackageManager: Instant App installer not found with android.intent.action.INSTALL_INSTANT_APP_PACKAGE
01-31 18:56:11.824  1887  2565 D PackageManager: Clear ephemeral installer activity
01-31 18:56:11.825  1887  2565 D PackageManager: Instant App installer not found with android.intent.action.INSTALL_INSTANT_APP_PACKAGE
01-31 18:56:11.825  1887  2565 D PackageManager: Clear ephemeral installer activity
01-31 18:56:11.825  1887  2565 D PackageManager: Instant App installer not found with android.intent.action.INSTALL_INSTANT_APP_PACKAGE
01-31 18:56:11.825  1887  2565 D PackageManager: Clear ephemeral installer activity
01-31 18:56:11.825  1887  2565 D PackageManager: Instant App installer not found with android.intent.action.INSTALL_INSTANT_APP_PACKAGE
01-31 18:56:11.825  1887  2565 D PackageManager: Clear ephemeral installer activity
01-31 18:56:11.826  1887  2565 D PackageManager: Instant App installer not found with android.intent.action.INSTALL_INSTANT_APP_PACKAGE
01-31 18:56:11.826  1887  2565 D PackageManager: Clear ephemeral installer activity
01-31 18:56:11.826  1887  2906 D PackageManager: Instant App installer not found with android.intent.action.INSTALL_INSTANT_APP_PACKAGE
01-31 18:56:11.826  1887  2906 D PackageManager: Clear ephemeral installer activity
01-31 18:56:11.826  1887  2906 D PackageManager: Instant App installer not found with android.intent.action.INSTALL_INSTANT_APP_PACKAGE
01-31 18:56:11.826  1887  2906 D PackageManager: Clear ephemeral installer activity
01-31 18:56:11.826  1887  2906 D PackageManager: Instant App installer not found with android.intent.action.INSTALL_INSTANT_APP_PACKAGE
01-31 18:56:11.827  1887  2906 D PackageManager: Clear ephemeral installer activity
01-31 18:56:11.827  1887  2906 D PackageManager: Instant App installer not found with android.intent.action.INSTALL_INSTANT_APP_PACKAGE
01-31 18:56:11.827  1887  2906 D PackageManager: Clear ephemeral installer activity
01-31 18:56:11.827  1887  2906 D PackageManager: Instant App installer not found with android.intent.action.INSTALL_INSTANT_APP_PACKAGE
01-31 18:56:11.827  1887  2906 D PackageManager: Clear ephemeral installer activity
01-31 18:56:11.827  1887  2906 D PackageManager: Instant App installer not found with android.intent.action.INSTALL_INSTANT_APP_PACKAGE
01-31 18:56:11.827  1887  2906 D PackageManager: Clear ephemeral installer activity
01-31 18:56:11.829  1887  2906 D PackageManager: Instant App installer not found with android.intent.action.INSTALL_INSTANT_APP_PACKAGE
01-31 18:56:11.829  1887  2906 D PackageManager: Clear ephemeral installer activity
01-31 18:56:11.830  1887  2906 D PackageManager: Instant App installer not found with android.intent.action.INSTALL_INSTANT_APP_PACKAGE
01-31 18:56:11.831  1887  2906 D PackageManager: Clear ephemeral installer activity
01-31 18:56:11.846  2568  3138 I Auth    : [WorkAccount] update authenticator enabled for boot or update
01-31 18:56:11.930  2626  2626 W ChimeraUtils: Non Chimera context
01-31 18:56:11.930  2626  2626 W ChimeraUtils: Non Chimera context
01-31 18:56:11.932  2626  3187 I Auth    : [Change,AccountsChange] First snapshot
01-31 18:56:11.933  2626  3187 W WakefulBroadcastReceiv.: No active wake lock id #3
01-31 18:56:11.940  2626  2626 I GeofencerStateMachine: removeGeofences: removeRequest=RemoveGeofencingRequest[REMOVE_BY_PENDING_INTENT pendingIntent=PendingIntent[creatorPackage=com.google.android.gms], packageName=null]
01-31 18:56:11.942  2626  2626 I GeofencerStateMachine: removeGeofences: removeRequest=RemoveGeofencingRequest[REMOVE_BY_PENDING_INTENT pendingIntent=PendingIntent[creatorPackage=com.google.android.gms], packageName=null]
01-31 18:56:11.955  2568  2598 I gle.android.gm: Background concurrent copying GC freed 51228(3MB) AllocSpace objects, 6(312KB) LOS objects, 50% free, 2MB/5MB, paused 25.128ms total 141.482ms
01-31 18:56:11.983  2712  2712 I MicroDetectionWorker: #startMicroDetector [speakerMode: 0]
01-31 18:56:11.984  2712  2712 I AudioController: Using mInputStreamFactoryBuilder
01-31 18:56:11.984  2712  2712 I AudioController: Created new AudioSource
01-31 18:56:12.020  2712  2712 I MicroDetectionWorker: onReady
01-31 18:56:12.043  2626  3052 I Auth    : [WorkAccount] init work authenticator
01-31 18:56:12.046  2626  3088 E ctxmgr  : [NetworkUtil]No active synchronizable contexts.
01-31 18:56:12.049  2626  3052 I Auth    : [WorkAccount] updating authenticator enabled state to: false
01-31 18:56:12.050  1887  2649 D PackageManager: Instant App installer not found with android.intent.action.INSTALL_INSTANT_APP_PACKAGE
01-31 18:56:12.050  1887  2649 D PackageManager: Clear ephemeral installer activity
01-31 18:56:12.063  2626  3089 W Conscrypt: Could not set socket write timeout: java.lang.reflect.InvocationTargetException
01-31 18:56:12.063  2626  3089 W Conscrypt: 	at java.lang.reflect.Method.invoke(Native Method)
01-31 18:56:12.063  2626  3089 W Conscrypt: 	at com.google.android.gms.org.conscrypt.Platform.setSocketWriteTimeout(:com.google.android.gms@13280022@13.2.80 (040700-211705629):13)
01-31 18:56:12.063  2626  3089 W Conscrypt: Caused by: android.system.ErrnoException: setsockopt failed: EBADF (Bad file descriptor)
01-31 18:56:12.063  2626  3089 W Conscrypt: 	at libcore.io.Linux.setsockoptTimeval(Native Method)
01-31 18:56:12.063  2626  3089 W Conscrypt: 	at libcore.io.ForwardingOs.setsockoptTimeval(ForwardingOs.java:174)
01-31 18:56:12.078  2568  3138 I Auth    : [SupervisedAccountIntentOperation] onHandleIntent(): com.google.android.chimera.IntentOperation.NEW_MODULE
01-31 18:56:12.082  2568  3138 I Auth    : [SupervisedAccountIntentOperation] This operation is disabled
01-31 18:56:12.085  1887  1903 E memtrack: Couldn't load memtrack module
01-31 18:56:12.086  1887  1903 W android.os.Debug: failed to get memory consumption info: -1
01-31 18:56:12.101  2794  2823 W putmethod.lati: Suspending all threads took: 52.087ms
01-31 18:56:12.124  1887  2906 D PackageManager: Instant App installer not found with android.intent.action.INSTALL_INSTANT_APP_PACKAGE
01-31 18:56:12.124  1887  2906 D PackageManager: Clear ephemeral installer activity
01-31 18:56:12.134  1887  1906 I ActivityManager: Start proc 3204:android.process.media/u0a5 for broadcast com.android.providers.downloads/.DownloadReceiver
01-31 18:56:12.136  2626  3178 I Places  : ?: PlacesBleScanner start() with priority 2
01-31 18:56:12.141  2626  3139 W GCoreFlp: No location to return for getLastLocation()
01-31 18:56:12.144  2626  3139 W GCoreFlp: No location to return for getLastLocation()
01-31 18:56:12.154  3204  3204 W d.process.medi: Unexpected CPU variant for X86 using defaults: x86
01-31 18:56:12.191  3204  3204 I d.process.medi: The ClassLoaderContext is a special shared library.
01-31 18:56:12.204  1887  2649 D PackageManager: Instant App installer not found with android.intent.action.INSTALL_INSTANT_APP_PACKAGE
01-31 18:56:12.204  1887  2649 D PackageManager: Clear ephemeral installer activity
01-31 18:56:12.242  2568  3146 W ChmraDebugLogger: Suspected failure status/reason: [46] 
01-31 18:56:12.252  1887  1898 D PackageManager: Instant App installer not found with android.intent.action.INSTALL_INSTANT_APP_PACKAGE
01-31 18:56:12.252  1887  1898 D PackageManager: Clear ephemeral installer activity
01-31 18:56:12.252  1887  1898 D PackageManager: Instant App installer not found with android.intent.action.INSTALL_INSTANT_APP_PACKAGE
01-31 18:56:12.252  1887  1898 D PackageManager: Clear ephemeral installer activity
01-31 18:56:12.252  1887  1898 D PackageManager: Instant App installer not found with android.intent.action.INSTALL_INSTANT_APP_PACKAGE
01-31 18:56:12.252  1887  1898 D PackageManager: Clear ephemeral installer activity
01-31 18:56:12.253  2568  3138 I Auth    : [SupervisedAccountIntentOperation] onHandleIntent(): com.google.android.gms.chimera.container.CONTAINER_UPDATED
01-31 18:56:12.253  2568  3138 I Auth    : [SupervisedAccountIntentOperation] This operation is disabled
01-31 18:56:12.259  3204  3204 I d.process.medi: The ClassLoaderContext is a special shared library.
01-31 18:56:12.287  2568  3226 I Backup  : [CallLogFlagSetter] Not whitelisted for call log backup.
01-31 18:56:12.291  2568  3226 I ChromeSync: [Sync,SyncIntentOperation] Handling the intent: Intent { act=com.google.android.gms.chimera.container.CONTAINER_UPDATED pkg=com.google.android.gms }.
01-31 18:56:12.294  1887  2565 D PackageManager: Instant App installer not found with android.intent.action.INSTALL_INSTANT_APP_PACKAGE
01-31 18:56:12.294  1887  2565 D PackageManager: Clear ephemeral installer activity
01-31 18:56:12.294  1887  2565 D PackageManager: Instant App installer not found with android.intent.action.INSTALL_INSTANT_APP_PACKAGE
01-31 18:56:12.294  1887  2565 D PackageManager: Clear ephemeral installer activity
01-31 18:56:12.294  1887  2565 D PackageManager: Instant App installer not found with android.intent.action.INSTALL_INSTANT_APP_PACKAGE
01-31 18:56:12.294  1887  2565 D PackageManager: Clear ephemeral installer activity
01-31 18:56:12.295  1887  2565 D PackageManager: Instant App installer not found with android.intent.action.INSTALL_INSTANT_APP_PACKAGE
01-31 18:56:12.295  1887  2565 D PackageManager: Clear ephemeral installer activity
01-31 18:56:12.295  1887  2565 D PackageManager: Instant App installer not found with android.intent.action.INSTALL_INSTANT_APP_PACKAGE
01-31 18:56:12.295  1887  2565 D PackageManager: Clear ephemeral installer activity
01-31 18:56:12.295  1887  2565 D PackageManager: Instant App installer not found with android.intent.action.INSTALL_INSTANT_APP_PACKAGE
01-31 18:56:12.295  1887  2565 D PackageManager: Clear ephemeral installer activity
01-31 18:56:12.296  1887  2565 D PackageManager: Instant App installer not found with android.intent.action.INSTALL_INSTANT_APP_PACKAGE
01-31 18:56:12.296  1887  2565 D PackageManager: Clear ephemeral installer activity
01-31 18:56:12.334  3204  3204 I DownloadManager: Upgrading downloads database from version 0 to version 110, which will destroy all old data
01-31 18:56:12.340  1887  2565 D PackageManager: Instant App installer not found with android.intent.action.INSTALL_INSTANT_APP_PACKAGE
01-31 18:56:12.340  1887  2565 D PackageManager: Clear ephemeral installer activity
01-31 18:56:12.345  2712  2881 I MicroRecognitionRunner: Starting detection.
01-31 18:56:12.346  2712  2893 I MicrophoneInputStream: mic_starting  SR : 16000 CC : 16 SO : 6
01-31 18:56:12.353  2712  2893 I MicrophoneInputStream: mic_started  SR : 16000 CC : 16 SO : 6
01-31 18:56:12.354  2712  2893 E ActivityThread: Failed to find provider info for com.google.android.apps.gsa.testing.ui.audio.recorded
01-31 18:56:12.355  2712  2712 I MicroDetectionWorker: onReady
01-31 18:56:12.359  2712  2881 W SpeechLevelGenerator: Really low audio levels detected. The audio input may have issues.
01-31 18:56:12.370  2626  2641 I NetworkScheduler: Using standalone scheduling engine
01-31 18:56:12.376  2712  2893 I MicrophoneInputStream: mic_close  SR : 16000 CC : 16 SO : 6
01-31 18:56:12.385  2626  3086 I Places  : ?: Couldn't find platform key file.
01-31 18:56:12.387  1588  3252 I AudioFlinger: AudioFlinger's thread 0xe9583b00 tid=3252 ready to run
01-31 18:56:12.430  2712  2881 I MicroRecognitionRunner: Detection finished
01-31 18:56:12.430  2712  2881 W ErrorReporter: reportError [type: 211, code: 524300]: Error reading from input stream
01-31 18:56:12.431  2712  3003 I MicroRecognitionRunner: Stopping hotword detection.
01-31 18:56:12.432  2712  2881 W ErrorProcessor: onFatalError, processing error from engine(4)
01-31 18:56:12.432  2712  2881 W ErrorProcessor: com.google.android.apps.gsa.shared.speech.b.g: Error reading from input stream
01-31 18:56:12.432  2712  2881 W ErrorProcessor: 	at com.google.android.apps.gsa.staticplugins.microdetection.d.k.a(SourceFile:91)
01-31 18:56:12.432  2712  2881 W ErrorProcessor: 	at com.google.android.apps.gsa.staticplugins.microdetection.d.l.run(Unknown Source:14)
01-31 18:56:12.432  2712  2881 W ErrorProcessor: 	at com.google.android.libraries.gsa.runner.a.a.b(SourceFile:32)
01-31 18:56:12.432  2712  2881 W ErrorProcessor: 	at com.google.android.libraries.gsa.runner.a.c.call(Unknown Source:4)
01-31 18:56:12.432  2712  2881 W ErrorProcessor: 	at java.util.concurrent.FutureTask.run(FutureTask.java:266)
01-31 18:56:12.432  2712  2881 W ErrorProcessor: 	at java.util.concurrent.Executors$RunnableAdapter.call(Executors.java:458)
01-31 18:56:12.432  2712  2881 W ErrorProcessor: 	at java.util.concurrent.FutureTask.run(FutureTask.java:266)
01-31 18:56:12.432  2712  2881 W ErrorProcessor: 	at com.google.android.apps.gsa.shared.util.concurrent.b.g.run(Unknown Source:4)
01-31 18:56:12.432  2712  2881 W ErrorProcessor: 	at com.google.android.apps.gsa.shared.util.concurrent.b.aw.run(SourceFile:4)
01-31 18:56:12.432  2712  2881 W ErrorProcessor: 	at com.google.android.apps.gsa.shared.util.concurrent.b.aw.run(SourceFile:4)
01-31 18:56:12.432  2712  2881 W ErrorProcessor: 	at java.util.concurrent.ThreadPoolExecutor.runWorker(ThreadPoolExecutor.java:1167)
01-31 18:56:12.432  2712  2881 W ErrorProcessor: 	at java.util.concurrent.ThreadPoolExecutor$Worker.run(ThreadPoolExecutor.java:641)
01-31 18:56:12.432  2712  2881 W ErrorProcessor: 	at java.lang.Thread.run(Thread.java:764)
01-31 18:56:12.432  2712  2881 W ErrorProcessor: 	at com.google.android.apps.gsa.shared.util.concurrent.b.i.run(SourceFile:6)
01-31 18:56:12.432  2712  2881 W ErrorProcessor: Caused by: com.google.android.apps.gsa.shared.exception.GsaIOException: Error code: 393238 | Buffer overflow, no available space.
01-31 18:56:12.432  2712  2881 W ErrorProcessor: 	at com.google.android.apps.gsa.speech.audio.Tee.j(SourceFile:103)
01-31 18:56:12.432  2712  2881 W ErrorProcessor: 	at com.google.android.apps.gsa.speech.audio.au.read(SourceFile:2)
01-31 18:56:12.432  2712  2881 W ErrorProcessor: 	at java.io.InputStream.read(InputStream.java:101)
01-31 18:56:12.432  2712  2881 W ErrorProcessor: 	at com.google.android.apps.gsa.speech.audio.ao.run(SourceFile:17)
01-31 18:56:12.432  2712  2881 W ErrorProcessor: 	at com.google.android.apps.gsa.speech.audio.an.run(SourceFile:2)
01-31 18:56:12.432  2712  2881 W ErrorProcessor: 	at java.util.concurrent.Executors$RunnableAdapter.call(Executors.java:458)
01-31 18:56:12.432  2712  2881 W ErrorProcessor: 	... 10 more
01-31 18:56:12.432  2712  2881 I AudioController: internalShutdown
01-31 18:56:12.449  2626  3178 I PlaceInferenceEngine: [anon] Changed inference mode: 1
01-31 18:56:12.449  2626  3192 I Places  : ?: Couldn't find platform key file.
01-31 18:56:12.453  2568  3226 I ChromeSync: [Persistence,AffiliationManager] Fetching affiliations from the server.
01-31 18:56:12.475  1887  2644 D PackageManager: Instant App installer not found with android.intent.action.INSTALL_INSTANT_APP_PACKAGE
01-31 18:56:12.475  1887  2644 D PackageManager: Clear ephemeral installer activity
01-31 18:56:12.492  2626  3088 W ctxmgr  : [AclManager]No 3 for (accnt=account#-517948760#, com.google.android.gms(10016):UserVelocityProducer, vrsn=13280022, 0, 3pPkg = null ,  3pMdlId = null ,  pid = 2626). Was: 3 for 1, account#-517948760#
01-31 18:56:12.493  2712  2712 I MicroDetector: Keeping mic open: false
01-31 18:56:12.493  2712  2712 I MicroDetectionWorker: #onError(false)
01-31 18:56:12.494  2712  2953 I DeviceStateChecker: DeviceStateChecker cancelled
01-31 18:56:12.499  1887  1903 W Binder  : Outgoing transactions from this process must be FLAG_ONEWAY
01-31 18:56:12.499  1887  1903 W Binder  : java.lang.Throwable
01-31 18:56:12.499  1887  1903 W Binder  : 	at android.os.BinderProxy.transact(Binder.java:1114)
01-31 18:56:12.499  1887  1903 W Binder  : 	at com.android.internal.location.ILocationProvider$Stub$Proxy.getProperties(ILocationProvider.java:236)
01-31 18:56:12.499  1887  1903 W Binder  : 	at com.android.server.location.LocationProviderProxy$1$1.run(LocationProviderProxy.java:117)
01-31 18:56:12.499  1887  1903 W Binder  : 	at com.android.server.ServiceWatcher.runOnBinder(ServiceWatcher.java:425)
01-31 18:56:12.499  1887  1903 W Binder  : 	at com.android.server.location.LocationProviderProxy$1.run(LocationProviderProxy.java:111)
01-31 18:56:12.499  1887  1903 W Binder  : 	at android.os.Handler.handleCallback(Handler.java:873)
01-31 18:56:12.499  1887  1903 W Binder  : 	at android.os.Handler.dispatchMessage(Handler.java:99)
01-31 18:56:12.499  1887  1903 W Binder  : 	at android.os.Looper.loop(Looper.java:193)
01-31 18:56:12.499  1887  1903 W Binder  : 	at android.os.HandlerThread.run(HandlerThread.java:65)
01-31 18:56:12.513  2568  3136 W ChimeraUtils: Non Chimera context
01-31 18:56:12.513  2568  3136 W ChimeraUtils: Non Chimera context
01-31 18:56:12.519  2568  2598 I gle.android.gm: Background concurrent copying GC freed 29040(2MB) AllocSpace objects, 0(0B) LOS objects, 49% free, 3MB/6MB, paused 8.895ms total 165.123ms
01-31 18:56:12.519  2568  3243 I constellation: [periodic_consent_checker] periodic consent checker is disabled.
01-31 18:56:12.569  2568  3136 W ChimeraUtils: Non Chimera context
01-31 18:56:12.569  2568  3136 W ChimeraUtils: Non Chimera context
01-31 18:56:12.599  2568  3258 W ChimeraUtils: Non Chimera context
01-31 18:56:12.599  2568  3258 W ChimeraUtils: Non Chimera context
01-31 18:56:12.616  2626  2640 I .gms.persisten: Background concurrent copying GC freed 65245(4MB) AllocSpace objects, 6(312KB) LOS objects, 50% free, 4MB/8MB, paused 1.084ms total 552.361ms
01-31 18:56:12.623  2626  3115 W Conscrypt: Could not set socket write timeout: java.lang.reflect.InvocationTargetException
01-31 18:56:12.640  2568  3234 I ChimeraConfigService: Scheduling checkin every 120 seconds, with flex of 60 seconds
01-31 18:56:12.657  2626  3115 W Conscrypt: 	at java.lang.reflect.Method.invoke(Native Method)
01-31 18:56:12.657  2626  3115 W Conscrypt: 	at com.google.android.gms.org.conscrypt.Platform.setSocketWriteTimeout(:com.google.android.gms@13280022@13.2.80 (040700-211705629):13)
01-31 18:56:12.657  2626  3115 W Conscrypt: Caused by: android.system.ErrnoException: setsockopt failed: EBADF (Bad file descriptor)
01-31 18:56:12.657  2626  3115 W Conscrypt: 	at libcore.io.Linux.setsockoptTimeval(Native Method)
01-31 18:56:12.657  2626  3115 W Conscrypt: 	at libcore.io.ForwardingOs.setsockoptTimeval(ForwardingOs.java:174)
01-31 18:56:12.695  3204  3204 D MediaScannerReceiver: action: android.intent.action.MEDIA_MOUNTED path: /storage/171A-111F
01-31 18:56:12.712  1887  1906 I ActivityManager: Start proc 3265:com.google.android.apps.photos/u0a75 for broadcast com.google.android.apps.photos/.sdcard.envcache.ExternalStorageStateChangeBroadcastReceiver
01-31 18:56:12.722  3265  3265 W oid.apps.photo: Unexpected CPU variant for X86 using defaults: x86
01-31 18:56:12.734  2568  3226 E BaseAppContext: Tried to stop global GMSCore RequestQueue. This is likely unintended, so ignoring.
01-31 18:56:12.764  2626  3115 W Conscrypt: Could not set socket write timeout: java.lang.reflect.InvocationTargetException
01-31 18:56:12.766  2626  3115 W Conscrypt: 	at java.lang.reflect.Method.invoke(Native Method)
01-31 18:56:12.766  2626  3115 W Conscrypt: 	at com.google.android.gms.org.conscrypt.Platform.setSocketWriteTimeout(:com.google.android.gms@13280022@13.2.80 (040700-211705629):13)
01-31 18:56:12.766  2626  3115 W Conscrypt: Caused by: android.system.ErrnoException: setsockopt failed: EBADF (Bad file descriptor)
01-31 18:56:12.767  2626  3115 W Conscrypt: 	at libcore.io.Linux.setsockoptTimeval(Native Method)
01-31 18:56:12.767  2626  3115 W Conscrypt: 	at libcore.io.ForwardingOs.setsockoptTimeval(ForwardingOs.java:174)
01-31 18:56:12.780  2626  3139 W GCoreFlp: No location to return for getLastLocation()
01-31 18:56:12.786  3265  3265 I oid.apps.photo: The ClassLoaderContext is a special shared library.
01-31 18:56:12.796  2626  3164 I Places  : ?: Couldn't find platform key file.
01-31 18:56:12.819  2568  3145 E EasyUnlock: [EasyUnlockInitIntentOperation] Invalid account list.
01-31 18:56:12.854  2568  2568 W highpool[0]: type=1400 audit(0.0:14): avc: denied { search } for name="graphics" dev="tmpfs" ino=185 scontext=u:r:priv_app:s0:c512,c768 tcontext=u:object_r:graphics_device:s0 tclass=dir permissive=0
01-31 18:56:12.880  2568  3258 I Authzen : [AuthZenEventHandler] Handling event: com.google.android.chimera.IntentOperation.NEW_MODULE
01-31 18:56:12.910  2568  3160 I ConfigStore: android::hardware::configstore::V1_0::ISurfaceFlingerConfigs::hasWideColorDisplay retrieved: 0
01-31 18:56:12.910  2568  3160 I ConfigStore: android::hardware::configstore::V1_0::ISurfaceFlingerConfigs::hasHDRDisplay retrieved: 0
01-31 18:56:12.940  2626  2626 E BluetoothAdapter: Bluetooth binder is null
01-31 18:56:12.957  1887  1898 D PackageManager: Instant App installer not found with android.intent.action.INSTALL_INSTANT_APP_PACKAGE
01-31 18:56:12.957  1887  1898 D PackageManager: Clear ephemeral installer activity
01-31 18:56:12.957  1887  1943 D PackageManager: Instant App installer not found with android.intent.action.INSTALL_INSTANT_APP_PACKAGE
01-31 18:56:12.957  1887  1943 D PackageManager: Clear ephemeral installer activity
01-31 18:56:12.957  1887  1943 D PackageManager: Instant App installer not found with android.intent.action.INSTALL_INSTANT_APP_PACKAGE
01-31 18:56:12.957  1887  1943 D PackageManager: Clear ephemeral installer activity
01-31 18:56:12.957  1887  1943 D PackageManager: Instant App installer not found with android.intent.action.INSTALL_INSTANT_APP_PACKAGE
01-31 18:56:12.957  1887  1943 D PackageManager: Clear ephemeral installer activity
01-31 18:56:12.958  1887  1943 D PackageManager: Instant App installer not found with android.intent.action.INSTALL_INSTANT_APP_PACKAGE
01-31 18:56:12.958  1887  1943 D PackageManager: Clear ephemeral installer activity
01-31 18:56:12.958  1887  1943 D PackageManager: Instant App installer not found with android.intent.action.INSTALL_INSTANT_APP_PACKAGE
01-31 18:56:12.958  1887  1943 D PackageManager: Clear ephemeral installer activity
01-31 18:56:12.959  1887  1943 D PackageManager: Instant App installer not found with android.intent.action.INSTALL_INSTANT_APP_PACKAGE
01-31 18:56:12.959  1887  1943 D PackageManager: Clear ephemeral installer activity
01-31 18:56:12.981  2626  3164 I Places  : ?: Couldn't find platform key file.
01-31 18:56:13.013  2568  3145 E MagicTether: [MagicTetherInitializer] Invalid account list.
01-31 18:56:13.021  2626  3192 I Places  : ?: Couldn't find platform key file.
01-31 18:56:13.063  3204  3204 D MediaScannerReceiver: action: android.intent.action.MEDIA_MOUNTED path: /storage/emulated/0
01-31 18:56:13.079  1887  1906 I ActivityManager: Start proc 3295:com.android.managedprovisioning/u0a36 for broadcast com.android.managedprovisioning/.ota.PreBootListener
01-31 18:56:13.093  3295  3295 W gedprovisionin: Unexpected CPU variant for X86 using defaults: x86
01-31 18:56:13.105  2626  3192 I Places  : ?: Couldn't find platform key file.
01-31 18:56:13.122  2626  3086 I Places  : ?: Couldn't find platform key file.
01-31 18:56:13.136  3295  3295 I gedprovisionin: The ClassLoaderContext is a special shared library.
01-31 18:56:13.139  2626  3178 I Places  : ?: PlacesBleScanner start() with priority 2
01-31 18:56:13.139  2626  3178 I PlaceInferenceEngine: [anon] Changed inference mode: 1
01-31 18:56:13.144  2626  3139 W GCoreFlp: No location to return for getLastLocation()
01-31 18:56:13.145  2626  3139 I chatty  : uid=10016(com.google.android.gms) FlpThread identical 2 lines
01-31 18:56:13.151  2568  2598 I chatty  : uid=10016(com.google.android.gms) HeapTaskDaemon expire 1 line
01-31 18:56:13.160  2568  3281 I chatty  : uid=10016(com.google.android.gms) Thread-30 expire 12 lines
01-31 18:56:13.173  1887  1906 I ActivityManager: Start proc 3310:com.google.android.gms.ui/u0a16 for service com.google.android.gms/.chimera.UiIntentOperationService
01-31 18:56:13.186  1887  2565 I PreBootBroadcaster: Pre-boot of {com.android.providers.calendar/com.android.providers.calendar.CalendarUpgradeReceiver} for user 0
01-31 18:56:13.189  2110  2110 I VvmSimStateTracker: android.intent.action.SIM_STATE_CHANGED
01-31 18:56:13.202  3310  3310 I chatty  : uid=10016 com.google.android.gms.ui expire 10 lines
01-31 18:56:13.226  2626  3113 I chatty  : uid=10016(com.google.android.gms) Thread-4 expire 12 lines
01-31 18:56:13.253  2568  3145 I chatty  : uid=10016(com.google.android.gms) raService] idle expire 18 lines
01-31 18:56:13.253  1887  2650 D PackageManager: Instant App installer not found with android.intent.action.INSTALL_INSTANT_APP_PACKAGE
01-31 18:56:13.253  1887  2650 D PackageManager: Clear ephemeral installer activity
01-31 18:56:13.259  1887  2650 D PackageManager: Instant App installer not found with android.intent.action.INSTALL_INSTANT_APP_PACKAGE
01-31 18:56:13.259  1887  2650 D PackageManager: Clear ephemeral installer activity
01-31 18:56:13.311  1887  2565 D PackageManager: Instant App installer not found with android.intent.action.INSTALL_INSTANT_APP_PACKAGE
01-31 18:56:13.311  1887  2565 D PackageManager: Clear ephemeral installer activity
01-31 18:56:13.362  1887  2650 D PackageManager: Instant App installer not found with android.intent.action.INSTALL_INSTANT_APP_PACKAGE
01-31 18:56:13.362  1887  2650 D PackageManager: Clear ephemeral installer activity
01-31 18:56:13.370  2626  3086 I chatty  : uid=10016(com.google.android.gms) lowpool[2] expire 1 line
01-31 18:56:13.477  1887  2647 D PackageManager: Instant App installer not found with android.intent.action.INSTALL_INSTANT_APP_PACKAGE
01-31 18:56:13.477  1887  2647 D PackageManager: Clear ephemeral installer activity
01-31 18:56:13.477  1887  2647 D PackageManager: Instant App installer not found with android.intent.action.INSTALL_INSTANT_APP_PACKAGE
01-31 18:56:13.477  1887  2647 D PackageManager: Clear ephemeral installer activity
01-31 18:56:13.478  1887  2647 D PackageManager: Instant App installer not found with android.intent.action.INSTALL_INSTANT_APP_PACKAGE
01-31 18:56:13.478  1887  2647 D PackageManager: Clear ephemeral installer activity
01-31 18:56:13.478  1887  1943 D PackageManager: Instant App installer not found with android.intent.action.INSTALL_INSTANT_APP_PACKAGE
01-31 18:56:13.478  1887  1943 D PackageManager: Clear ephemeral installer activity
01-31 18:56:13.499  3204  3264 V MediaProvider: pruneThumbnails 
01-31 18:56:13.500  3204  3264 V MediaProvider: /pruneDeadThumbnailFiles... 
01-31 18:56:13.538  2626  2626 I chatty  : uid=10016 com.google.android.gms.persistent expire 2 lines
01-31 18:56:13.565  1887  1943 D PackageManager: Instant App installer not found with android.intent.action.INSTALL_INSTANT_APP_PACKAGE
01-31 18:56:13.565  1887  1943 D PackageManager: Clear ephemeral installer activity
01-31 18:56:13.601  1887  1906 I ActivityManager: Start proc 3347:com.google.android.apps.messaging/u0a47 for broadcast com.google.android.apps.messaging/.shared.receiver.DefaultSmsPackageChangedReceiver
01-31 18:56:13.611  2626  3115 I chatty  : uid=10016(com.google.android.gms) Thread-6 expire 1 line
01-31 18:56:13.612  3347  3347 I chatty  : uid=10047(com.google.android.apps.messaging) expire 8 lines
01-31 18:56:13.612  2626  3089 I chatty  : uid=10016(com.google.android.gms) highpool[1] expire 1 line
01-31 18:56:13.641  2568  3345 I chatty  : uid=10016(com.google.android.gms) highpool[1] expire 3 lines
01-31 18:56:13.792  2568  3241 I chatty  : uid=10016(com.google.android.gms) raService] idle expire 2 lines
01-31 18:56:13.805  2568  3234 I chatty  : uid=10016(com.google.android.gms) expire 1 line
01-31 18:56:13.822  1887  1906 I ActivityManager: Start proc 3371:com.google.android.gms.unstable/u0a16 for service com.google.android.gms/.droidguard.DroidGuardService
01-31 18:56:13.837  3371  3371 I chatty  : uid=10016 com.google.android.gms.unstable expire 10 lines
01-31 18:56:13.845  2626  3063 I chatty  : uid=10016(com.google.android.gms) GoogleApiHandle expire 1 line
01-31 18:56:13.911  3347  3384 I chatty  : uid=10047(com.google.android.apps.messaging) AsyncTask #1 expire 4 lines
01-31 18:56:13.954  3347  3391 I chatty  : uid=10047(com.google.android.apps.messaging) AsyncTask #2 expire 3 lines
01-31 18:56:13.985  1887  2033 D PackageManager: Instant App installer not found with android.intent.action.INSTALL_INSTANT_APP_PACKAGE
01-31 18:56:13.985  1887  2033 D PackageManager: Clear ephemeral installer activity
01-31 18:56:13.986  1887  2649 D PackageManager: Instant App installer not found with android.intent.action.INSTALL_INSTANT_APP_PACKAGE
01-31 18:56:13.986  1887  2649 D PackageManager: Clear ephemeral installer activity
01-31 18:56:13.988  1887  2649 D PackageManager: Instant App installer not found with android.intent.action.INSTALL_INSTANT_APP_PACKAGE
01-31 18:56:13.988  1887  2649 D PackageManager: Clear ephemeral installer activity
01-31 18:56:13.991  1887  2649 D PackageManager: Instant App installer not found with android.intent.action.INSTALL_INSTANT_APP_PACKAGE
01-31 18:56:13.991  1887  2649 D PackageManager: Clear ephemeral installer activity
01-31 18:56:14.012  3347  3347 I chatty  : uid=10047(com.google.android.apps.messaging) expire 13 lines
01-31 18:56:14.012  1887  2650 W ActivityManager: Background start not allowed: service Intent { cmp=com.google.android.apps.messaging/.shared.datamodel.action.ActionExecutorImpl$EmptyService } to com.google.android.apps.messaging/.shared.datamodel.action.ActionExecutorImpl$EmptyService from pid=3347 uid=10047 pkg=com.google.android.apps.messaging startFg?=false
01-31 18:56:14.015  3347  3395 I chatty  : uid=10047(com.google.android.apps.messaging) ActionThread expire 1 line
01-31 18:56:14.039  3310  3366 I chatty  : uid=10016 com.google.android.gms.ui expire 1 line
01-31 18:56:14.058  3347  3396 I chatty  : uid=10047(com.google.android.apps.messaging) BackgroundThrea expire 2 lines
01-31 18:56:14.064  1887  2650 W ActivityManager: Background start not allowed: service Intent { act=com.google.firebase.INSTANCE_ID_EVENT pkg=com.google.android.apps.messaging cmp=com.google.android.apps.messaging/com.google.firebase.iid.FirebaseInstanceIdService (has extras) } to com.google.android.apps.messaging/com.google.firebase.iid.FirebaseInstanceIdService from pid=3347 uid=10047 pkg=com.google.android.apps.messaging startFg?=false
01-31 18:56:14.089  2568  3261 I chatty  : uid=10016(com.google.android.gms) Binder:2568_A expire 2 lines
01-31 18:56:14.103  1887  2650 D PackageManager: Instant App installer not found with android.intent.action.INSTALL_INSTANT_APP_PACKAGE
01-31 18:56:14.103  1887  2650 D PackageManager: Clear ephemeral installer activity
01-31 18:56:14.103  1887  2650 D PackageManager: Instant App installer not found with android.intent.action.INSTALL_INSTANT_APP_PACKAGE
01-31 18:56:14.103  1887  2650 D PackageManager: Clear ephemeral installer activity
01-31 18:56:14.125  1887  2033 W ActivityManager: Background start not allowed: service Intent { cmp=com.google.android.apps.messaging/.shared.datamodel.action.ActionExecutorImpl$EmptyService } to com.google.android.apps.messaging/.shared.datamodel.action.ActionExecutorImpl$EmptyService from pid=3347 uid=10047 pkg=com.google.android.apps.messaging startFg?=false
01-31 18:56:14.129  3347  3395 I chatty  : uid=10047(com.google.android.apps.messaging) ActionThread expire 2 lines
01-31 18:56:14.134  1887  2033 W BroadcastQueue: Permission Denial: broadcasting Intent { act=com.google.android.gsf.settings.GoogleLocationSettings.UPDATE_LOCATION_SETTINGS flg=0x10 } from com.google.android.sdksetup (pid=2574, uid=10006) is not exported from uid 10016 due to receiver com.google.android.gms/.chimera.GmsIntentOperationService$PersistentInternalReceiver
01-31 18:56:14.135  1887  1904 W BroadcastQueue: Background execution not allowed: receiving Intent { act=com.google.android.gsf.settings.GoogleLocationSettings.UPDATE_LOCATION_SETTINGS flg=0x10 } to com.google.android.gsf/.settings.GoogleLocationSettings$LocationSettingsChangedListener
01-31 18:56:14.146  2712  2893 I ThreadRunner: setContextAndRunner
01-31 18:56:14.149  3347  3347 I chatty  : uid=10047(com.google.android.apps.messaging) expire 2 lines
01-31 18:56:14.161  3347  3396 I chatty  : uid=10047(com.google.android.apps.messaging) BackgroundThrea expire 2 lines
01-31 18:56:14.203  3204  3264 V MediaProvider: pruneThumbnails 
01-31 18:56:14.204  3204  3264 V MediaProvider: /pruneDeadThumbnailFiles... 
01-31 18:56:14.222  3347  3391 I chatty  : uid=10047(com.google.android.apps.messaging) AsyncTask #2 expire 3 lines
01-31 18:56:14.308  1887  2565 D PackageManager: Instant App installer not found with android.intent.action.INSTALL_INSTANT_APP_PACKAGE
01-31 18:56:14.308  1887  2565 D PackageManager: Clear ephemeral installer activity
01-31 18:56:14.310  1887  2033 D PackageManager: Instant App installer not found with android.intent.action.INSTALL_INSTANT_APP_PACKAGE
01-31 18:56:14.310  1887  2033 D PackageManager: Clear ephemeral installer activity
01-31 18:56:14.314  1887  1898 D PackageManager: Instant App installer not found with android.intent.action.INSTALL_INSTANT_APP_PACKAGE
01-31 18:56:14.314  1887  1898 D PackageManager: Clear ephemeral installer activity
01-31 18:56:14.316  1887  2649 D PackageManager: Instant App installer not found with android.intent.action.INSTALL_INSTANT_APP_PACKAGE
01-31 18:56:14.316  1887  2649 D PackageManager: Clear ephemeral installer activity
01-31 18:56:14.317  1887  2649 D PackageManager: Instant App installer not found with android.intent.action.INSTALL_INSTANT_APP_PACKAGE
01-31 18:56:14.317  1887  2649 D PackageManager: Clear ephemeral installer activity
01-31 18:56:14.317  1887  2649 D PackageManager: Instant App installer not found with android.intent.action.INSTALL_INSTANT_APP_PACKAGE
01-31 18:56:14.317  1887  2649 D PackageManager: Clear ephemeral installer activity
01-31 18:56:14.317  1887  2649 D PackageManager: Instant App installer not found with android.intent.action.INSTALL_INSTANT_APP_PACKAGE
01-31 18:56:14.317  1887  2649 D PackageManager: Clear ephemeral installer activity
01-31 18:56:14.318  1887  2649 D PackageManager: Instant App installer not found with android.intent.action.INSTALL_INSTANT_APP_PACKAGE
01-31 18:56:14.318  1887  2649 D PackageManager: Clear ephemeral installer activity
01-31 18:56:14.318  1887  2649 D PackageManager: Instant App installer not found with android.intent.action.INSTALL_INSTANT_APP_PACKAGE
01-31 18:56:14.318  1887  2649 D PackageManager: Clear ephemeral installer activity
01-31 18:56:14.318  1887  2649 D PackageManager: Instant App installer not found with android.intent.action.INSTALL_INSTANT_APP_PACKAGE
01-31 18:56:14.318  1887  2649 D PackageManager: Clear ephemeral installer activity
01-31 18:56:14.318  1887  2649 D PackageManager: Instant App installer not found with android.intent.action.INSTALL_INSTANT_APP_PACKAGE
01-31 18:56:14.318  1887  2649 D PackageManager: Clear ephemeral installer activity
01-31 18:56:14.319  1887  2649 D PackageManager: Instant App installer not found with android.intent.action.INSTALL_INSTANT_APP_PACKAGE
01-31 18:56:14.319  1887  2649 D PackageManager: Clear ephemeral installer activity
01-31 18:56:14.319  1887  2649 D PackageManager: Instant App installer not found with android.intent.action.INSTALL_INSTANT_APP_PACKAGE
01-31 18:56:14.319  1887  2649 D PackageManager: Clear ephemeral installer activity
01-31 18:56:14.319  1887  2649 D PackageManager: Instant App installer not found with android.intent.action.INSTALL_INSTANT_APP_PACKAGE
01-31 18:56:14.319  1887  2649 D PackageManager: Clear ephemeral installer activity
01-31 18:56:14.319  1887  2649 D PackageManager: Instant App installer not found with android.intent.action.INSTALL_INSTANT_APP_PACKAGE
01-31 18:56:14.319  1887  2649 D PackageManager: Clear ephemeral installer activity
01-31 18:56:14.320  1887  2649 D PackageManager: Instant App installer not found with android.intent.action.INSTALL_INSTANT_APP_PACKAGE
01-31 18:56:14.320  1887  2649 D PackageManager: Clear ephemeral installer activity
01-31 18:56:14.341  3347  3395 I chatty  : uid=10047(com.google.android.apps.messaging) ActionThread expire 2 lines
01-31 18:56:14.377  1887  2650 D PackageManager: Instant App installer not found with android.intent.action.INSTALL_INSTANT_APP_PACKAGE
01-31 18:56:14.378  1887  2650 D PackageManager: Clear ephemeral installer activity
01-31 18:56:14.378  1887  2650 D PackageManager: Instant App installer not found with android.intent.action.INSTALL_INSTANT_APP_PACKAGE
01-31 18:56:14.378  1887  2650 D PackageManager: Clear ephemeral installer activity
01-31 18:56:14.378  1887  2650 D PackageManager: Instant App installer not found with android.intent.action.INSTALL_INSTANT_APP_PACKAGE
01-31 18:56:14.378  1887  2650 D PackageManager: Clear ephemeral installer activity
01-31 18:56:14.378  1887  2650 D PackageManager: Instant App installer not found with android.intent.action.INSTALL_INSTANT_APP_PACKAGE
01-31 18:56:14.378  1887  2650 D PackageManager: Clear ephemeral installer activity
01-31 18:56:14.378  1887  2650 D PackageManager: Instant App installer not found with android.intent.action.INSTALL_INSTANT_APP_PACKAGE
01-31 18:56:14.378  1887  2650 D PackageManager: Clear ephemeral installer activity
01-31 18:56:14.390  1887  2565 D PackageManager: Instant App installer not found with android.intent.action.INSTALL_INSTANT_APP_PACKAGE
01-31 18:56:14.390  1887  2565 D PackageManager: Clear ephemeral installer activity
01-31 18:56:14.391  1887  2033 D PackageManager: Instant App installer not found with android.intent.action.INSTALL_INSTANT_APP_PACKAGE
01-31 18:56:14.391  1887  2033 D PackageManager: Clear ephemeral installer activity
01-31 18:56:14.392  1887  2033 D PackageManager: Instant App installer not found with android.intent.action.INSTALL_INSTANT_APP_PACKAGE
01-31 18:56:14.392  1887  2033 D PackageManager: Clear ephemeral installer activity
01-31 18:56:14.392  1887  2033 D PackageManager: Instant App installer not found with android.intent.action.INSTALL_INSTANT_APP_PACKAGE
01-31 18:56:14.392  1887  2033 D PackageManager: Clear ephemeral installer activity
01-31 18:56:14.393  1887  2033 D PackageManager: Instant App installer not found with android.intent.action.INSTALL_INSTANT_APP_PACKAGE
01-31 18:56:14.393  1887  2033 D PackageManager: Clear ephemeral installer activity
01-31 18:56:14.429  2626  3148 I chatty  : uid=10016(com.google.android.gms) highpool[3] expire 1 line
01-31 18:56:14.447  1887  2650 D PackageManager: Instant App installer not found with android.intent.action.INSTALL_INSTANT_APP_PACKAGE
01-31 18:56:14.447  1887  2650 D PackageManager: Clear ephemeral installer activity
01-31 18:56:14.449  1887  2033 D PackageManager: Instant App installer not found with android.intent.action.INSTALL_INSTANT_APP_PACKAGE
01-31 18:56:14.449  1887  2033 D PackageManager: Clear ephemeral installer activity
01-31 18:56:14.451  1887  2650 D PackageManager: Instant App installer not found with android.intent.action.INSTALL_INSTANT_APP_PACKAGE
01-31 18:56:14.451  1887  2650 D PackageManager: Clear ephemeral installer activity
01-31 18:56:14.461  2626  3174 I chatty  : uid=10016(com.google.android.gms) GoogleLocationS expire 1 line
01-31 18:56:14.463  1887  1906 I ActivityManager: Start proc 3427:com.google.android.gms:car/u0a16 for service com.google.android.gms/.chimera.CarBoundBrokerService
01-31 18:56:14.471  3427  3427 I chatty  : uid=10016 com.google.android.gms:car expire 10 lines
01-31 18:56:14.553  2626  3418 I chatty  : uid=10016 com.google.android.gms.persistent expire 5 lines
01-31 18:56:14.587  2568  2598 I chatty  : uid=10016(com.google.android.gms) HeapTaskDaemon expire 1 line
01-31 18:56:14.588  2568  2596 I chatty  : uid=10016(com.google.android.gms) FinalizerDaemon expire 1 line
01-31 18:56:14.721  2626  3139 I chatty  : uid=10016(com.google.android.gms) FlpThread expire 7 lines
01-31 18:56:14.802  2568  2568 I chatty  : uid=10016(com.google.android.gms) expire 1 line
01-31 18:56:14.806  3427  3441 I chatty  : uid=10016 com.google.android.gms:car expire 2 lines
01-31 18:56:14.812  3371  3406 I chatty  : uid=10016(com.google.android.gms) Binder:3371_3 expire 3 lines
01-31 18:56:14.826  2568  3145 I chatty  : uid=10016(com.google.android.gms) raService] idle expire 4 lines
01-31 18:56:14.849  1887  1898 D WificondControl: Scan result ready event
01-31 18:56:14.855  1887  1898 D PackageManager: Instant App installer not found with android.intent.action.INSTALL_INSTANT_APP_PACKAGE
01-31 18:56:14.855  1887  1898 D PackageManager: Clear ephemeral installer activity
01-31 18:56:14.867  2568  3146 I chatty  : uid=10016(com.google.android.gms) raService] idle expire 2 lines
01-31 18:56:14.894  1887  2650 D PackageManager: Instant App installer not found with android.intent.action.INSTALL_INSTANT_APP_PACKAGE
01-31 18:56:14.894  1887  2650 D PackageManager: Clear ephemeral installer activity
01-31 18:56:14.896  1887  2650 D PackageManager: Instant App installer not found with android.intent.action.INSTALL_INSTANT_APP_PACKAGE
01-31 18:56:14.896  1887  2650 D PackageManager: Clear ephemeral installer activity
01-31 18:56:14.896  1887  2650 D PackageManager: Instant App installer not found with android.intent.action.INSTALL_INSTANT_APP_PACKAGE
01-31 18:56:14.896  1887  2650 D PackageManager: Clear ephemeral installer activity
01-31 18:56:14.896  1887  2650 D PackageManager: Instant App installer not found with android.intent.action.INSTALL_INSTANT_APP_PACKAGE
01-31 18:56:14.896  1887  2650 D PackageManager: Clear ephemeral installer activity
01-31 18:56:14.897  1887  2650 D PackageManager: Instant App installer not found with android.intent.action.INSTALL_INSTANT_APP_PACKAGE
01-31 18:56:14.897  1887  2650 D PackageManager: Clear ephemeral installer activity
01-31 18:56:14.905  3462  3462 I chatty  : uid=10016(com.google.android.gms) /system/bin/dex2oat expire 6 lines
01-31 18:56:14.943  2568  3470 I chatty  : uid=10016(com.google.android.gms) highpool[2] expire 1 line
01-31 18:56:14.975  1887  2644 D PackageManager: Instant App installer not found with android.intent.action.INSTALL_INSTANT_APP_PACKAGE
01-31 18:56:14.975  1887  2644 D PackageManager: Clear ephemeral installer activity
01-31 18:56:15.000  1887  2650 D PackageManager: Instant App installer not found with android.intent.action.INSTALL_INSTANT_APP_PACKAGE
01-31 18:56:15.000  1887  2650 D PackageManager: Clear ephemeral installer activity
01-31 18:56:15.000  1887  2650 D PackageManager: Instant App installer not found with android.intent.action.INSTALL_INSTANT_APP_PACKAGE
01-31 18:56:15.000  1887  2650 D PackageManager: Clear ephemeral installer activity
01-31 18:56:15.001  1887  2644 D PackageManager: Instant App installer not found with android.intent.action.INSTALL_INSTANT_APP_PACKAGE
01-31 18:56:15.001  1887  2644 D PackageManager: Clear ephemeral installer activity
01-31 18:56:15.002  1887  2650 D PackageManager: Instant App installer not found with android.intent.action.INSTALL_INSTANT_APP_PACKAGE
01-31 18:56:15.002  1887  2650 D PackageManager: Clear ephemeral installer activity
01-31 18:56:15.003  1887  2650 D PackageManager: Instant App installer not found with android.intent.action.INSTALL_INSTANT_APP_PACKAGE
01-31 18:56:15.003  1887  2650 D PackageManager: Clear ephemeral installer activity
01-31 18:56:15.003  1887  2650 D PackageManager: Instant App installer not found with android.intent.action.INSTALL_INSTANT_APP_PACKAGE
