01-31 15:56:06.671  2712  2883 I MicrophoneInputStream: mic_starting  SR : 16000 CC : 16 SO : 6
01-31 15:56:06.673  1588  1642 D PermissionCache: checking android.permission.CAPTURE_AUDIO_HOTWORD for uid=10021 => granted (48 us)
01-31 15:56:06.676  2712  2883 I MicrophoneInputStream: mic_started  SR : 16000 CC : 16 SO : 6
01-31 15:56:06.678  2712  2883 E ActivityThread: Failed to find provider info for com.google.android.apps.gsa.testing.ui.audio.recorded
01-31 15:56:06.678  2712  2712 I MicroDetectionWorker: onReady
01-31 15:56:06.689  2712  2883 I MicrophoneInputStream: mic_close  SR : 16000 CC : 16 SO : 6
01-31 15:56:06.714  1588  3018 I AudioFlinger: AudioFlinger's thread 0xe9703040 tid=3018 ready to run
01-31 15:56:06.717  2712  2889 I MicroRecognitionRunner: Detection finished
01-31 15:56:06.717  2712  2889 W ErrorReporter: reportError [type: 211, code: 524300]: Error reading from input stream
01-31 15:56:06.720  2858  2877 I ogle.android.g: WaitForGcToComplete blocked ProfileSaver on HeapTrim for 251.573ms
01-31 15:56:06.728  2712  3003 I MicroRecognitionRunner: Stopping hotword detection.
01-31 15:56:06.749  2712  2881 W earchbox:searc: Long monitor contention with owner NonUserFacing1 (2889) at void java.lang.Object.notifyAll()(Object.java:-2) waiters=1 in java.lang.Object com.google.android.apps.gsa.staticplugins.ci.c.p.call() for 624ms
01-31 15:56:06.754  2712  2889 W ErrorProcessor: onFatalError, processing error from engine(4)
01-31 15:56:06.754  2712  2889 W ErrorProcessor: com.google.android.apps.gsa.shared.speech.b.g: Error reading from input stream
01-31 15:56:06.754  2712  2889 W ErrorProcessor: 	at com.google.android.apps.gsa.staticplugins.microdetection.d.k.a(SourceFile:91)
01-31 15:56:06.754  2712  2889 W ErrorProcessor: 	at com.google.android.apps.gsa.staticplugins.microdetection.d.l.run(Unknown Source:14)
01-31 15:56:06.754  2712  2889 W ErrorProcessor: 	at com.google.android.libraries.gsa.runner.a.a.b(SourceFile:32)
01-31 15:56:06.754  2712  2889 W ErrorProcessor: 	at com.google.android.libraries.gsa.runner.a.c.call(Unknown Source:4)
01-31 15:56:06.754  2712  2889 W ErrorProcessor: 	at java.util.concurrent.FutureTask.run(FutureTask.java:266)
01-31 15:56:06.754  2712  2889 W ErrorProcessor: 	at java.util.concurrent.Executors$RunnableAdapter.call(Executors.java:458)
01-31 15:56:06.754  2712  2889 W ErrorProcessor: 	at java.util.concurrent.FutureTask.run(FutureTask.java:266)
01-31 15:56:06.754  2712  2889 W ErrorProcessor: 	at com.google.android.apps.gsa.shared.util.concurrent.b.g.run(Unknown Source:4)
01-31 15:56:06.754  2712  2889 W ErrorProcessor: 	at com.google.android.apps.gsa.shared.util.concurrent.b.aw.run(SourceFile:4)
01-31 15:56:06.754  2712  2889 W ErrorProcessor: 	at com.google.android.apps.gsa.shared.util.concurrent.b.aw.run(SourceFile:4)
01-31 15:56:06.754  2712  2889 W ErrorProcessor: 	at java.util.concurrent.ThreadPoolExecutor.runWorker(ThreadPoolExecutor.java:1167)
01-31 15:56:06.754  2712  2889 W ErrorProcessor: 	at java.util.concurrent.ThreadPoolExecutor$Worker.run(ThreadPoolExecutor.java:641)
01-31 15:56:06.754  2712  2889 W ErrorProcessor: 	at java.lang.Thread.run(Thread.java:764)
01-31 15:56:06.754  2712  2889 W ErrorProcessor: 	at com.google.android.apps.gsa.shared.util.concurrent.b.i.run(SourceFile:6)
01-31 15:56:06.754  2712  2889 W ErrorProcessor: Caused by: com.google.android.apps.gsa.shared.exception.GsaIOException: Error code: 393238 | Buffer overflow, no available space.
01-31 15:56:06.754  2712  2889 W ErrorProcessor: 	at com.google.android.apps.gsa.speech.audio.Tee.j(SourceFile:103)
01-31 15:56:06.754  2712  2889 W ErrorProcessor: 	at com.google.android.apps.gsa.speech.audio.au.read(SourceFile:2)
01-31 15:56:06.754  2712  2889 W ErrorProcessor: 	at java.io.InputStream.read(InputStream.java:101)
01-31 15:56:06.754  2712  2889 W ErrorProcessor: 	at com.google.android.apps.gsa.speech.audio.ao.run(SourceFile:17)
01-31 15:56:06.754  2712  2889 W ErrorProcessor: 	at com.google.android.apps.gsa.speech.audio.an.run(SourceFile:2)
01-31 15:56:06.754  2712  2889 W ErrorProcessor: 	at java.util.concurrent.Executors$RunnableAdapter.call(Executors.java:458)
01-31 15:56:06.754  2712  2889 W ErrorProcessor: 	... 10 more
01-31 15:56:06.754  2712  2889 I AudioController: internalShutdown
01-31 15:56:06.759  2712  2712 I MicroDetector: Keeping mic open: false
01-31 15:56:06.759  2712  2712 I MicroDetectionWorker: #onError(false)
01-31 15:56:06.759  2712  2953 I DeviceStateChecker: DeviceStateChecker cancelled
01-31 15:56:06.782  2712  2994 W earchbox:searc: Long monitor contention with owner NonUserFacing1 (2889) at void java.lang.Object.notifyAll()(Object.java:-2) waiters=2 in java.lang.Object com.google.android.apps.gsa.staticplugins.ci.c.p.call() for 432ms
01-31 15:56:06.791  2794  2794 I ModuleManager: com.google.android.apps.inputmethod.libs.hmm.superpacks.IHmmModule changed to available
01-31 15:56:06.791  2794  2794 I DictSuperpacksManager: onEnabledInputMethodEntriesChanged
01-31 15:56:06.792  2794  2794 I ModuleManager: com.google.android.apps.inputmethod.libs.handwriting.ime.IHandwritingImeExtension changed to available
01-31 15:56:06.792  2794  2794 I ModuleManager: Module object of interface com.google.android.apps.inputmethod.libs.handwriting.ime.HandwritingImeExtension loaded.
01-31 15:56:06.792  2794  2794 I HandwritingImeExtension: onCreate
01-31 15:56:06.792  2794  2794 I HWRModelFacilProvider: getHandwritingModelFacilitator(): Using Segment and Decode
01-31 15:56:06.792  2794  2794 I HWRSuperpacksManager: onEnabledInputMethodEntriesChanged
01-31 15:56:06.792  2794  2794 I ModuleManager: com.google.android.apps.inputmethod.libs.search.sense.IConversationToQueryExtension changed to available
01-31 15:56:06.793  2794  2794 I ModuleManager: Module object of interface com.google.android.apps.inputmethod.libs.search.sense.ConversationToQueryExtension loaded.
01-31 15:56:06.793  2794  2794 I Conv2QueryExtension: onCreate()
01-31 15:56:06.795  2794  2829 I putmethod.lati: WaitForGcToComplete blocked ProfileSaver on HeapTrim for 773.927ms
01-31 15:56:06.853  2794  2794 W native  : cpu_feature_guard.cc:34 The TensorFlow library was compiled to use SSE instructions, but these aren't available on your machine.
01-31 15:56:06.853  2794  2794 W native  : cpu_feature_guard.cc:34 The TensorFlow library was compiled to use SSE2 instructions, but these aren't available on your machine.
01-31 15:56:06.853  2794  2794 W native  : cpu_feature_guard.cc:34 The TensorFlow library was compiled to use SSE3 instructions, but these aren't available on your machine.
01-31 15:56:06.856  2794  2794 W native  : commandlineflags.cc:1503 Ignoring RegisterValidateFunction() for flag pointer 0xd3ae4d94: no flag found at that address
01-31 15:56:06.878  2037  2316 I OpenGLRenderer: Davey! duration=2080ms; Flags=0, IntendedVsync=41608351969, Vsync=41658351967, OldestInputEvent=9223372036854775807, NewestInputEvent=0, HandleInputStart=41671909891, AnimationStart=41671911009, PerformTraversalsStart=41672092414, DrawStart=41672126800, SyncQueued=41672296204, SyncStart=41672310750, IssueDrawCommandsStart=41672391025, SwapBuffers=43688919931, FrameCompleted=43689277470, DequeueBufferDuration=98000, QueueBufferDuration=145000, 
01-31 15:56:06.878  2037  2037 I Choreographer: Skipped 118 frames!  The application may be doing too much work on its main thread.
01-31 15:56:06.916  2037  2316 I OpenGLRenderer: Davey! duration=2016ms; Flags=0, IntendedVsync=41710874571, Vsync=43677541159, OldestInputEvent=9223372036854775807, NewestInputEvent=0, HandleInputStart=43689508339, AnimationStart=43689518401, PerformTraversalsStart=43689727813, DrawStart=43689748498, SyncQueued=43689857217, SyncStart=43691128131, IssueDrawCommandsStart=43694539582, SwapBuffers=43726355891, FrameCompleted=43728194306, DequeueBufferDuration=1336000, QueueBufferDuration=378000, 
01-31 15:56:06.983  2794  2794 I C2QClientSingleton: registering client 'Conv2QueryExtension'
01-31 15:56:06.983  2794  2794 I Conv2QueryExtension: isEnabled() : true
01-31 15:56:06.985  2794  2794 I Conv2QueryExtension: onCreate() : Finished in 192 ms
01-31 15:56:06.986  2794  2794 I ModuleManager: com.google.android.apps.inputmethod.libs.search.IDefaultStickerExtension changed to available
01-31 15:56:06.986  2794  2794 I ModuleManager: Module object of interface com.google.android.apps.inputmethod.libs.search.sticker.DefaultStickerExtension loaded.
01-31 15:56:06.987  2794  2794 I ModuleManager: com.google.android.apps.inputmethod.libs.search.IGifKeyboardExtension changed to available
01-31 15:56:06.987  2794  2794 I ModuleManager: com.google.android.apps.inputmethod.libs.search.IEmoticonExtension changed to available
01-31 15:56:06.988  2794  2794 I ModuleManager: com.google.android.apps.inputmethod.libs.search.IBitmojiExtension changed to available
01-31 15:56:06.988  2794  2794 I ModuleManager: com.google.android.apps.inputmethod.libs.search.IDoodleExtension changed to available
01-31 15:56:06.988  2794  2794 I ModuleManager: Module object of interface com.google.android.apps.inputmethod.libs.search.doodle.DoodleExtension loaded.
01-31 15:56:06.988  2794  2794 I DoodleExtension: onCreate()
01-31 15:56:07.001  2794  2794 I ModuleManager: com.google.android.apps.inputmethod.libs.search.IStickerExtension changed to available
01-31 15:56:07.001  2794  2794 I ModuleManager: com.google.android.apps.inputmethod.libs.textediting.ITextEditingExtension changed to available
01-31 15:56:07.002  2794  2794 I ModuleManager: com.google.android.apps.inputmethod.libs.search.IFeatureCardNoticeExtension changed to available
01-31 15:56:07.002  2794  2794 I ModuleManager: Module object of interface com.google.android.apps.inputmethod.libs.search.nativecard.FeatureCardNoticeExtension loaded.
01-31 15:56:07.002  2794  2794 I FeaturePermissions: onSharedPreferenceChanged() : Key = add_feature_suggestion_notice_display_count : Feature = null
01-31 15:56:07.003  2794  2794 I FeaturePermissions: onSharedPreferenceChanged() : Key = version_code_for_feature_suggestion_check : Feature = null
01-31 15:56:07.005  2794  2794 I FeaturePermissions: onSharedPreferenceChanged() : Key = previously_enabled_entries : Feature = null
01-31 15:56:07.012  2794  2794 I FeaturePermissions: onSharedPreferenceChanged() : Key = initial_sim_country : Feature = null
01-31 15:56:07.024  2794  2794 I FeaturePermissions: onSharedPreferenceChanged() : Key = initial_network_country : Feature = null
01-31 15:56:07.026  2794  2794 I GoogleInputMethod: onStartInput() : Dummy InputConnection bound
01-31 15:56:07.027  2794  2794 I FeaturePermissions: onSharedPreferenceChanged() : Key = enable_incognito_mode : Feature = null
01-31 15:56:07.027  2794  2794 I ShortcutsDataManager: startImportContentTask()
01-31 15:56:07.032  2794  3024 I ShortcutsDataManager: doInBackground()
01-31 15:56:07.041  2480  2480 I d.process.acor: The ClassLoaderContext is a special shared library.
01-31 15:56:07.066  2794  2888 E LatinCountersUtils: Unhandled flavor name: preload
01-31 15:56:07.066  2794  2888 E LatinCountersUtils: Unhandled flavor name: preload
01-31 15:56:07.087  2858  2963 W ogle.android.g: Long monitor contention with owner AsyncTask #1 (2948) at boolean android.os.BinderProxy.transactNative(int, android.os.Parcel, android.os.Parcel, int)(Binder.java:-2) waiters=0 in android.database.sqlite.SQLiteDatabase com.android.email.provider.EmailProvider.a(android.content.Context) for 2.962s
01-31 15:56:07.120  1887  2649 D PackageManager: Instant App installer not found with android.intent.action.INSTALL_INSTANT_APP_PACKAGE
01-31 15:56:07.120  1887  2649 D PackageManager: Clear ephemeral installer activity
01-31 15:56:07.122  2794  3024 I PersonalDictDataHandler: Locales = [en_US]
01-31 15:56:07.123  1887  2033 W ActivityManager: Unable to start service Intent { cmp=com.google.android.gm/com.android.email.service.AttachmentService } U=0: not found
01-31 15:56:07.180  2794  3024 I ShortcutsDataManager: importContentData() : Ending import process
01-31 15:56:07.188  2794  2888 E LatinCountersUtils: Unhandled flavor name: preload
01-31 15:56:07.190  2794  3024 I Delight5Facilitator: requestLanguageModelResource() : PERSONAL_DICTIONARY : UNUSED
01-31 15:56:07.211  2712  2893 E EntrySyncManager: Cannot determine account name: drop request
01-31 15:56:07.213  2712  2893 E NowController: Failed to access data from EntryProvider. ExecutionException.
01-31 15:56:07.213  2712  2893 E NowController: java.util.concurrent.ExecutionException: com.google.android.apps.gsa.sidekick.main.h.n: Could not complete scheduled request to refresh entries. ClientErrorCode: 3
01-31 15:56:07.213  2712  2893 E NowController: 	at com.google.common.util.concurrent.d.eA(SourceFile:85)
01-31 15:56:07.213  2712  2893 E NowController: 	at com.google.common.util.concurrent.d.get(SourceFile:23)
01-31 15:56:07.213  2712  2893 E NowController: 	at com.google.common.util.concurrent.l.get(SourceFile:2)
01-31 15:56:07.213  2712  2893 E NowController: 	at com.google.android.apps.gsa.staticplugins.nowstream.b.a.bj.cbB(SourceFile:17)
01-31 15:56:07.213  2712  2893 E NowController: 	at com.google.android.apps.gsa.staticplugins.nowstream.b.a.bj.cbA(SourceFile:119)
01-31 15:56:07.213  2712  2893 E NowController: 	at com.google.android.apps.gsa.staticplugins.nowstream.b.a.bh.run(Unknown Source:2)
01-31 15:56:07.213  2712  2893 E NowController: 	at com.google.android.apps.gsa.shared.util.concurrent.at.run(SourceFile:4)
01-31 15:56:07.213  2712  2893 E NowController: 	at java.util.concurrent.Executors$RunnableAdapter.call(Executors.java:458)
01-31 15:56:07.213  2712  2893 E NowController: 	at java.util.concurrent.FutureTask.run(FutureTask.java:266)
01-31 15:56:07.213  2712  2893 E NowController: 	at java.util.concurrent.Executors$RunnableAdapter.call(Executors.java:458)
01-31 15:56:07.213  2712  2893 E NowController: 	at java.util.concurrent.FutureTask.run(FutureTask.java:266)
01-31 15:56:07.213  2712  2893 E NowController: 	at com.google.android.apps.gsa.shared.util.concurrent.b.g.run(Unknown Source:4)
01-31 15:56:07.213  2712  2893 E NowController: 	at com.google.android.apps.gsa.shared.util.concurrent.b.aw.run(SourceFile:4)
01-31 15:56:07.213  2712  2893 E NowController: 	at com.google.android.apps.gsa.shared.util.concurrent.b.aw.run(SourceFile:4)
01-31 15:56:07.213  2712  2893 E NowController: 	at java.util.concurrent.ThreadPoolExecutor.runWorker(ThreadPoolExecutor.java:1167)
01-31 15:56:07.213  2712  2893 E NowController: 	at java.util.concurrent.ThreadPoolExecutor$Worker.run(ThreadPoolExecutor.java:641)
01-31 15:56:07.213  2712  2893 E NowController: 	at java.lang.Thread.run(Thread.java:764)
01-31 15:56:07.213  2712  2893 E NowController: 	at com.google.android.apps.gsa.shared.util.concurrent.b.i.run(SourceFile:6)
01-31 15:56:07.213  2712  2893 E NowController: Caused by: com.google.android.apps.gsa.sidekick.main.h.n: Could not complete scheduled request to refresh entries. ClientErrorCode: 3
01-31 15:56:07.213  2712  2893 E NowController: 	at com.google.android.apps.gsa.staticplugins.nowstream.b.a.ar.az(Unknown Source:4)
01-31 15:56:07.213  2712  2893 E NowController: 	at com.google.common.util.concurrent.q.ap(SourceFile:7)
01-31 15:56:07.213  2712  2893 E NowController: 	at com.google.common.util.concurrent.p.run(SourceFile:32)
01-31 15:56:07.213  2712  2893 E NowController: 	at com.google.common.util.concurrent.bt.execute(SourceFile:3)
01-31 15:56:07.213  2712  2893 E NowController: 	at com.google.common.util.concurrent.d.b(SourceFile:275)
01-31 15:56:07.213  2712  2893 E NowController: 	at com.google.common.util.concurrent.d.addListener(SourceFile:135)
01-31 15:56:07.213  2712  2893 E NowController: 	at com.google.common.util.concurrent.p.b(SourceFile:3)
01-31 15:56:07.213  2712  2893 E NowController: 	at com.google.android.apps.gsa.shared.util.concurrent.h.a(SourceFile:16)
01-31 15:56:07.213  2712  2893 E NowController: 	at com.google.android.apps.gsa.shared.util.concurrent.h.a(SourceFile:13)
01-31 15:56:07.213  2712  2893 E NowController: 	at com.google.android.apps.gsa.staticplugins.nowstream.b.a.bj.cbB(SourceFile:15)
01-31 15:56:07.213  2712  2893 E NowController: 	... 14 more
01-31 15:56:07.213  2712  2893 E NowController: Could not complete scheduled request to refresh entries
01-31 15:56:07.237  2768  2834 E ActivityThread: Failed to find provider info for com.google.android.as.allapps.actionsettingprovider
01-31 15:56:07.237  2768  2834 E ActionsController: write setting failed
01-31 15:56:07.237  2768  2834 E ActionsController: java.lang.IllegalArgumentException: Unknown URL content://com.google.android.as.allapps.actionsettingprovider
01-31 15:56:07.237  2768  2834 E ActionsController: 	at android.content.ContentResolver.insert(ContentResolver.java:1583)
01-31 15:56:07.237  2768  2834 E ActionsController: 	at com.google.android.apps.nexuslauncher.allapps.d.handleMessage(SourceFile:268)
01-31 15:56:07.237  2768  2834 E ActionsController: 	at android.os.Handler.dispatchMessage(Handler.java:102)
01-31 15:56:07.237  2768  2834 E ActionsController: 	at android.os.Looper.loop(Looper.java:193)
01-31 15:56:07.237  2768  2834 E ActionsController: 	at android.os.HandlerThread.run(HandlerThread.java:65)
01-31 15:56:07.294  2712  2712 I StreamController: cleanUpControllerScope(nowcards-8408878212589052846)
01-31 15:56:07.294  2712  2712 I StreamController: registerScope: nowcards-7243737285092116538
01-31 15:56:07.325  2712  2712 I StreamRenderer: cleanUpRendererScope(nowcards-8408878212589052846)
01-31 15:56:07.325  2712  2712 I StreamRenderer: maybeRegisterNowCardsScope(nowcards-7243737285092116538, com.google.android.sidekick.shared.remoteapi.CardRenderingContext@6030a35)
01-31 15:56:07.560  2794  3024 I PersonalLanguageModel: run() : Added 0 words and 0 shortcuts
01-31 15:56:07.560  2794  3024 I DynamicLm: perform() : PERSONAL_DICTIONARY : azt : Completed
01-31 15:56:07.560  2794  3024 I Delight5Facilitator: releaseLanguageModelResource() : PERSONAL_DICTIONARY : UNUSED
01-31 15:56:07.653  2794  3024 I ShortcutsDataManager: importContentData() : Success : Count = 0
01-31 15:56:07.654  2794  2794 I ShortcutsDataManager: onPostExecute() : Result = [2,0]
01-31 15:56:07.654  2794  2794 I ShortcutsDataManager: onImportFinished() : Result = 2 : Count = 0
01-31 15:56:07.654  2794  3029 I Delight5Decoder: loadShortcutMap() : 0 shortcuts
01-31 15:56:07.666  2768  2855 D ProtoStore: deleting smartspace_current
01-31 15:56:07.667  2768  2855 D ProtoStore: no cached data
01-31 15:56:07.667  2768  2855 D ProtoStore: no cached data
01-31 15:56:07.908  2626  2640 I chatty  : uid=10016(com.google.android.gms) HeapTaskDaemon expire 2 lines
01-31 15:56:08.199  2173  2173 E SetupWizard: [FrpHelper] Exception getting FRP
01-31 15:56:08.199  2173  2173 E SetupWizard: java.util.concurrent.CompletionException: java.util.concurrent.TimeoutException
01-31 15:56:08.199  2173  2173 E SetupWizard: 	at java.util.concurrent.CompletableFuture.encodeThrowable(CompletableFuture.java:294)
01-31 15:56:08.199  2173  2173 E SetupWizard: 	at java.util.concurrent.CompletableFuture.completeThrowable(CompletableFuture.java:310)
01-31 15:56:08.199  2173  2173 E SetupWizard: 	at java.util.concurrent.CompletableFuture.orApply(CompletableFuture.java:1406)
01-31 15:56:08.199  2173  2173 E SetupWizard: 	at java.util.concurrent.CompletableFuture$OrApply.tryFire(CompletableFuture.java:1385)
01-31 15:56:08.199  2173  2173 E SetupWizard: 	at java.util.concurrent.CompletableFuture$Completion.run(CompletableFuture.java:450)
01-31 15:56:08.199  2173  2173 E SetupWizard: 	at android.os.Handler.handleCallback(Handler.java:873)
01-31 15:56:08.199  2173  2173 E SetupWizard: 	at android.os.Handler.dispatchMessage(Handler.java:99)
01-31 15:56:08.199  2173  2173 E SetupWizard: 	at android.os.Looper.loop(Looper.java:193)
01-31 15:56:08.199  2173  2173 E SetupWizard: 	at android.app.ActivityThread.main(ActivityThread.java:6669)
01-31 15:56:08.199  2173  2173 E SetupWizard: 	at java.lang.reflect.Method.invoke(Native Method)
01-31 15:56:08.199  2173  2173 E SetupWizard: 	at com.android.internal.os.RuntimeInit$MethodAndArgsCaller.run(RuntimeInit.java:493)
01-31 15:56:08.199  2173  2173 E SetupWizard: 	at com.android.internal.os.ZygoteInit.main(ZygoteInit.java:858)
01-31 15:56:08.199  2173  2173 E SetupWizard: Caused by: java.util.concurrent.TimeoutException
01-31 15:56:08.199  2173  2173 E SetupWizard: 	at com.google.android.setupwizard.common.util.CompletableFutures.lambda$timeout$1(CompletableFutures.java:73)
01-31 15:56:08.199  2173  2173 E SetupWizard: 	at com.google.android.setupwizard.common.util.-$$Lambda$CompletableFutures$ECGWi8Gt9l8WVGXl8ms7rg-LV5g.run(Unknown Source:2)
01-31 15:56:08.199  2173  2173 E SetupWizard: 	... 7 more
01-31 15:56:08.200  2173  2173 W SetupWizard: [CompletableFutures] Retrying future. Exception=java.util.concurrent.CompletionException: java.util.concurrent.TimeoutException
01-31 15:56:08.283  1887  1903 W Looper  : Slow dispatch took 12721ms android.bg h=com.android.server.am.ActivityManagerService$3 c=null m=1
01-31 15:56:08.382  1887  1906 I ActivityManager: Start proc 3033:com.android.printspooler/u0a49 for service com.android.printspooler/.model.PrintSpoolerService
01-31 15:56:08.393  3033  3033 W id.printspoole: Unexpected CPU variant for X86 using defaults: x86
01-31 15:56:08.433  3033  3033 I id.printspoole: The ClassLoaderContext is a special shared library.
01-31 15:56:08.505  2712  2903 W earchbox:searc: Unsupported class loader
01-31 15:56:08.507  2668  2743 W id.apps.restor: Unsupported class loader
01-31 15:56:08.512  2668  2743 I DynamiteModule: Considering local module com.google.android.gms.flags:2 and remote module com.google.android.gms.flags:3
01-31 15:56:08.513  2668  2743 I DynamiteModule: Selected remote version of com.google.android.gms.flags, version >= 3
01-31 15:56:08.517  2794  2988 W putmethod.lati: Unsupported class loader
01-31 15:56:08.520  2794  2988 I DynamiteModule: Considering local module com.google.android.gms.googlecertificates:0 and remote module com.google.android.gms.googlecertificates:4
01-31 15:56:08.520  2794  2988 I DynamiteModule: Selected remote version of com.google.android.gms.googlecertificates, version >= 4
01-31 15:56:08.536  2626  2641 I chatty  : uid=10016(com.google.android.gms) Binder:2626_1 expire 2 lines
01-31 15:56:08.556  2712  2903 I DynamiteModule: Considering local module com.google.android.gms.googlecertificates:0 and remote module com.google.android.gms.googlecertificates:4
01-31 15:56:08.556  2712  2903 I DynamiteModule: Selected remote version of com.google.android.gms.googlecertificates, version >= 4
01-31 15:56:08.582  2668  2743 W id.apps.restor: Unsupported class loader
01-31 15:56:08.591  2668  2743 W id.apps.restor: Skipping duplicate class check due to unsupported classloader
01-31 15:56:08.627  2668  2743 W ContextImpl: Failed to ensure /data/user/0/com.google.android.gms/shared_prefs: mkdir failed: EACCES (Permission denied)
01-31 15:56:08.628  2668  2743 W DynamiteModule: Local module descriptor class for com.google.android.gms.crash not found.
01-31 15:56:08.632  2668  2743 I DynamiteModule: Considering local module com.google.android.gms.crash:0 and remote module com.google.android.gms.crash:215
01-31 15:56:08.632  2668  2743 I DynamiteModule: Selected remote version of com.google.android.gms.crash, version >= 215
01-31 15:56:08.635  2668  2743 I FirebaseCrashApiImpl: FirebaseCrashApiImpl created by ClassLoader ad[DexPathList[[zip file "/system/priv-app/PrebuiltGmsCore/app_chimera/m/DynamiteModulesC.apk"],nativeLibraryDirectories=[/data/user_de/0/com.google.android.gms/app_chimera/m/00000004/n/x86, /system/lib]]]
01-31 15:56:08.635  2668  2743 I FirebaseCrash: FirebaseCrash reporting loaded - chd@d064db2
01-31 15:56:08.641  2668  2744 I DynamiteModule: Considering local module com.google.android.gms.flags:2 and remote module com.google.android.gms.flags:3
01-31 15:56:08.641  2668  2744 I DynamiteModule: Selected remote version of com.google.android.gms.flags, version >= 3
01-31 15:56:08.646  2668  2744 W DynamiteModule: Local module descriptor class for com.google.android.gms.crash not found.
01-31 15:56:08.655  2794  2888 W putmethod.lati: Long monitor contention with owner Primes-init-1 (3027) at boolean android.os.BinderProxy.transactNative(int, android.os.Parcel, android.os.Parcel, int)(Binder.java:-2) waiters=0 in java.util.Map enq.a() for 493ms
01-31 15:56:08.696  2794  2988 W putmethod.lati: Unsupported class loader
01-31 15:56:08.701  2794  2988 W putmethod.lati: Skipping duplicate class check due to unsupported classloader
01-31 15:56:08.710  2668  2744 I FirebaseCrashApiImpl: FirebaseCrash reporting API initialized
01-31 15:56:08.785  1887  3051 I chatty  : uid=1000(system) Binder:1887_E expire 2 lines
01-31 18:56:09.010  1887  1887 D DevicePolicyManager: updateSystemUpdateFreezePeriodsRecord
01-31 18:56:09.013  1887  1887 D ConditionProviders.SCP: onReceive android.intent.action.TIME_SET
01-31 18:56:09.013  1887  1887 D ConditionProviders.SCP: evaluateSubscriptionLocked cal=ScheduleCalendar[mDays={1, 2, 3, 4, 5, 6, 7}, mSchedule=ScheduleInfo{days=[1, 2, 3, 4, 5, 6, 7], startHour=22, startMinute=0, endHour=7, endMinute=0, exitAtAlarm=true, nextAlarm=Thu Jan 01 03:00:00 GMT+03:00 1970 (0)}], now=Thu Jan 31 18:56:09 GMT+03:00 2019 (1548950169013), nextUserAlarmTime=Thu Jan 01 03:00:00 GMT+03:00 1970 (0)
01-31 18:56:09.013  1887  1887 D ConditionProviders.SCP: notifyCondition condition://android/schedule?days=1.2.3.4.5.6.7&start=22.0&end=7.0&exitAtAlarm=true STATE_FALSE reason=!meetsSchedule
01-31 18:56:09.014  1887  1887 D ConditionProviders.SCP: Scheduling evaluate for Thu Jan 31 22:00:00 GMT+03:00 2019 (1548961200000), in +3h3m50s987ms, now=Thu Jan 31 18:56:09 GMT+03:00 2019 (1548950169013)
01-31 18:56:09.127  1887  2006 W ActivityManager: Slow operation: 83ms so far, now at getContentProviderImpl: incProviderCountLocked
01-31 18:56:09.127  1887  2006 W ActivityManager: Slow operation: 83ms so far, now at getContentProviderImpl: before updateLruProcess
01-31 18:56:09.127  1887  2006 W ActivityManager: Slow operation: 83ms so far, now at getContentProviderImpl: after updateLruProcess
01-31 18:56:09.127  1887  2006 W ActivityManager: Slow operation: 83ms so far, now at getContentProviderImpl: before updateOomAdj
01-31 18:56:09.127  1887  2006 W ActivityManager: Slow operation: 84ms so far, now at getContentProviderImpl: after updateOomAdj
01-31 18:56:09.127  1887  2006 W ActivityManager: Slow operation: 84ms so far, now at getContentProviderImpl: done!
01-31 18:56:09.135  2794  2988 I DictSpacktratProv: getSetupStrategy
01-31 18:56:09.147  2794  2988 W AndroidIME: ewp: No constructor for 'com.google.android.apps.inputmethod.libs.search.makeagif.superpacks.MakeAGifSuperpacksStrategyProvider' with 0 arguments
01-31 18:56:09.148  2794  2988 E SuperpacksMgr: ata: getSuperpackStrategyForIModules(): Failed to invoke com.google.android.apps.inputmethod.libs.search.makeagif.superpacks.MakeAGifSuperpacksStrategyProvider#getSetupStrategy
01-31 18:56:09.148  2794  2988 E SuperpacksMgr: java.lang.NullPointerException: Attempt to invoke interface method 'java.util.List asw.a(android.content.Context)' on a null object reference
01-31 18:56:09.148  2794  2988 E SuperpacksMgr: 	at ata.d(PG:119)
01-31 18:56:09.148  2794  2988 E SuperpacksMgr: 	at atb.a(PG:9)
01-31 18:56:09.148  2794  2988 E SuperpacksMgr: 	at bng.run(Unknown Source:4)
01-31 18:56:09.148  2794  2988 E SuperpacksMgr: 	at java.util.concurrent.Executors$RunnableAdapter.call(Executors.java:458)
01-31 18:56:09.148  2794  2988 E SuperpacksMgr: 	at java.util.concurrent.FutureTask.run(FutureTask.java:266)
01-31 18:56:09.148  2794  2988 E SuperpacksMgr: 	at bcs.run(PG:15)
01-31 18:56:09.148  2794  2988 E SuperpacksMgr: 	at java.util.concurrent.ThreadPoolExecutor.runWorker(ThreadPoolExecutor.java:1167)
01-31 18:56:09.148  2794  2988 E SuperpacksMgr: 	at java.util.concurrent.ThreadPoolExecutor$Worker.run(ThreadPoolExecutor.java:641)
01-31 18:56:09.148  2794  2988 E SuperpacksMgr: 	at java.lang.Thread.run(Thread.java:764)
01-31 18:56:09.148  2794  2988 E SuperpacksMgr: 	at bcl.run(PG:8)
01-31 18:56:09.149  2794  2988 I HWRImeSpacktratProv: getSetupStrategy
01-31 18:56:09.150  2794  2988 I DictSpacktratProv: getSetupStrategy
01-31 18:56:09.150  2794  2988 W AndroidIME: ewp: No constructor for 'com.google.android.apps.inputmethod.libs.search.makeagif.superpacks.MakeAGifSuperpacksStrategyProvider' with 0 arguments
01-31 18:56:09.150  2794  2988 E SuperpacksMgr: ata: getSuperpackStrategyForIModules(): Failed to invoke com.google.android.apps.inputmethod.libs.search.makeagif.superpacks.MakeAGifSuperpacksStrategyProvider#getSetupStrategy
01-31 18:56:09.150  2794  2988 E SuperpacksMgr: java.lang.NullPointerException: Attempt to invoke interface method 'java.util.List asw.a(android.content.Context)' on a null object reference
01-31 18:56:09.150  2794  2988 E SuperpacksMgr: 	at ata.d(PG:119)
01-31 18:56:09.150  2794  2988 E SuperpacksMgr: 	at atb.a(PG:9)
01-31 18:56:09.150  2794  2988 E SuperpacksMgr: 	at bng.run(Unknown Source:4)
01-31 18:56:09.150  2794  2988 E SuperpacksMgr: 	at java.util.concurrent.Executors$RunnableAdapter.call(Executors.java:458)
01-31 18:56:09.150  2794  2988 E SuperpacksMgr: 	at java.util.concurrent.FutureTask.run(FutureTask.java:266)
01-31 18:56:09.150  2794  2988 E SuperpacksMgr: 	at bcs.run(PG:15)
01-31 18:56:09.150  2794  2988 E SuperpacksMgr: 	at java.util.concurrent.ThreadPoolExecutor.runWorker(ThreadPoolExecutor.java:1167)
01-31 18:56:09.150  2794  2988 E SuperpacksMgr: 	at java.util.concurrent.ThreadPoolExecutor$Worker.run(ThreadPoolExecutor.java:641)
01-31 18:56:09.150  2794  2988 E SuperpacksMgr: 	at java.lang.Thread.run(Thread.java:764)
01-31 18:56:09.150  2794  2988 E SuperpacksMgr: 	at bcl.run(PG:8)
01-31 18:56:09.151  2794  2988 I HWRImeSpacktratProv: getSetupStrategy
01-31 18:56:09.151  2794  2988 I DictSpacktratProv: getSetupStrategy
01-31 18:56:09.151  2794  2988 W AndroidIME: ewp: No constructor for 'com.google.android.apps.inputmethod.libs.search.makeagif.superpacks.MakeAGifSuperpacksStrategyProvider' with 0 arguments
01-31 18:56:09.151  2794  2988 E SuperpacksMgr: ata: getSuperpackStrategyForIModules(): Failed to invoke com.google.android.apps.inputmethod.libs.search.makeagif.superpacks.MakeAGifSuperpacksStrategyProvider#getSetupStrategy
01-31 18:56:09.151  2794  2988 E SuperpacksMgr: java.lang.NullPointerException: Attempt to invoke interface method 'java.util.List asw.a(android.content.Context)' on a null object reference
01-31 18:56:09.151  2794  2988 E SuperpacksMgr: 	at ata.d(PG:119)
01-31 18:56:09.151  2794  2988 E SuperpacksMgr: 	at atb.a(PG:9)
01-31 18:56:09.151  2794  2988 E SuperpacksMgr: 	at bng.run(Unknown Source:4)
01-31 18:56:09.151  2794  2988 E SuperpacksMgr: 	at java.util.concurrent.Executors$RunnableAdapter.call(Executors.java:458)
01-31 18:56:09.151  2794  2988 E SuperpacksMgr: 	at java.util.concurrent.FutureTask.run(FutureTask.java:266)
01-31 18:56:09.151  2794  2988 E SuperpacksMgr: 	at bcs.run(PG:15)
01-31 18:56:09.151  2794  2988 E SuperpacksMgr: 	at java.util.concurrent.ThreadPoolExecutor.runWorker(ThreadPoolExecutor.java:1167)
01-31 18:56:09.151  2794  2988 E SuperpacksMgr: 	at java.util.concurrent.ThreadPoolExecutor$Worker.run(ThreadPoolExecutor.java:641)
01-31 18:56:09.151  2794  2988 E SuperpacksMgr: 	at java.lang.Thread.run(Thread.java:764)
01-31 18:56:09.151  2794  2988 E SuperpacksMgr: 	at bcl.run(PG:8)
01-31 18:56:09.151  2794  2988 I HWRImeSpacktratProv: getSetupStrategy
01-31 18:56:09.151  2794  2988 I DictSpacktratProv: getSetupStrategy
01-31 18:56:09.152  2794  2988 W AndroidIME: ewp: No constructor for 'com.google.android.apps.inputmethod.libs.search.makeagif.superpacks.MakeAGifSuperpacksStrategyProvider' with 0 arguments
01-31 18:56:09.152  2794  2988 E SuperpacksMgr: ata: getSuperpackStrategyForIModules(): Failed to invoke com.google.android.apps.inputmethod.libs.search.makeagif.superpacks.MakeAGifSuperpacksStrategyProvider#getSetupStrategy
01-31 18:56:09.152  2794  2988 E SuperpacksMgr: java.lang.NullPointerException: Attempt to invoke interface method 'java.util.List asw.a(android.content.Context)' on a null object reference
01-31 18:56:09.152  2794  2988 E SuperpacksMgr: 	at ata.d(PG:119)
01-31 18:56:09.152  2794  2988 E SuperpacksMgr: 	at atb.a(PG:9)
01-31 18:56:09.152  2794  2988 E SuperpacksMgr: 	at bng.run(Unknown Source:4)
01-31 18:56:09.152  2794  2988 E SuperpacksMgr: 	at java.util.concurrent.Executors$RunnableAdapter.call(Executors.java:458)
01-31 18:56:09.152  2794  2988 E SuperpacksMgr: 	at java.util.concurrent.FutureTask.run(FutureTask.java:266)
01-31 18:56:09.152  2794  2988 E SuperpacksMgr: 	at bcs.run(PG:15)
01-31 18:56:09.152  2794  2988 E SuperpacksMgr: 	at java.util.concurrent.ThreadPoolExecutor.runWorker(ThreadPoolExecutor.java:1167)
01-31 18:56:09.152  2794  2988 E SuperpacksMgr: 	at java.util.concurrent.ThreadPoolExecutor$Worker.run(ThreadPoolExecutor.java:641)
01-31 18:56:09.152  2794  2988 E SuperpacksMgr: 	at java.lang.Thread.run(Thread.java:764)
01-31 18:56:09.152  2794  2988 E SuperpacksMgr: 	at bcl.run(PG:8)
01-31 18:56:09.152  2794  2988 I HWRImeSpacktratProv: getSetupStrategy
01-31 18:56:09.152  2794  2988 I DictSpacktratProv: getSetupStrategy
01-31 18:56:09.152  2794  2988 W AndroidIME: ewp: No constructor for 'com.google.android.apps.inputmethod.libs.search.makeagif.superpacks.MakeAGifSuperpacksStrategyProvider' with 0 arguments
01-31 18:56:09.152  2794  2988 E SuperpacksMgr: ata: getSuperpackStrategyForIModules(): Failed to invoke com.google.android.apps.inputmethod.libs.search.makeagif.superpacks.MakeAGifSuperpacksStrategyProvider#getSetupStrategy
01-31 18:56:09.152  2794  2988 E SuperpacksMgr: java.lang.NullPointerException: Attempt to invoke interface method 'java.util.List asw.a(android.content.Context)' on a null object reference
01-31 18:56:09.152  2794  2988 E SuperpacksMgr: 	at ata.d(PG:119)
01-31 18:56:09.152  2794  2988 E SuperpacksMgr: 	at atb.a(PG:9)
01-31 18:56:09.152  2794  2988 E SuperpacksMgr: 	at bng.run(Unknown Source:4)
01-31 18:56:09.152  2794  2988 E SuperpacksMgr: 	at java.util.concurrent.Executors$RunnableAdapter.call(Executors.java:458)
01-31 18:56:09.152  2794  2988 E SuperpacksMgr: 	at java.util.concurrent.FutureTask.run(FutureTask.java:266)
01-31 18:56:09.152  2794  2988 E SuperpacksMgr: 	at bcs.run(PG:15)
01-31 18:56:09.152  2794  2988 E SuperpacksMgr: 	at java.util.concurrent.ThreadPoolExecutor.runWorker(ThreadPoolExecutor.java:1167)
01-31 18:56:09.152  2794  2988 E SuperpacksMgr: 	at java.util.concurrent.ThreadPoolExecutor$Worker.run(ThreadPoolExecutor.java:641)
01-31 18:56:09.152  2794  2988 E SuperpacksMgr: 	at java.lang.Thread.run(Thread.java:764)
01-31 18:56:09.152  2794  2988 E SuperpacksMgr: 	at bcl.run(PG:8)
01-31 18:56:09.153  2794  2988 I HWRImeSpacktratProv: getSetupStrategy
01-31 18:56:09.153  2794  2988 I DictSpacktratProv: getSetupStrategy
01-31 18:56:09.153  2794  2988 W AndroidIME: ewp: No constructor for 'com.google.android.apps.inputmethod.libs.search.makeagif.superpacks.MakeAGifSuperpacksStrategyProvider' with 0 arguments
01-31 18:56:09.153  2794  2988 E SuperpacksMgr: ata: getSuperpackStrategyForIModules(): Failed to invoke com.google.android.apps.inputmethod.libs.search.makeagif.superpacks.MakeAGifSuperpacksStrategyProvider#getSetupStrategy
01-31 18:56:09.153  2794  2988 E SuperpacksMgr: java.lang.NullPointerException: Attempt to invoke interface method 'java.util.List asw.a(android.content.Context)' on a null object reference
01-31 18:56:09.153  2794  2988 E SuperpacksMgr: 	at ata.d(PG:119)
01-31 18:56:09.153  2794  2988 E SuperpacksMgr: 	at atb.a(PG:9)
01-31 18:56:09.153  2794  2988 E SuperpacksMgr: 	at bng.run(Unknown Source:4)
01-31 18:56:09.153  2794  2988 E SuperpacksMgr: 	at java.util.concurrent.Executors$RunnableAdapter.call(Executors.java:458)
01-31 18:56:09.153  2794  2988 E SuperpacksMgr: 	at java.util.concurrent.FutureTask.run(FutureTask.java:266)
01-31 18:56:09.153  2794  2988 E SuperpacksMgr: 	at bcs.run(PG:15)
01-31 18:56:09.153  2794  2988 E SuperpacksMgr: 	at java.util.concurrent.ThreadPoolExecutor.runWorker(ThreadPoolExecutor.java:1167)
01-31 18:56:09.153  2794  2988 E SuperpacksMgr: 	at java.util.concurrent.ThreadPoolExecutor$Worker.run(ThreadPoolExecutor.java:641)
01-31 18:56:09.153  2794  2988 E SuperpacksMgr: 	at java.lang.Thread.run(Thread.java:764)
01-31 18:56:09.153  2794  2988 E SuperpacksMgr: 	at bcl.run(PG:8)
01-31 18:56:09.183  2626  2626 W SystemServiceRegistry: No service published for: persistent_data_block
01-31 18:56:09.214  2794  2988 I HWRImeSpacktratProv: getSetupStrategy
01-31 18:56:09.214  2794  2988 I DictSpacktratProv: getSetupStrategy
01-31 18:56:09.214  2794  2988 W AndroidIME: ewp: No constructor for 'com.google.android.apps.inputmethod.libs.search.makeagif.superpacks.MakeAGifSuperpacksStrategyProvider' with 0 arguments
01-31 18:56:09.214  2794  2988 E SuperpacksMgr: ata: getSuperpackStrategyForIModules(): Failed to invoke com.google.android.apps.inputmethod.libs.search.makeagif.superpacks.MakeAGifSuperpacksStrategyProvider#getSetupStrategy
01-31 18:56:09.214  2794  2988 E SuperpacksMgr: java.lang.NullPointerException: Attempt to invoke interface method 'java.util.List asw.a(android.content.Context)' on a null object reference
01-31 18:56:09.214  2794  2988 E SuperpacksMgr: 	at ata.d(PG:119)
01-31 18:56:09.214  2794  2988 E SuperpacksMgr: 	at atb.a(PG:9)
01-31 18:56:09.214  2794  2988 E SuperpacksMgr: 	at bng.run(Unknown Source:4)
01-31 18:56:09.214  2794  2988 E SuperpacksMgr: 	at java.util.concurrent.Executors$RunnableAdapter.call(Executors.java:458)
01-31 18:56:09.214  2794  2988 E SuperpacksMgr: 	at java.util.concurrent.FutureTask.run(FutureTask.java:266)
01-31 18:56:09.214  2794  2988 E SuperpacksMgr: 	at bcs.run(PG:15)
01-31 18:56:09.214  2794  2988 E SuperpacksMgr: 	at java.util.concurrent.ThreadPoolExecutor.runWorker(ThreadPoolExecutor.java:1167)
01-31 18:56:09.214  2794  2988 E SuperpacksMgr: 	at java.util.concurrent.ThreadPoolExecutor$Worker.run(ThreadPoolExecutor.java:641)
01-31 18:56:09.214  2794  2988 E SuperpacksMgr: 	at java.lang.Thread.run(Thread.java:764)
01-31 18:56:09.214  2794  2988 E SuperpacksMgr: 	at bcl.run(PG:8)
01-31 18:56:09.215  2794  2988 I HWRImeSpacktratProv: getSetupStrategy
01-31 18:56:09.215  2794  2988 I DictSpacktratProv: getSetupStrategy
01-31 18:56:09.215  2794  2988 W AndroidIME: ewp: No constructor for 'com.google.android.apps.inputmethod.libs.search.makeagif.superpacks.MakeAGifSuperpacksStrategyProvider' with 0 arguments
01-31 18:56:09.215  2794  2988 E SuperpacksMgr: ata: getSuperpackStrategyForIModules(): Failed to invoke com.google.android.apps.inputmethod.libs.search.makeagif.superpacks.MakeAGifSuperpacksStrategyProvider#getSetupStrategy
01-31 18:56:09.215  2794  2988 E SuperpacksMgr: java.lang.NullPointerException: Attempt to invoke interface method 'java.util.List asw.a(android.content.Context)' on a null object reference
01-31 18:56:09.215  2794  2988 E SuperpacksMgr: 	at ata.d(PG:119)
01-31 18:56:09.215  2794  2988 E SuperpacksMgr: 	at atb.a(PG:9)
01-31 18:56:09.215  2794  2988 E SuperpacksMgr: 	at bng.run(Unknown Source:4)
01-31 18:56:09.215  2794  2988 E SuperpacksMgr: 	at java.util.concurrent.Executors$RunnableAdapter.call(Executors.java:458)
01-31 18:56:09.215  2794  2988 E SuperpacksMgr: 	at java.util.concurrent.FutureTask.run(FutureTask.java:266)
01-31 18:56:09.215  2794  2988 E SuperpacksMgr: 	at bcs.run(PG:15)
01-31 18:56:09.215  2794  2988 E SuperpacksMgr: 	at java.util.concurrent.ThreadPoolExecutor.runWorker(ThreadPoolExecutor.java:1167)
01-31 18:56:09.215  2794  2988 E SuperpacksMgr: 	at java.util.concurrent.ThreadPoolExecutor$Worker.run(ThreadPoolExecutor.java:641)
01-31 18:56:09.215  2794  2988 E SuperpacksMgr: 	at java.lang.Thread.run(Thread.java:764)
01-31 18:56:09.215  2794  2988 E SuperpacksMgr: 	at bcl.run(PG:8)
01-31 18:56:09.216  2794  2988 I HWRImeSpacktratProv: getSetupStrategy
01-31 18:56:09.216  2794  2988 I DictSpacktratProv: getSetupStrategy
01-31 18:56:09.216  2794  2988 W AndroidIME: ewp: No constructor for 'com.google.android.apps.inputmethod.libs.search.makeagif.superpacks.MakeAGifSuperpacksStrategyProvider' with 0 arguments
01-31 18:56:09.216  2794  2988 E SuperpacksMgr: ata: getSuperpackStrategyForIModules(): Failed to invoke com.google.android.apps.inputmethod.libs.search.makeagif.superpacks.MakeAGifSuperpacksStrategyProvider#getSetupStrategy
01-31 18:56:09.216  2794  2988 E SuperpacksMgr: java.lang.NullPointerException: Attempt to invoke interface method 'java.util.List asw.a(android.content.Context)' on a null object reference
01-31 18:56:09.216  2794  2988 E SuperpacksMgr: 	at ata.d(PG:119)
01-31 18:56:09.216  2794  2988 E SuperpacksMgr: 	at atb.a(PG:9)
01-31 18:56:09.216  2794  2988 E SuperpacksMgr: 	at bng.run(Unknown Source:4)
01-31 18:56:09.216  2794  2988 E SuperpacksMgr: 	at java.util.concurrent.Executors$RunnableAdapter.call(Executors.java:458)
01-31 18:56:09.216  2794  2988 E SuperpacksMgr: 	at java.util.concurrent.FutureTask.run(FutureTask.java:266)
01-31 18:56:09.216  2794  2988 E SuperpacksMgr: 	at bcs.run(PG:15)
01-31 18:56:09.216  2794  2988 E SuperpacksMgr: 	at java.util.concurrent.ThreadPoolExecutor.runWorker(ThreadPoolExecutor.java:1167)
01-31 18:56:09.216  2794  2988 E SuperpacksMgr: 	at java.util.concurrent.ThreadPoolExecutor$Worker.run(ThreadPoolExecutor.java:641)
01-31 18:56:09.216  2794  2988 E SuperpacksMgr: 	at java.lang.Thread.run(Thread.java:764)
01-31 18:56:09.216  2794  2988 E SuperpacksMgr: 	at bcl.run(PG:8)
01-31 18:56:09.217  2794  2988 I HWRImeSpacktratProv: getSetupStrategy
01-31 18:56:09.217  2794  2988 I DictSpacktratProv: getSetupStrategy
01-31 18:56:09.217  2794  2988 W AndroidIME: ewp: No constructor for 'com.google.android.apps.inputmethod.libs.search.makeagif.superpacks.MakeAGifSuperpacksStrategyProvider' with 0 arguments
01-31 18:56:09.217  2794  2988 E SuperpacksMgr: ata: getSuperpackStrategyForIModules(): Failed to invoke com.google.android.apps.inputmethod.libs.search.makeagif.superpacks.MakeAGifSuperpacksStrategyProvider#getSetupStrategy
01-31 18:56:09.217  2794  2988 E SuperpacksMgr: java.lang.NullPointerException: Attempt to invoke interface method 'java.util.List asw.a(android.content.Context)' on a null object reference
01-31 18:56:09.217  2794  2988 E SuperpacksMgr: 	at ata.d(PG:119)
01-31 18:56:09.217  2794  2988 E SuperpacksMgr: 	at atb.a(PG:9)
01-31 18:56:09.217  2794  2988 E SuperpacksMgr: 	at bng.run(Unknown Source:4)
01-31 18:56:09.217  2794  2988 E SuperpacksMgr: 	at java.util.concurrent.Executors$RunnableAdapter.call(Executors.java:458)
01-31 18:56:09.217  2794  2988 E SuperpacksMgr: 	at java.util.concurrent.FutureTask.run(FutureTask.java:266)
01-31 18:56:09.217  2794  2988 E SuperpacksMgr: 	at bcs.run(PG:15)
01-31 18:56:09.217  2794  2988 E SuperpacksMgr: 	at java.util.concurrent.ThreadPoolExecutor.runWorker(ThreadPoolExecutor.java:1167)
01-31 18:56:09.217  2794  2988 E SuperpacksMgr: 	at java.util.concurrent.ThreadPoolExecutor$Worker.run(ThreadPoolExecutor.java:641)
01-31 18:56:09.217  2794  2988 E SuperpacksMgr: 	at java.lang.Thread.run(Thread.java:764)
01-31 18:56:09.217  2794  2988 E SuperpacksMgr: 	at bcl.run(PG:8)
01-31 18:56:09.217  2794  2988 I HWRImeSpacktratProv: getSetupStrategy
01-31 18:56:09.217  2794  2988 I DictSpacktratProv: getSetupStrategy
01-31 18:56:09.217  2794  2988 W AndroidIME: ewp: No constructor for 'com.google.android.apps.inputmethod.libs.search.makeagif.superpacks.MakeAGifSuperpacksStrategyProvider' with 0 arguments
01-31 18:56:09.218  2794  2988 E SuperpacksMgr: ata: getSuperpackStrategyForIModules(): Failed to invoke com.google.android.apps.inputmethod.libs.search.makeagif.superpacks.MakeAGifSuperpacksStrategyProvider#getSetupStrategy
01-31 18:56:09.218  2794  2988 E SuperpacksMgr: java.lang.NullPointerException: Attempt to invoke interface method 'java.util.List asw.a(android.content.Context)' on a null object reference
01-31 18:56:09.218  2794  2988 E SuperpacksMgr: 	at ata.d(PG:119)
01-31 18:56:09.218  2794  2988 E SuperpacksMgr: 	at atb.a(PG:9)
01-31 18:56:09.218  2794  2988 E SuperpacksMgr: 	at bng.run(Unknown Source:4)
01-31 18:56:09.218  2794  2988 E SuperpacksMgr: 	at java.util.concurrent.Executors$RunnableAdapter.call(Executors.java:458)
01-31 18:56:09.218  2794  2988 E SuperpacksMgr: 	at java.util.concurrent.FutureTask.run(FutureTask.java:266)
01-31 18:56:09.218  2794  2988 E SuperpacksMgr: 	at bcs.run(PG:15)
01-31 18:56:09.218  2794  2988 E SuperpacksMgr: 	at java.util.concurrent.ThreadPoolExecutor.runWorker(ThreadPoolExecutor.java:1167)
01-31 18:56:09.218  2794  2988 E SuperpacksMgr: 	at java.util.concurrent.ThreadPoolExecutor$Worker.run(ThreadPoolExecutor.java:641)
01-31 18:56:09.218  2794  2988 E SuperpacksMgr: 	at java.lang.Thread.run(Thread.java:764)
01-31 18:56:09.218  2794  2988 E SuperpacksMgr: 	at bcl.run(PG:8)
01-31 18:56:09.218  2794  2988 I HWRImeSpacktratProv: getSetupStrategy
01-31 18:56:09.218  2794  2988 I DictSpacktratProv: getSetupStrategy
01-31 18:56:09.218  2794  2988 W AndroidIME: ewp: No constructor for 'com.google.android.apps.inputmethod.libs.search.makeagif.superpacks.MakeAGifSuperpacksStrategyProvider' with 0 arguments
01-31 18:56:09.218  2794  2988 E SuperpacksMgr: ata: getSuperpackStrategyForIModules(): Failed to invoke com.google.android.apps.inputmethod.libs.search.makeagif.superpacks.MakeAGifSuperpacksStrategyProvider#getSetupStrategy
01-31 18:56:09.218  2794  2988 E SuperpacksMgr: java.lang.NullPointerException: Attempt to invoke interface method 'java.util.List asw.a(android.content.Context)' on a null object reference
01-31 18:56:09.218  2794  2988 E SuperpacksMgr: 	at ata.d(PG:119)
01-31 18:56:09.218  2794  2988 E SuperpacksMgr: 	at atb.a(PG:9)
01-31 18:56:09.218  2794  2988 E SuperpacksMgr: 	at bng.run(Unknown Source:4)
01-31 18:56:09.218  2794  2988 E SuperpacksMgr: 	at java.util.concurrent.Executors$RunnableAdapter.call(Executors.java:458)
01-31 18:56:09.218  2794  2988 E SuperpacksMgr: 	at java.util.concurrent.FutureTask.run(FutureTask.java:266)
01-31 18:56:09.218  2794  2988 E SuperpacksMgr: 	at bcs.run(PG:15)
01-31 18:56:09.218  2794  2988 E SuperpacksMgr: 	at java.util.concurrent.ThreadPoolExecutor.runWorker(ThreadPoolExecutor.java:1167)
01-31 18:56:09.218  2794  2988 E SuperpacksMgr: 	at java.util.concurrent.ThreadPoolExecutor$Worker.run(ThreadPoolExecutor.java:641)
01-31 18:56:09.218  2794  2988 E SuperpacksMgr: 	at java.lang.Thread.run(Thread.java:764)
01-31 18:56:09.218  2794  2988 E SuperpacksMgr: 	at bcl.run(PG:8)
01-31 18:56:09.218  2794  2988 I HWRImeSpacktratProv: getSetupStrategy
01-31 18:56:09.219  2794  2988 I DictSpacktratProv: getSetupStrategy
01-31 18:56:09.219  2794  2988 W AndroidIME: ewp: No constructor for 'com.google.android.apps.inputmethod.libs.search.makeagif.superpacks.MakeAGifSuperpacksStrategyProvider' with 0 arguments
01-31 18:56:09.219  2794  2988 E SuperpacksMgr: ata: getSuperpackStrategyForIModules(): Failed to invoke com.google.android.apps.inputmethod.libs.search.makeagif.superpacks.MakeAGifSuperpacksStrategyProvider#getSetupStrategy
01-31 18:56:09.219  2794  2988 E SuperpacksMgr: java.lang.NullPointerException: Attempt to invoke interface method 'java.util.List asw.a(android.content.Context)' on a null object reference
01-31 18:56:09.219  2794  2988 E SuperpacksMgr: 	at ata.d(PG:119)
01-31 18:56:09.219  2794  2988 E SuperpacksMgr: 	at atb.a(PG:9)
01-31 18:56:09.219  2794  2988 E SuperpacksMgr: 	at bng.run(Unknown Source:4)
01-31 18:56:09.219  2794  2988 E SuperpacksMgr: 	at java.util.concurrent.Executors$RunnableAdapter.call(Executors.java:458)
01-31 18:56:09.219  2794  2988 E SuperpacksMgr: 	at java.util.concurrent.FutureTask.run(FutureTask.java:266)
01-31 18:56:09.219  2794  2988 E SuperpacksMgr: 	at bcs.run(PG:15)
01-31 18:56:09.219  2794  2988 E SuperpacksMgr: 	at java.util.concurrent.ThreadPoolExecutor.runWorker(ThreadPoolExecutor.java:1167)
01-31 18:56:09.219  2794  2988 E SuperpacksMgr: 	at java.util.concurrent.ThreadPoolExecutor$Worker.run(ThreadPoolExecutor.java:641)
01-31 18:56:09.219  2794  2988 E SuperpacksMgr: 	at java.lang.Thread.run(Thread.java:764)
01-31 18:56:09.219  2794  2988 E SuperpacksMgr: 	at bcl.run(PG:8)
01-31 18:56:09.244  2626  3062 I NativeLibraryUtils: Extraction to /data/user_de/0/com.google.android.gms/app_extracted_libs/x86/libAppDataSearch.so true
01-31 18:56:09.247  2626  2626 I NetRec  : [2] NetworkRecommendationService.onCreate: Creating service.
01-31 18:56:09.249  2568  2568 D NetworkSecurityConfig: Using Network Security Config from resource network_security_config debugBuild: false
01-31 18:56:09.250  2568  2568 I ProviderInstaller: Installed default security provider GmsCore_OpenSSL
01-31 18:56:09.291  2794  2988 I HWRImeSpacktratProv: getSetupStrategy
01-31 18:56:09.292  2794  2988 I DictSpacktratProv: getSetupStrategy
01-31 18:56:09.292  2794  2988 W AndroidIME: ewp: No constructor for 'com.google.android.apps.inputmethod.libs.search.makeagif.superpacks.MakeAGifSuperpacksStrategyProvider' with 0 arguments
01-31 18:56:09.300  2712  2903 W earchbox:searc: Unsupported class loader
01-31 18:56:09.301  2712  2903 W earchbox:searc: Skipping duplicate class check due to unsupported classloader
01-31 18:56:09.302  2794  2988 E SuperpacksMgr: ata: getSuperpackStrategyForIModules(): Failed to invoke com.google.android.apps.inputmethod.libs.search.makeagif.superpacks.MakeAGifSuperpacksStrategyProvider#getSetupStrategy
01-31 18:56:09.302  2794  2988 E SuperpacksMgr: java.lang.NullPointerException: Attempt to invoke interface method 'java.util.List asw.a(android.content.Context)' on a null object reference
01-31 18:56:09.302  2794  2988 E SuperpacksMgr: 	at ata.d(PG:119)
