01-31 15:55:52.324  2110  2110 I NotificationMgr: updateMwi(): subId 1 update to false
01-31 15:55:52.350  1887  1887 V SettingsProvider: Notifying for 0: content://settings/secure/sysui_nav_bar_right
01-31 15:55:52.380  1887  2425 I chatty  : uid=1000 system_server expire 2 lines
01-31 15:55:52.385  1887  2426 I chatty  : uid=1000 system_server expire 2 lines
01-31 15:55:52.386  2110  2110 D CallNotifier: updatePhoneStateListeners: update CF notifications.
01-31 15:55:52.386  2110  2110 I NotificationMgr: updateCfi: subId= 1, visible=N
01-31 15:55:52.387  2110  2110 I NotificationMgr: updateMwi(): subId 1 update to false
01-31 15:55:52.424  2419  2419 W System  : ClassLoader referenced unknown path: /system/framework/com.google.android.dialer.support.jar
01-31 15:55:52.429  2110  2110 I TelecomFramework: PstnIncomingCallNotifier: Unregistering: Handler (com.android.internal.telephony.GsmCdmaPhone) {bb56217}
01-31 15:55:52.525  2419  2419 I Dialer  : GoogleDialerApplication.onCreate - enter
01-31 15:55:52.548  2419  2419 I Dialer  : DialerExecutorModule.newThread - creating low priority thread
01-31 15:55:52.553  1887  2000 D ConnectivityService: NetworkAgentInfo [MOBILE (LTE) - 100] validation passed
01-31 15:55:52.554  1887  2012 I chatty  : uid=1000(system) ConnectivityThr expire 2 lines
01-31 15:55:52.561  2419  2445 I Dialer  : BlockedNumbersAutoMigrator - not attempting auto-migrate: device is locked
01-31 15:55:52.563  2419  2419 E ActivityThread: Failed to find provider info for com.google.android.gsf.gservices
01-31 15:55:52.566  2419  2419 I Dialer  : SpamModule.provideSpam - using in-app spam
01-31 15:55:52.590  2419  2419 I Dialer  : SpamModule.provideSpam - using in-app spam
01-31 15:55:52.591  2419  2419 I Dialer  : DialerApplication.initializeAnnotatedCallLog - framework not enabled
01-31 15:55:52.594  2419  2419 I Dialer  : NotificationChannelManager.initChannels - doing an expensive initialization of all notification channels
01-31 15:55:52.594  2419  2419 I Dialer  : NotificationChannelManager.initChannels - desired channel IDs: {phone_ongoing_call, phone_incoming_call, phone_voicemail, phone_missed_call, phone_default}
01-31 15:55:52.594  2419  2419 I Dialer  : NotificationChannelManager.initChannels - existing channel IDs: {}
01-31 15:55:52.629  2419  2419 I chatty  : uid=10027(com.google.android.dialer) identical 8 lines
01-31 15:55:52.633  2419  2419 E ActivityThread: Failed to find provider info for com.google.android.gsf.gservices
01-31 15:55:52.658  2419  2419 E .android.diale: The String#value field is not present on Android versions >= 6.0
01-31 15:55:52.659  2419  2419 I Dialer  : GoogleDialerApplication.onCreate - register new client
01-31 15:55:52.693  1887  1887 V SettingsProvider: Notifying for 0: content://settings/global/preferred_network_mode1
01-31 15:55:52.699  2419  2419 E ActivityThread: Failed to find provider info for com.google.android.gsf.gservices
01-31 15:55:52.699  2419  2419 E ActivityThread: Failed to find provider info for com.google.android.gsf.gservices
01-31 15:55:52.699  2419  2419 I Dialer  : GoogleDialerApplication.onCreate - registered new client
01-31 15:55:52.727  1887  2250 I Telecom : PhoneAccountRegistrar: Modify account: [ComponentInfo{com.android.phone/com.android.services.telephony.TelephonyConnectionService}, ***, UserHandle{0}]: TSI.rPA@ACg
01-31 15:55:52.728  2110  2110 I TelecomFramework: AccountEntry: Registered phoneAccount: [[ ] PhoneAccount: ComponentInfo{com.android.phone/com.android.services.telephony.TelephonyConnectionService}, ***, UserHandle{0} Capabilities: CallProvider MultiUser PlaceEmerg SimSub  Audio Routes: BESW Schemes: tel voicemail  Extras: Bundle[{android.telecom.extra.SUPPORTS_VIDEO_CALLING_FALLBACK=true}] GroupId: ***] with handle: ComponentInfo{com.android.phone/com.android.services.telephony.TelephonyConnectionService}, ***, UserHandle{0}
01-31 15:55:52.728  2110  2110 I TelecomFramework: PstnIncomingCallNotifier: Registering: Handler (com.android.internal.telephony.GsmCdmaPhone) {bb56217}
01-31 15:55:52.735  2110  2110 D CallNotifier: updatePhoneStateListeners: update CF notifications.
01-31 15:55:52.735  2110  2110 I NotificationMgr: updateCfi: subId= 1, visible=N
01-31 15:55:52.736  2110  2110 I NotificationMgr: updateMwi(): subId 1 update to false
01-31 15:55:52.765  2419  2419 E ActivityThread: Failed to find provider info for com.google.android.gsf.gservices
01-31 15:55:52.766  2419  2419 E ActivityThread: Failed to find provider info for com.google.android.gsf.gservices
01-31 15:55:52.767  2110  2110 I TelecomFramework: PstnIncomingCallNotifier: Unregistering: Handler (com.android.internal.telephony.GsmCdmaPhone) {bb56217}
01-31 15:55:52.767  2419  2419 I Dialer  : LegacyVoicemailNotificationReceiver.onReceive - received legacy voicemail notification
01-31 15:55:52.768  2419  2419 I Dialer  : LegacyVoicemailNotificationReceiver.onReceive - isRefresh: false
01-31 15:55:52.769  2419  2419 I Dialer  : LegacyVoicemailNotificationReceiver.onReceive - clearing notification
01-31 15:55:52.769  2419  2419 I Dialer  : LegacyVoicemailNotifier.cancelNotification - enter
01-31 15:55:52.793  1887  2250 W ActivityManager: Unable to start service Intent { act=com.google.android.gms.clearcut.service.START pkg=com.google.android.gms } U=0: not found
01-31 15:55:52.797  2110  2331 D IntentBroadcaster: Broadcasting and adding intent for rebroadcast: android.intent.action.SIM_STATE_CHANGED LOADED for slotId 0
01-31 15:55:52.802  2110  2331 D CarrierConfigLoader: update config for phoneId: 0 simState: LOADED
01-31 15:55:52.802  1887  1899 W ActivityManager: Unbind failed: could not find connection for android.os.BinderProxy@f2cafc1
01-31 15:55:52.802  2110  2331 D CarrierSvcBindHelper: update binding for phoneId: 0 simState: LOADED
01-31 15:55:52.803  2419  2448 E GmsClient: unable to connect to service: com.google.android.gms.clearcut.service.START on com.google.android.gms
01-31 15:55:52.825  1887  1899 W ActivityManager: Unable to start service Intent { act=com.google.android.gms.people.service.START pkg=com.google.android.gms } U=0: not found
01-31 15:55:52.825  1887  1899 W ActivityManager: Unbind failed: could not find connection for android.os.BinderProxy@3d9d366
01-31 15:55:52.826  2419  2448 E GmsClient: unable to connect to service: com.google.android.gms.people.service.START on com.google.android.gms
01-31 15:55:52.826  1887  1899 W ActivityManager: Unable to start service Intent { act=com.google.android.gms.telephonyspam.service.START pkg=com.google.android.gms } U=0: not found
01-31 15:55:52.830  1887  1899 W ActivityManager: Unbind failed: could not find connection for android.os.BinderProxy@90c46a7
01-31 15:55:52.830  2419  2448 E GmsClient: unable to connect to service: com.google.android.gms.telephonyspam.service.START on com.google.android.gms
01-31 15:55:52.831  1887  1899 W ActivityManager: Unable to start service Intent { act=com.google.android.gms.people.service.START pkg=com.google.android.gms } U=0: not found
01-31 15:55:52.861  1887  1899 W ActivityManager: Unbind failed: could not find connection for android.os.BinderProxy@3eb2754
01-31 15:55:52.861  2419  2448 E GmsClient: unable to connect to service: com.google.android.gms.people.service.START on com.google.android.gms
01-31 15:55:52.862  1887  1899 W ActivityManager: Unable to start service Intent { act=com.google.android.gms.phenotype.service.START pkg=com.google.android.gms } U=0: not found
01-31 15:55:52.866  1887  1899 W ActivityManager: Unbind failed: could not find connection for android.os.BinderProxy@1386fd
01-31 15:55:52.867  2419  2448 E GmsClient: unable to connect to service: com.google.android.gms.phenotype.service.START on com.google.android.gms
01-31 15:55:52.869  1887  1899 I Telecom : PhoneAccountRegistrar: Modify account: [ComponentInfo{com.android.phone/com.android.services.telephony.TelephonyConnectionService}, ***, UserHandle{0}]: TSI.rPA@AC0
01-31 15:55:52.871  2110  2110 I TelecomFramework: AccountEntry: Registered phoneAccount: [[ ] PhoneAccount: ComponentInfo{com.android.phone/com.android.services.telephony.TelephonyConnectionService}, ***, UserHandle{0} Capabilities: CallProvider MultiUser PlaceEmerg SimSub  Audio Routes: BESW Schemes: tel voicemail  Extras: Bundle[{android.telecom.extra.SUPPORTS_VIDEO_CALLING_FALLBACK=true}] GroupId: ***] with handle: ComponentInfo{com.android.phone/com.android.services.telephony.TelephonyConnectionService}, ***, UserHandle{0}
01-31 15:55:52.871  2110  2110 I TelecomFramework: PstnIncomingCallNotifier: Registering: Handler (com.android.internal.telephony.GsmCdmaPhone) {bb56217}
01-31 15:55:52.886  1887  1913 W WindowManager: Timeout waiting for drawn: undrawn=[Window{549af03 u0 StatusBar}]
01-31 15:55:52.895  2419  2419 I Dialer  : Flags.register - phenotype register status: false
01-31 15:55:52.901  2110  2110 D CallNotifier: updatePhoneStateListeners: update CF notifications.
01-31 15:55:52.901  2110  2110 I NotificationMgr: updateCfi: subId= 1, visible=N
01-31 15:55:52.903  2419  2419 I Dialer  : LegacyVoicemailNotificationReceiver.onReceive - received legacy voicemail notification
01-31 15:55:52.903  2419  2419 I Dialer  : LegacyVoicemailNotificationReceiver.onReceive - isRefresh: true
01-31 15:55:52.903  2419  2419 I Dialer  : LegacyVoicemailNotificationReceiver.onReceive - clearing notification
01-31 15:55:52.903  2419  2419 I Dialer  : LegacyVoicemailNotifier.cancelNotification - enter
01-31 15:55:52.903  2110  2110 I NotificationMgr: updateMwi(): subId 1 update to false
01-31 15:55:52.904  2419  2419 I Dialer  : LegacyVoicemailNotificationReceiver.onReceive - received legacy voicemail notification
01-31 15:55:52.904  2419  2419 I Dialer  : LegacyVoicemailNotificationReceiver.onReceive - isRefresh: true
01-31 15:55:52.904  2419  2419 I Dialer  : LegacyVoicemailNotificationReceiver.onReceive - clearing notification
01-31 15:55:52.904  2419  2419 I Dialer  : LegacyVoicemailNotifier.cancelNotification - enter
01-31 15:55:52.905  2419  2419 I Dialer  : LegacyVoicemailNotificationReceiver.onReceive - received legacy voicemail notification
01-31 15:55:52.905  2419  2419 I Dialer  : LegacyVoicemailNotificationReceiver.onReceive - isRefresh: true
01-31 15:55:52.905  2419  2419 I Dialer  : LegacyVoicemailNotificationReceiver.onReceive - clearing notification
01-31 15:55:52.905  2419  2419 I Dialer  : LegacyVoicemailNotifier.cancelNotification - enter
01-31 15:55:52.907  2419  2419 I Dialer  : LegacyVoicemailNotificationReceiver.onReceive - received legacy voicemail notification
01-31 15:55:52.907  2419  2419 I Dialer  : LegacyVoicemailNotificationReceiver.onReceive - isRefresh: true
01-31 15:55:52.907  2419  2419 I Dialer  : LegacyVoicemailNotificationReceiver.onReceive - clearing notification
01-31 15:55:52.907  2419  2419 I Dialer  : LegacyVoicemailNotifier.cancelNotification - enter
01-31 15:55:52.968  2110  2110 D TelephonyProvider: subIdString = 1 subId = 1
01-31 15:55:52.968  2110  2110 D TelephonyProvider: getPreferredApnIdFromApn: for subId 1
01-31 15:55:52.968  2419  2419 I Dialer  : LegacyVoicemailNotificationReceiver.onReceive - received legacy voicemail notification
01-31 15:55:52.969  2419  2419 I Dialer  : LegacyVoicemailNotificationReceiver.onReceive - isRefresh: false
01-31 15:55:52.969  2419  2419 I Dialer  : LegacyVoicemailNotificationReceiver.onReceive - clearing notification
01-31 15:55:52.969  2419  2419 I Dialer  : LegacyVoicemailNotifier.cancelNotification - enter
01-31 15:55:52.972  2110  2110 D CarrierIdProvider: updateCarrierIdForSubId: 1
01-31 15:55:52.973  2110  2110 D TelephonyProvider: subIdString = 1 subId = 1
01-31 15:55:52.973  2110  2110 D TelephonyProvider: getPreferredApnIdFromApn: for subId 1
01-31 15:55:52.975  2110  2110 D TelephonyProvider: subIdString = 1 subId = 1
01-31 15:55:52.975  2110  2110 D TelephonyProvider: getPreferredApnIdFromApn: for subId 1
01-31 15:55:53.002  2110  2110 D TelephonyProvider: subIdString = 1 subId = 1
01-31 15:55:53.002  2110  2110 D TelephonyProvider: getPreferredApnIdFromApn: for subId 1
01-31 15:55:53.035  2110  2110 D TelephonyProvider: subIdString = 1 subId = 1
01-31 15:55:53.035  2110  2110 D TelephonyProvider: getPreferredApnIdFromApn: for subId 1
01-31 15:55:53.036  2110  2110 D TelephonyProvider: subIdString = 1 subId = 1
01-31 15:55:53.036  2110  2110 D TelephonyProvider: getPreferredApnIdFromApn: for subId 1
01-31 15:55:53.039  2110  2110 D TelephonyProvider: subIdString = 1 subId = 1
01-31 15:55:53.039  2110  2110 D TelephonyProvider: getPreferredApnIdFromApn: for subId 1
01-31 15:55:53.040  2110  2110 D TelephonyProvider: subIdString = 1 subId = 1
01-31 15:55:53.040  2110  2110 D TelephonyProvider: getPreferredApnIdFromApn: for subId 1
01-31 15:55:53.042  2110  2110 D TelephonyProvider: subIdString = 1 subId = 1
01-31 15:55:53.042  2110  2110 D TelephonyProvider: getPreferredApnIdFromApn: for subId 1
01-31 15:55:53.068  2110  2110 D TelephonyProvider: subIdString = 1 subId = 1
01-31 15:55:53.068  2110  2110 D TelephonyProvider: getPreferredApnIdFromApn: for subId 1
01-31 15:55:53.069  2037  2316 D gralloc_ranchu: Emulator without host-side GPU emulation detected. Loading gralloc.default.so from /vendor/lib/hw/gralloc.goldfish.default.so...
01-31 15:55:53.108  2110  2110 D TelephonyProvider: subIdString = 1 subId = 1
01-31 15:55:53.108  2110  2110 D TelephonyProvider: deletePreferredApn: for subId 1
01-31 15:55:53.109  2110  2110 D TelephonyProvider: subIdString = 1 subId = 1
01-31 15:55:53.109  2110  2110 D TelephonyProvider: setPreferredApn: _id 1 subId 1
01-31 15:55:53.203  1737  2417 W DnsTlsSocket: SSL_connect error 5, errno=111
01-31 15:55:53.210  2110  2110 D CallNotifier: updatePhoneStateListeners: update CF notifications.
01-31 15:55:53.210  2110  2110 I NotificationMgr: updateCfi: subId= 1, visible=N
01-31 15:55:53.238  2110  2110 I NotificationMgr: updateMwi(): subId 1 update to false
01-31 15:55:53.244  2110  2110 I TelecomFramework: PstnIncomingCallNotifier: Unregistering: Handler (com.android.internal.telephony.GsmCdmaPhone) {bb56217}
01-31 15:55:53.245  2419  2419 I Dialer  : LegacyVoicemailNotificationReceiver.onReceive - received legacy voicemail notification
01-31 15:55:53.245  2419  2419 I Dialer  : LegacyVoicemailNotificationReceiver.onReceive - isRefresh: true
01-31 15:55:53.245  2419  2419 I Dialer  : LegacyVoicemailNotificationReceiver.onReceive - clearing notification
01-31 15:55:53.245  2419  2419 I Dialer  : LegacyVoicemailNotifier.cancelNotification - enter
01-31 15:55:53.370  1887  1899 I Telecom : PhoneAccountRegistrar: Modify account: [ComponentInfo{com.android.phone/com.android.services.telephony.TelephonyConnectionService}, ***, UserHandle{0}]: TSI.rPA@ADQ
01-31 15:55:53.371  2110  2110 I TelecomFramework: AccountEntry: Registered phoneAccount: [[ ] PhoneAccount: ComponentInfo{com.android.phone/com.android.services.telephony.TelephonyConnectionService}, ***, UserHandle{0} Capabilities: CallProvider MultiUser PlaceEmerg SimSub  Audio Routes: BESW Schemes: tel voicemail  Extras: Bundle[{android.telecom.extra.SUPPORTS_VIDEO_CALLING_FALLBACK=true}] GroupId: ***] with handle: ComponentInfo{com.android.phone/com.android.services.telephony.TelephonyConnectionService}, ***, UserHandle{0}
01-31 15:55:53.371  2110  2110 I TelecomFramework: PstnIncomingCallNotifier: Registering: Handler (com.android.internal.telephony.GsmCdmaPhone) {bb56217}
01-31 15:55:53.376  2110  2110 D CallNotifier: updatePhoneStateListeners: update CF notifications.
01-31 15:55:53.376  2110  2110 I NotificationMgr: updateCfi: subId= 1, visible=N
01-31 15:55:53.381  2110  2110 I NotificationMgr: updateMwi(): subId 1 update to false
01-31 15:55:53.383  2110  2110 I TelecomFramework: PstnIncomingCallNotifier: Unregistering: Handler (com.android.internal.telephony.GsmCdmaPhone) {bb56217}
01-31 15:55:53.386  2419  2419 I Dialer  : LegacyVoicemailNotificationReceiver.onReceive - received legacy voicemail notification
01-31 15:55:53.386  2419  2419 I Dialer  : LegacyVoicemailNotificationReceiver.onReceive - isRefresh: true
01-31 15:55:53.386  2419  2419 I Dialer  : LegacyVoicemailNotificationReceiver.onReceive - clearing notification
01-31 15:55:53.386  2419  2419 I Dialer  : LegacyVoicemailNotifier.cancelNotification - enter
01-31 15:55:53.414  1887  1898 I Telecom : PhoneAccountRegistrar: Modify account: [ComponentInfo{com.android.phone/com.android.services.telephony.TelephonyConnectionService}, ***, UserHandle{0}]: TSI.rPA@ADk
01-31 15:55:53.416  2110  2110 I TelecomFramework: AccountEntry: Registered phoneAccount: [[ ] PhoneAccount: ComponentInfo{com.android.phone/com.android.services.telephony.TelephonyConnectionService}, ***, UserHandle{0} Capabilities: CallProvider MultiUser PlaceEmerg SimSub  Audio Routes: BESW Schemes: tel voicemail  Extras: Bundle[{android.telecom.extra.SUPPORTS_VIDEO_CALLING_FALLBACK=true}] GroupId: ***] with handle: ComponentInfo{com.android.phone/com.android.services.telephony.TelephonyConnectionService}, ***, UserHandle{0}
01-31 15:55:53.416  2110  2110 I TelecomFramework: PstnIncomingCallNotifier: Registering: Handler (com.android.internal.telephony.GsmCdmaPhone) {bb56217}
01-31 15:55:53.437  2110  2110 I ImsExternalCallTracker: handleVideoCapabilitiesChanged : isVideoCapable = false
01-31 15:55:53.437  2110  2110 D ImsExternalCallTracker: refreshCallPullState
01-31 15:55:53.437  2110  2110 I TelecomFramework: PstnPhoneCapabilitiesNotifier: handleVideoCapabilitesChanged. Video capability - false
01-31 15:55:53.442  2110  2110 I VvmSimStateTracker: android.intent.action.SIM_STATE_CHANGED
01-31 15:55:53.442  2110  2110 D CarrierConfigLoader: mHandler: 7 phoneId: 0
01-31 15:55:53.443  2110  2110 E CarrierConfigLoader: java.io.FileNotFoundException: /data/user_de/0/com.android.phone/files/carrierconfig-com.android.carrierconfig-89014103211118510720.xml (No such file or directory)
01-31 15:55:53.443  2110  2110 D CarrierConfigLoader: Binding to com.android.carrierconfig for phone 0
01-31 15:55:53.446  2110  2110 D CarrierSvcBindHelper: mHandler: 0
01-31 15:55:53.446  2110  2110 D CarrierSvcBindHelper: Rebinding if necessary for phoneId: 0
01-31 15:55:53.447  2110  2110 D CarrierSvcBindHelper: No carrier app for: 0
01-31 15:55:53.447  2110  2110 I ImsExternalCallTracker: handleVideoCapabilitiesChanged : isVideoCapable = false
01-31 15:55:53.447  2110  2110 D ImsExternalCallTracker: refreshCallPullState
01-31 15:55:53.448  2110  2110 I ImsExternalCallTracker: handleVideoCapabilitiesChanged : isVideoCapable = false
01-31 15:55:53.448  2110  2110 D ImsExternalCallTracker: refreshCallPullState
01-31 15:55:53.448  2110  2110 I chatty  : uid=1001(radio) com.android.phone identical 2 lines
01-31 15:55:53.448  2110  2110 I ImsExternalCallTracker: handleVideoCapabilitiesChanged : isVideoCapable = false
01-31 15:55:53.448  2110  2110 D ImsExternalCallTracker: refreshCallPullState
01-31 15:55:53.448  2110  2110 I TelecomFramework: PstnPhoneCapabilitiesNotifier: handleVideoCapabilitesChanged. Video capability - false
01-31 15:55:53.450  1887  1906 I ActivityManager: Start proc 2458:com.android.carrierconfig/u0a24 for service com.android.carrierconfig/.DefaultCarrierConfigService
01-31 15:55:53.479  2458  2458 W d.carrierconfi: Unexpected CPU variant for X86 using defaults: x86
01-31 15:55:53.516  1887  1899 I Telecom : PhoneAccountRegistrar: Modify account: [ComponentInfo{com.android.phone/com.android.services.telephony.TelephonyConnectionService}, ***, UserHandle{0}]: TSI.rPA@ADw
01-31 15:55:53.552  2458  2458 I d.carrierconfi: The ClassLoaderContext is a special shared library.
01-31 15:55:53.579  2458  2458 D DefaultCarrierConfigService: Service created
01-31 15:55:53.579  2110  2110 D CarrierConfigLoader: Connected to config app: com.android.carrierconfig/com.android.carrierconfig.DefaultCarrierConfigService
01-31 15:55:53.580  2110  2110 D CarrierConfigLoader: mHandler: 3 phoneId: 0
01-31 15:55:53.581  2458  2472 D DefaultCarrierConfigService: Config being fetched
01-31 15:55:53.587  2110  2110 D CarrierConfigLoader: mHandler: 5 phoneId: 0
01-31 15:55:53.618  2110  2110 I ImsResolver: Received Carrier Config Changed for SlotId: 0
01-31 15:55:53.618  2110  2110 D CarrierKeyDownloadManager: Carrier Config changed: android.telephony.action.CARRIER_CONFIG_CHANGED
01-31 15:55:53.618  2110  2110 D CarrierKeyDownloadManager: Carrier not enabled or invalid values
01-31 15:55:53.618  2110  2110 D CarrierKeyDownloadManager: Cleaning up existing renewal alarms
01-31 15:55:53.619  2110  2452 I CarrierInfoManager: using values for mnc, mcc: 260,310
01-31 15:55:53.622  2388  2388 D CellBroadcastReceiver: onReceive Intent { act=android.telephony.action.CARRIER_CONFIG_CHANGED flg=0x5000010 cmp=com.android.cellbroadcastreceiver/.CellBroadcastReceiver (has extras) }
01-31 15:55:53.681  2110  2452 D CarrierInfoManager: No rows found for keyType: 2
01-31 15:55:53.716  1887  1887 I Telecom : PhoneAccountRegistrar: SimCallManager queried, returning: null: TSI.gSCMFU@AD0
01-31 15:55:53.725  2388  2388 D CellBroadcastReceiver: Start Cell Broadcast configuration.
01-31 15:55:53.740  1887  1906 I ActivityManager: Start proc 2480:android.process.acore/u0a17 for content provider com.android.providers.blockednumber/.BlockedNumberProvider
01-31 15:55:53.751  2388  2388 D CellBroadcastReceiver: Default interval 0 did not change.
01-31 15:55:53.758  2480  2480 W d.process.acor: Unexpected CPU variant for X86 using defaults: x86
01-31 15:55:53.817  2388  2485 D CellBroadcastConfigService: Enable CellBroadcast on sub 1
01-31 15:55:53.818  2110  2127 W System  : A resource failed to call close. 
01-31 15:55:53.821  2110  2334 D IccSmsInterfaceManager: [IccSmsInterfaceManager] Calling setGsmBroadcastConfig with 1 configurations
01-31 15:55:53.858  2110  2110 D OtaspSimStateReceiver: Received intent: android.telephony.action.CARRIER_CONFIG_CHANGED
01-31 15:55:53.859  2110  2110 D OtaspSimStateReceiver: otasp activation not needed: no supported carrier
01-31 15:55:53.859  2480  2480 I d.process.acor: The ClassLoaderContext is a special shared library.
01-31 15:55:53.859  2110  2334 D IccSmsInterfaceManager: [IccSmsInterfaceManager] Failed to add GSM cell broadcast subscription for MID range 4370 to 4370 from client com.android.cellbroadcastreceiver
01-31 15:55:53.861  2110  2334 D IccSmsInterfaceManager: [IccSmsInterfaceManager] Calling setCdmaBroadcastConfig with 1 configurations
01-31 15:55:53.862  2110  2110 D CallNotifier: updatePhoneStateListeners: update CF notifications.
01-31 15:55:53.862  2110  2110 I NotificationMgr: updateCfi: subId= 1, visible=N
01-31 15:55:53.863  2110  2110 I NotificationMgr: updateMwi(): subId 1 update to false
01-31 15:55:53.881  1887  1913 W WindowManager: Window freeze timeout expired.
01-31 15:55:53.881  1887  1913 W WindowManager: Force clearing orientation change: Window{549af03 u0 StatusBar}
01-31 15:55:53.892  2480  2480 I d.process.acor: The ClassLoaderContext is a special shared library.
01-31 15:55:53.895  2419  2419 I Dialer  : LegacyVoicemailNotificationReceiver.onReceive - received legacy voicemail notification
01-31 15:55:53.895  2419  2419 I Dialer  : LegacyVoicemailNotificationReceiver.onReceive - isRefresh: true
01-31 15:55:53.895  2419  2419 I Dialer  : LegacyVoicemailNotificationReceiver.onReceive - clearing notification
01-31 15:55:53.895  2419  2419 I Dialer  : LegacyVoicemailNotifier.cancelNotification - enter
01-31 15:55:53.897  2110  2110 I TelecomFramework: PstnIncomingCallNotifier: Unregistering: Handler (com.android.internal.telephony.GsmCdmaPhone) {bb56217}
01-31 15:55:53.948  2340  2357 I droid.deskcloc: Waiting for a blocking GC ProfileSaver
01-31 15:55:53.959  1887  1887 W Looper  : Slow dispatch took 243ms main h=android.app.ActivityThread$H c=android.app.-$$Lambda$LoadedApk$ReceiverDispatcher$Args$_BumDX2UKsnxLVrE6UJsJZkotuA@e137df0 m=0
01-31 15:55:53.959  1887  1887 W Looper  : Slow delivery took 337ms main h=com.android.server.job.JobSchedulerService$JobHandler c=null m=4
01-31 15:55:53.960  1887  1887 W Looper  : Drained
01-31 15:55:53.962  2340  2357 I droid.deskcloc: WaitForGcToComplete blocked ProfileSaver on HeapTrim for 13.948ms
01-31 15:55:53.998  1887  1898 I Telecom : PhoneAccountRegistrar: Modify account: [ComponentInfo{com.android.phone/com.android.services.telephony.TelephonyConnectionService}, ***, UserHandle{0}]: TSI.rPA@AEA
01-31 15:55:54.000  2110  2110 I TelecomFramework: AccountEntry: Registered phoneAccount: [[ ] PhoneAccount: ComponentInfo{com.android.phone/com.android.services.telephony.TelephonyConnectionService}, ***, UserHandle{0} Capabilities: CallProvider MultiUser PlaceEmerg SimSub  Audio Routes: BESW Schemes: tel voicemail  Extras: Bundle[{android.telecom.extra.SUPPORTS_VIDEO_CALLING_FALLBACK=true}] GroupId: ***] with handle: ComponentInfo{com.android.phone/com.android.services.telephony.TelephonyConnectionService}, ***, UserHandle{0}
01-31 15:55:54.017  2110  2110 I TelecomFramework: PstnIncomingCallNotifier: Registering: Handler (com.android.internal.telephony.GsmCdmaPhone) {bb56217}
01-31 15:55:54.026  2110  2110 I VvmSimStateTracker: android.telephony.action.CARRIER_CONFIG_CHANGED
01-31 15:55:54.027  2110  2110 I ImsExternalCallTracker: handleVideoCapabilitiesChanged : isVideoCapable = false
01-31 15:55:54.027  2110  2110 D ImsExternalCallTracker: refreshCallPullState
01-31 15:55:54.027  2110  2334 D IccSmsInterfaceManager: [IccSmsInterfaceManager] Failed to add cdma broadcast subscription for MID range 4096 to 4096 from client com.android.cellbroadcastreceiver
01-31 15:55:54.027  2110  2110 I TelecomFramework: PstnPhoneCapabilitiesNotifier: handleVideoCapabilitesChanged. Video capability - false
01-31 15:55:54.028  2110  2334 D IccSmsInterfaceManager: [IccSmsInterfaceManager] Calling setGsmBroadcastConfig with 1 configurations
01-31 15:55:54.059  1887  1898 I Telecom : PhoneAccountRegistrar: Modify account: [ComponentInfo{com.android.phone/com.android.services.telephony.TelephonyConnectionService}, ***, UserHandle{0}]: TSI.rPA@AEM
01-31 15:55:54.060  2110  2334 D IccSmsInterfaceManager: [IccSmsInterfaceManager] Failed to add GSM cell broadcast subscription for MID range 4383 to 4383 from client com.android.cellbroadcastreceiver
01-31 15:55:54.065  2110  2334 D IccSmsInterfaceManager: [IccSmsInterfaceManager] Calling setGsmBroadcastConfig with 1 configurations
01-31 15:55:54.066  2110  2334 D IccSmsInterfaceManager: [IccSmsInterfaceManager] Failed to add GSM cell broadcast subscription for MID range 4371 to 4372 from client com.android.cellbroadcastreceiver
01-31 15:55:54.066  2110  2334 D IccSmsInterfaceManager: [IccSmsInterfaceManager] Calling setCdmaBroadcastConfig with 1 configurations
01-31 15:55:54.067  2110  2334 D IccSmsInterfaceManager: [IccSmsInterfaceManager] Failed to add cdma broadcast subscription for MID range 4097 to 4097 from client com.android.cellbroadcastreceiver
01-31 15:55:54.088  2110  2382 D IccSmsInterfaceManager: [IccSmsInterfaceManager] Calling setGsmBroadcastConfig with 1 configurations
01-31 15:55:54.090  2110  2382 D IccSmsInterfaceManager: [IccSmsInterfaceManager] Failed to add GSM cell broadcast subscription for MID range 4384 to 4385 from client com.android.cellbroadcastreceiver
01-31 15:55:54.091  2110  2334 D IccSmsInterfaceManager: [IccSmsInterfaceManager] Calling setGsmBroadcastConfig with 1 configurations
01-31 15:55:54.092  2110  2334 D IccSmsInterfaceManager: [IccSmsInterfaceManager] Failed to add GSM cell broadcast subscription for MID range 4373 to 4378 from client com.android.cellbroadcastreceiver
01-31 15:55:54.093  2110  2334 D IccSmsInterfaceManager: [IccSmsInterfaceManager] Calling setCdmaBroadcastConfig with 1 configurations
01-31 15:55:54.094  2110  2334 D IccSmsInterfaceManager: [IccSmsInterfaceManager] Failed to add cdma broadcast subscription for MID range 4098 to 4098 from client com.android.cellbroadcastreceiver
01-31 15:55:54.095  2110  2334 D IccSmsInterfaceManager: [IccSmsInterfaceManager] Calling setGsmBroadcastConfig with 1 configurations
01-31 15:55:54.096  2110  2334 D IccSmsInterfaceManager: [IccSmsInterfaceManager] Failed to add GSM cell broadcast subscription for MID range 4386 to 4391 from client com.android.cellbroadcastreceiver
01-31 15:55:54.097  2110  2334 D IccSmsInterfaceManager: [IccSmsInterfaceManager] Calling setGsmBroadcastConfig with 1 configurations
01-31 15:55:54.098  2110  2334 D IccSmsInterfaceManager: [IccSmsInterfaceManager] Failed to add GSM cell broadcast subscription for MID range 4379 to 4379 from client com.android.cellbroadcastreceiver
01-31 15:55:54.099  2110  2334 D IccSmsInterfaceManager: [IccSmsInterfaceManager] Calling setCdmaBroadcastConfig with 1 configurations
01-31 15:55:54.100  2110  2334 D IccSmsInterfaceManager: [IccSmsInterfaceManager] Failed to add cdma broadcast subscription for MID range 4099 to 4099 from client com.android.cellbroadcastreceiver
01-31 15:55:54.121  2110  2334 D IccSmsInterfaceManager: [IccSmsInterfaceManager] Calling setGsmBroadcastConfig with 1 configurations
01-31 15:55:54.125  2110  2334 D IccSmsInterfaceManager: [IccSmsInterfaceManager] Failed to add GSM cell broadcast subscription for MID range 4392 to 4392 from client com.android.cellbroadcastreceiver
01-31 15:55:54.132  2110  2382 D IccSmsInterfaceManager: [IccSmsInterfaceManager] Failed to remove GSM cell broadcast subscription for MID range 4380 to 4380 from client com.android.cellbroadcastreceiver
01-31 15:55:54.132  2110  2382 D IccSmsInterfaceManager: [IccSmsInterfaceManager] Failed to remove cdma broadcast subscription for MID range 4100 to 4100 from client com.android.cellbroadcastreceiver
01-31 15:55:54.133  2110  2382 D IccSmsInterfaceManager: [IccSmsInterfaceManager] Failed to remove GSM cell broadcast subscription for MID range 4393 to 4393 from client com.android.cellbroadcastreceiver
01-31 15:55:54.134  2110  2382 D IccSmsInterfaceManager: [IccSmsInterfaceManager] Failed to remove GSM cell broadcast subscription for MID range 4381 to 4381 from client com.android.cellbroadcastreceiver
01-31 15:55:54.134  2110  2382 D IccSmsInterfaceManager: [IccSmsInterfaceManager] Failed to remove GSM cell broadcast subscription for MID range 4394 to 4394 from client com.android.cellbroadcastreceiver
01-31 15:55:54.135  2110  2382 D IccSmsInterfaceManager: [IccSmsInterfaceManager] Failed to remove GSM cell broadcast subscription for MID range 4382 to 4382 from client com.android.cellbroadcastreceiver
01-31 15:55:54.136  2110  2382 D IccSmsInterfaceManager: [IccSmsInterfaceManager] Failed to remove GSM cell broadcast subscription for MID range 4395 to 4395 from client com.android.cellbroadcastreceiver
01-31 15:55:54.137  2110  2382 D IccSmsInterfaceManager: [IccSmsInterfaceManager] Calling setGsmBroadcastConfig with 1 configurations
01-31 15:55:54.138  2110  2382 D IccSmsInterfaceManager: [IccSmsInterfaceManager] Failed to add GSM cell broadcast subscription for MID range 4352 to 4354 from client com.android.cellbroadcastreceiver
01-31 15:55:54.160  2110  2382 D IccSmsInterfaceManager: [IccSmsInterfaceManager] Calling setGsmBroadcastConfig with 1 configurations
01-31 15:55:54.161  2110  2382 D IccSmsInterfaceManager: [IccSmsInterfaceManager] Failed to add GSM cell broadcast subscription for MID range 4356 to 4356 from client com.android.cellbroadcastreceiver
01-31 15:55:54.161  2110  2382 D IccSmsInterfaceManager: [IccSmsInterfaceManager] Failed to remove GSM cell broadcast subscription for MID range 4355 to 4355 from client com.android.cellbroadcastreceiver
01-31 15:55:55.156  2037  2316 I OpenGLRenderer: Davey! duration=5770ms; Flags=1, IntendedVsync=26197362535, Vsync=28780695765, OldestInputEvent=9223372036854775807, NewestInputEvent=0, HandleInputStart=28789672654, AnimationStart=28789685629, PerformTraversalsStart=28790304183, DrawStart=31354267076, SyncQueued=31356355748, SyncStart=31356392990, IssueDrawCommandsStart=31356426283, SwapBuffers=31963229055, FrameCompleted=31967692738, DequeueBufferDuration=252000, QueueBufferDuration=141000, 
01-31 15:55:55.447  1887  1913 I WindowManager: ******* TELLING SURFACE FLINGER WE ARE BOOTED!
01-31 15:55:55.483  1731  1956 E installd: Failed to unlink /data//dalvik-cache/x86/.booting: No such file or directory
01-31 15:55:55.483  1887  1913 W ActivityManager: Unable to mark boot complete for abi: x86 (android.os.ServiceSpecificException: Failed to unlink /data//dalvik-cache/x86/.booting (code 2))
01-31 15:55:55.484  1887  1913 I SystemServiceManager: Starting phase 1000
01-31 15:55:55.485  1887  1887 V SettingsProvider: Notifying for 0: content://settings/global/low_power
01-31 15:55:55.488  1887  1887 V SettingsProvider: Notifying for 0: content://settings/global/adb_enabled
01-31 15:55:55.488  1887  1887 V SettingsProvider: Notifying for 0: content://settings/secure/trust_agents_initialized
01-31 15:55:55.501  1887  1913 D ActivityManager: Finishing user boot 0
01-31 15:55:55.501  1887  1913 I ActivityManager: User 0 state changed from BOOTING to RUNNING_LOCKED
01-31 15:55:55.504  1887  1913 D ActivityManager: Started unlocking user 0
01-31 15:55:55.504  1887  1913 D ActivityManager: Unlocking user 0 progress 0
01-31 15:55:55.535  1887  1913 D ActivityManager: Unlocking user 0 progress 5
01-31 15:55:55.537  1527  1531 D vold    : e4crypt_prepare_user_storage for volume null, user 0, serial 0, flags 2
01-31 15:55:55.537  1527  1531 D vold    : Preparing: /data/system_ce/0
01-31 15:55:55.538  1527  1531 D vold    : Preparing: /data/misc_ce/0
01-31 15:55:55.542  2340  2340 I AlarmClock: AlarmInitReceiver android.intent.action.LOCKED_BOOT_COMPLETED
01-31 15:55:55.547  1527  1531 D vold    : Preparing: /data/vendor_ce/0
01-31 15:55:55.548  1527  1531 D vold    : Preparing: /data/media/0
01-31 15:55:55.548  1527  1531 D vold    : Preparing: /data/data
01-31 15:55:55.548  1527  1531 V vold    : Starting restorecon of /data/system_ce/0
01-31 15:55:55.553  1887  1906 W ActivityManager: Slow operation: 65ms so far, now at startProcess: returned from zygote!
01-31 15:55:55.554  1887  1906 W ActivityManager: Slow operation: 66ms so far, now at startProcess: done updating battery stats
01-31 15:55:55.554  2340  2363 I AlarmClock: Removing AlarmClockInfo
01-31 15:55:55.554  1887  1906 W ActivityManager: Slow operation: 66ms so far, now at startProcess: building log message
01-31 15:55:55.554  1887  1906 I ActivityManager: Start proc 2506:com.google.android.ext.services/u0a29 for on-hold
01-31 15:55:55.554  1887  1906 W ActivityManager: Slow operation: 66ms so far, now at startProcess: starting to update pids map
01-31 15:55:55.554  1887  1906 W ActivityManager: Slow operation: 66ms so far, now at startProcess: done updating pids map
01-31 15:55:55.555  1887  2000 D ConnectivityService: Got NetworkFactory Messenger for WIFI
01-31 15:55:55.555  1887  2000 D ConnectivityService: Got NetworkFactory Messenger for WIFI_UT
01-31 15:55:55.555  1887  1999 E WifiP2pService: Unhandled message { when=0 what=131203 target=com.android.internal.util.StateMachine$SmHandler }
01-31 15:55:55.696  2505  2505 I bootstat: Service started: /system/bin/bootstat --set_system_boot_reason --record_boot_complete --record_boot_reason --record_time_since_factory_reset -l 
01-31 15:55:55.701  2506  2506 W id.ext.service: Unexpected CPU variant for X86 using defaults: x86
01-31 15:55:55.921  1887  2250 W ActivityManager: Slow operation: 75ms so far, now at attachApplicationLocked: after mServices.attachApplicationLocked
01-31 15:55:55.927  2506  2506 I id.ext.service: The ClassLoaderContext is a special shared library.
01-31 15:55:55.928  1527  1531 V vold    : Finished restorecon of /data/system_ce/0
01-31 15:55:55.928  1527  1531 V vold    : Starting restorecon of /data/misc_ce/0
01-31 15:55:55.986  1527  1531 V vold    : Finished restorecon of /data/misc_ce/0
01-31 15:55:55.986  1527  1531 V vold    : /system/bin/vold_prepare_subdirs
01-31 15:55:55.986  1527  1531 V vold    :     prepare
01-31 15:55:55.986  1527  1531 V vold    :     
01-31 15:55:55.986  1527  1531 V vold    :     0
01-31 15:55:55.986  1527  1531 V vold    :     2
01-31 15:55:56.161  2110  2110 D CarrierSvcBindHelper: No carrier app for: 0
01-31 15:55:56.161  2110  2110 D ImsResolver: maybeAddedImsService, packageName: com.google.android.setupwizard
01-31 15:55:56.167  2110  2110 D CarrierSvcBindHelper: No carrier app for: 0
01-31 15:55:56.178  2505  2505 I bootstat: Battery level at startup 100%
01-31 15:55:56.178  2505  2505 I bootstat: Canonical boot reason: reboot
01-31 15:55:56.180  2506  2530 D ExtAssistant: File doesn't exist or isn't readable yet
01-31 15:55:56.181  2505  2505 E bootstat: Failed to read /data/misc/bootstat/last_boot_time_utc: No such file or directory
01-31 15:55:56.181  2505  2505 E bootstat: Failed to parse boot time record: /data/misc/bootstat/last_boot_time_utc
01-31 15:55:56.182  2505  2505 E bootstat: Failed to read /data/misc/bootstat/build_date: No such file or directory
01-31 15:55:56.182  2505  2505 E bootstat: Failed to parse boot time record: /data/misc/bootstat/build_date
01-31 15:55:56.182  2505  2505 I bootstat: Canonical boot reason: reboot,factory_reset
01-31 15:55:56.187  2505  2505 E bootstat: Failed to read /data/misc/bootstat/factory_reset: No such file or directory
01-31 15:55:56.187  2505  2505 E bootstat: Failed to parse boot time record: /data/misc/bootstat/factory_reset
01-31 15:55:56.191  2529  2529 D vold_prepare_subdirs: Setting up mode 700 uid 0 gid 0 context u:object_r:vold_data_file:s0 on path: /data/misc_ce/0/vold
01-31 15:55:56.192  2529  2529 D vold_prepare_subdirs: Setting up mode 700 uid 0 gid 0 context u:object_r:storaged_data_file:s0 on path: /data/misc_ce/0/storaged
01-31 15:55:56.192  1527  1531 I vold_prepare_subdirs: SELinux: Loaded file_contexts
01-31 15:55:56.226  1887  1911 V UserDataPreparer: Found /data/user/0 with serial number 0
01-31 15:55:56.226  1887  1911 V UserDataPreparer: Found /data/system_ce/0 with serial number -1
01-31 15:55:56.226  1887  1911 D UserDataPreparer: Serial number missing on /data/system_ce/0; assuming current is valid
01-31 15:55:56.228  1887  1911 D UserDataPreparer: Setting property: sys.user.0.ce_available=true
01-31 15:55:56.232  2037  2037 I ImageWallpaper: Redrawing in rect: RectF(0.0, 0.0, 2330.625, 1920.0) with surface size: 1243x1920
01-31 15:55:56.246  2110  2110 D CarrierSvcBindHelper: No carrier app for: 0
01-31 15:55:56.246  2110  2110 D ImsResolver: maybeAddedImsService, packageName: com.android.settings
01-31 15:55:56.246  2110  2110 D ImsResolver: maybeAddedImsService, packageName: com.android.systemui
01-31 15:55:56.247  2037  2037 I ImageWallpaper: Redrawing in rect: RectF(0.0, 0.0, 2330.625, 1920.0) with surface size: 1243x1920
01-31 15:55:56.371  1887  1911 V PackageManager: reconcileAppsData for null u0 0x2 migrateAppData=true
01-31 15:55:56.377  1887  1887 W Looper  : Slow dispatch took 331ms main h=android.app.ActivityThread$H c=android.app.-$$Lambda$LoadedApk$ReceiverDispatcher$Args$_BumDX2UKsnxLVrE6UJsJZkotuA@db3999d m=0
01-31 15:55:56.380  2037  2037 I ImageWallpaper: Redrawing in rect: RectF(0.0, 0.0, 2330.625, 1920.0) with surface size: 1243x1920
01-31 15:55:56.384  1887  1887 I Telecom : DefaultDialerCache: Refreshing default dialer for user 0: now com.google.android.dialer: DDC.oR@AEQ
01-31 15:55:56.384  1887  1887 W Looper  : Slow delivery took 346ms main h=android.app.ActivityThread$H c=android.app.-$$Lambda$LoadedApk$ReceiverDispatcher$Args$_BumDX2UKsnxLVrE6UJsJZkotuA@ab46e12 m=0
01-31 15:55:56.577  1887  1887 W Looper  : Slow dispatch took 192ms main h=com.android.server.notification.NotificationManagerService$WorkerHandler c=null m=3
01-31 15:55:56.718  1887  1887 W Looper  : Slow dispatch took 135ms main h=android.app.ActivityThread$H c=android.app.-$$Lambda$LoadedApk$ReceiverDispatcher$Args$_BumDX2UKsnxLVrE6UJsJZkotuA@d4f98e6 m=0
01-31 15:55:56.727  2037  2037 I ImageWallpaper: Redrawing in rect: RectF(0.0, 0.0, 2330.625, 1920.0) with surface size: 1243x1920
01-31 15:55:56.751  1887  1887 I Telecom : DefaultDialerCache: Refreshing default dialer for user 0: now com.google.android.dialer: DDC.oR@AEU
01-31 15:55:57.174  1587  1587 I qemu-props: tell the host boot completed
01-31 15:55:57.174  1587  1587 I qemu-props: exiting (4 properties set).
01-31 15:55:57.424  1887  1887 W Looper  : Slow dispatch took 673ms main h=android.app.ActivityThread$H c=android.app.-$$Lambda$LoadedApk$ReceiverDispatcher$Args$_BumDX2UKsnxLVrE6UJsJZkotuA@35e5e27 m=0
01-31 15:55:57.428  2037  2037 I ImageWallpaper: Redrawing in rect: RectF(0.0, 0.0, 2330.625, 1920.0) with surface size: 1243x1920
01-31 15:55:57.445  1887  1887 I Telecom : DefaultDialerCache: Refreshing default dialer for user 0: now com.google.android.dialer: DDC.oR@AEY
01-31 15:55:57.450  1887  1887 W Looper  : Drained
01-31 15:55:57.489  2037  2037 E StatusBarSignalPolicy: Unexpected subscription 1
01-31 15:55:57.527  2419  2442 I .android.diale: Waiting for a blocking GC ProfileSaver
01-31 15:55:57.570  2037  2037 W KeyguardUpdateMonitor: invalid subId in handleServiceStateChange()
01-31 15:55:57.570  2037  2037 I Choreographer: Skipped 335 frames!  The application may be doing too much work on its main thread.
01-31 15:55:57.633  2419  2442 I .android.diale: WaitForGcToComplete blocked ProfileSaver on HeapTrim for 106.558ms
01-31 15:55:57.733  2037  2316 I OpenGLRenderer: Davey! duration=5750ms; Flags=0, IntendedVsync=28794422271, Vsync=34377755381, OldestInputEvent=9223372036854775807, NewestInputEvent=0, HandleInputStart=34381346983, AnimationStart=34381381294, PerformTraversalsStart=34381676180, DrawStart=34538712633, SyncQueued=34539416176, SyncStart=34539447144, IssueDrawCommandsStart=34539490299, SwapBuffers=34541943787, FrameCompleted=34544858526, DequeueBufferDuration=1257000, QueueBufferDuration=343000, 
01-31 15:55:58.041  1887  1911 V PackageManager: reconcileAppsData finished 108 packages
01-31 15:55:58.041  1887  1911 I ActivityManager: User 0 state changed from RUNNING_LOCKED to RUNNING_UNLOCKING
01-31 15:55:58.041  1887  1911 D ActivityManager: Unlocking user 0 progress 20
01-31 15:55:58.041  1887  1911 W Looper  : Slow dispatch took 2504ms android.fg h=android.os.Handler c=com.android.server.am.-$$Lambda$UserController$o6oQFjGYYIfx-I94cSakTLPLt6s@c8d8246 m=0
01-31 15:55:58.041  1887  1911 W Looper  : Slow delivery took 2497ms android.fg h=com.android.server.AppStateTracker$MyHandler c=null m=11
01-31 15:55:58.041  1887  1904 I SystemServiceManager: Calling onUnlockUser u0
01-31 15:55:58.041  1887  1904 D StorageManagerService: onUnlockUser 0
01-31 15:55:58.041  1527  1531 D vold    : Linking /storage/emulated/0 to /mnt/user/0/primary
01-31 15:55:58.042  1887  1911 W Looper  : Drained
01-31 15:55:58.043  1887  1970 D StorageManagerService: Volume public:253,80 broadcasting mounted to UserHandle{0}
01-31 15:55:58.043  1887  1970 D StorageManagerService: Volume emulated broadcasting mounted to UserHandle{0}
01-31 15:55:58.046  2037  2037 I vol.Events: writeEvent dismiss_dialog timeout
01-31 15:55:58.062  1887  1904 E AutofillManagerServiceImpl: Bad AutofillService name: com.google.android.gms/.autofill.service.AutofillService
01-31 15:55:58.062  1887  1904 D AutofillManagerServiceImpl: Reset component for user 0 (com.google.android.gms/.autofill.service.AutofillService)
01-31 15:55:58.062  1887  1904 E AutofillManagerServiceImpl: Bad AutofillService name: com.google.android.gms/.autofill.service.AutofillService
01-31 15:55:58.062  1887  1904 D AutofillManagerServiceImpl: Reset component for user 0 (com.google.android.gms/.autofill.service.AutofillService)
01-31 15:55:58.062  1887  1904 D FieldClassificationStrategy: reset(): service is not bound. Do nothing.
01-31 15:55:58.062  1887  1904 I ActivityManager: User 0 state changed from RUNNING_UNLOCKING to RUNNING_UNLOCKED
01-31 15:55:58.062  1887  1904 D SystemServerTiming: SystemUserUnlock took to complete: 2558ms
01-31 15:55:58.064  1887  1905 D AutofillUI: destroySaveUiUiThread(): already destroyed
01-31 15:55:58.176  1887  1906 W ActivityManager: Slow operation: 114ms so far, now at startProcess: returned from zygote!
01-31 15:55:58.182  1887  1906 W ActivityManager: Slow operation: 120ms so far, now at startProcess: done updating battery stats
01-31 15:55:58.182  1887  1906 W ActivityManager: Slow operation: 120ms so far, now at startProcess: building log message
01-31 15:55:58.182  1887  1906 I ActivityManager: Start proc 2538:com.google.android.googlequicksearchbox:interactor/u0a21 for service com.google.android.googlequicksearchbox/com.google.android.voiceinteraction.GsaVoiceInteractionService
01-31 15:55:58.182  1887  1906 W ActivityManager: Slow operation: 120ms so far, now at startProcess: starting to update pids map
01-31 15:55:58.182  1887  1906 W ActivityManager: Slow operation: 120ms so far, now at startProcess: done updating pids map
01-31 15:55:58.182  1887  1906 W ActivityManager: Slow operation: 120ms so far, now at startProcess: asking zygote to start proc
01-31 15:55:58.182  1887  1905 W Looper  : Slow dispatch took 118ms android.ui h=com.android.server.am.ActivityManagerService$UiHandler c=null m=53
01-31 15:55:58.184  1887  1904 I PreBootBroadcaster: Pre-boot of {com.android.managedprovisioning/com.android.managedprovisioning.ota.PreBootListener} for user 0
01-31 15:55:58.185  2538  2538 W hbox:interacto: Unexpected CPU variant for X86 using defaults: x86
01-31 15:55:58.186  2231  2231 D FallbackHome: User unlocked and real home found; let's go!
01-31 15:55:58.188  2110  2110 D CarrierSvcBindHelper: Received android.intent.action.USER_UNLOCKED
01-31 15:55:58.189  2110  2110 D CarrierSvcBindHelper: No carrier app for: 0
01-31 15:55:58.189  2110  2110 D IntentBroadcaster: Rebroadcasting intent android.intent.action.SIM_STATE_CHANGED LOADED for slotId 0
01-31 15:55:58.193  1887  2250 I ActivityManager: START u0 {act=android.intent.action.MAIN cat=[android.intent.category.HOME] flg=0x10000100 cmp=com.google.android.sdksetup/.DefaultActivity} from uid 0
01-31 15:55:58.195  1887  2534 V BackupManagerService: Starting with transport com.google.android.gms/.backup.BackupTransportService
01-31 15:55:58.199  2037  2037 I ImageWallpaper: Redrawing in rect: RectF(0.0, 0.0, 2330.625, 1920.0) with surface size: 1243x1920
01-31 15:55:58.201  1887  1906 W ActivityManager: Slow operation: 140ms so far, now at startProcess: returned from zygote!
01-31 15:55:58.403  2550  2550 W com.android.se: Unexpected CPU variant for X86 using defaults: x86
01-31 15:55:58.492  1887  1887 I chatty  : uid=1000 system_server expire 8 lines
01-31 15:55:58.502  1887  1899 I chatty  : uid=1000(system) Binder:1887_2 expire 8 lines
01-31 15:55:58.505  1887  2535 I chatty  : uid=1000 system_server expire 72 lines
01-31 15:55:58.576  1887  1906 W ActivityManager: Slow operation: 514ms so far, now at startProcess: done updating battery stats
01-31 15:55:58.576  1887  1906 W ActivityManager: Slow operation: 514ms so far, now at startProcess: building log message
01-31 15:55:58.576  1887  1906 I ActivityManager: Start proc 2550:com.android.se/1068 for added application com.android.se
01-31 15:55:58.576  1887  1906 W ActivityManager: Slow operation: 514ms so far, now at startProcess: starting to update pids map
01-31 15:55:58.576  1887  1906 W ActivityManager: Slow operation: 514ms so far, now at startProcess: done updating pids map
01-31 15:55:58.577  1887  1942 I chatty  : uid=1000(system) android.anim expire 2 lines
01-31 15:55:58.579  1887  1906 W ActivityManager: Slow operation: 394ms so far, now at startProcess: asking zygote to start proc
01-31 15:55:58.590  1887  1906 W ActivityManager: Slow operation: 405ms so far, now at startProcess: returned from zygote!
01-31 15:55:58.590  1887  1906 W ActivityManager: Slow operation: 405ms so far, now at startProcess: done updating battery stats
01-31 15:55:58.590  1887  1906 W ActivityManager: Slow operation: 405ms so far, now at startProcess: building log message
01-31 15:55:58.590  1887  1906 I ActivityManager: Start proc 2568:com.google.android.gms/u0a16 for broadcast com.google.android.gms/.stats.service.DropBoxEntryAddedReceiver
01-31 15:55:58.590  1887  1906 W ActivityManager: Slow operation: 405ms so far, now at startProcess: starting to update pids map
01-31 15:55:58.590  1887  1906 W ActivityManager: Slow operation: 405ms so far, now at startProcess: done updating pids map
01-31 15:55:58.590  1887  1906 W ActivityManager: Slow operation: 99ms so far, now at startProcess: asking zygote to start proc
01-31 15:55:58.593  2037  2037 W KeyguardUpdateMonitor: invalid subId in handleServiceStateChange()
01-31 15:55:58.593  2037  2037 W KeyguardUpdateMonitor: invalid subId in handleSimStateChange()
01-31 15:55:58.605  1887  1887 W InputMethodManagerService: Illegal subtype state: old subtype = null, new subtype = android.view.inputmethod.InputMethodSubtype@70bfcd7e
01-31 15:55:58.610  2568  2568 W gle.android.gm: Unexpected CPU variant for X86 using defaults: x86
01-31 15:55:58.611  1887  1887 W Looper  : Slow dispatch took 569ms main h=android.os.Handler c=null m=5000
01-31 15:55:58.683  1887  1906 W ActivityManager: Slow operation: 192ms so far, now at startProcess: returned from zygote!
01-31 15:55:58.683  1887  1906 W ActivityManager: Slow operation: 192ms so far, now at startProcess: done updating battery stats
01-31 15:55:58.683  1887  1906 W ActivityManager: Slow operation: 192ms so far, now at startProcess: building log message
01-31 15:55:58.683  1887  1906 I ActivityManager: Start proc 2574:com.google.android.sdksetup/u0a6 for activity com.google.android.sdksetup/.DefaultActivity
01-31 15:55:58.683  1887  1906 W ActivityManager: Slow operation: 192ms so far, now at startProcess: starting to update pids map
01-31 15:55:58.683  1887  1906 W ActivityManager: Slow operation: 192ms so far, now at startProcess: done updating pids map
