01-31 18:33:24.848  1890  1949 V StorageManagerService:     path=null internalPath=null 
01-31 18:33:24.863  1890  1890 I LockSettingsService: Migrated migrated_frp.
01-31 18:33:24.864  1890  1890 I WallpaperManagerService: No static wallpaper imagery; defaults will be shown
01-31 18:33:24.864  1890  1890 W WallpaperManagerService: no current wallpaper -- first boot?
01-31 18:33:24.865  1526  1530 V vold    : Waiting for FUSE to spin up...
01-31 18:33:24.868  1890  2013 I AudioService: setBluetoothScoOnInt: false resetBluetoothSco
01-31 18:33:24.869  1890  2013 E BluetoothAdapter: Bluetooth binder is null
01-31 18:33:24.869  1890  2013 E BluetoothAdapter: Bluetooth binder is null
01-31 18:33:24.870  1890  1890 D SystemServerTiming: StartActivityManagerReadyPhase took to complete: 188ms
01-31 18:33:24.870  1890  1890 I SystemServer: StartObservingNativeCrashes
01-31 18:33:24.870  1890  1890 D SystemServerTiming: StartObservingNativeCrashes took to complete: 0ms
01-31 18:33:24.870  1890  1947 D SystemServerInitThreadPool: Started executing WebViewFactoryPreparation
01-31 18:33:24.870  1890  1947 I SystemServer: WebViewFactoryPreparation
01-31 18:33:24.871  1890  1890 I SystemServer: StartSystemUI
01-31 18:33:24.872  1890  1890 D SystemServerTiming: StartSystemUI took to complete: 1ms
01-31 18:33:24.872  1890  1890 I SystemServer: MakeNetworkManagementServiceReady
01-31 18:33:24.875  2032  2032 W putmethod.lati: Unexpected CPU variant for X86 using defaults: x86
01-31 18:33:24.879  1890  1890 D NetworkManagement: enabling bandwidth control
01-31 18:33:24.896  1890  1909 I ActivityManager: Start proc 2041:com.android.systemui/u0a39 for service com.android.systemui/.SystemUIService
01-31 18:33:24.902  1890  1890 W NetworkManagement: setDataSaverMode(): already false
01-31 18:33:24.906  2041  2041 W ndroid.systemu: Unexpected CPU variant for X86 using defaults: x86
01-31 18:33:24.908  1890  1890 D SystemServerTiming: MakeNetworkManagementServiceReady took to complete: 36ms
01-31 18:33:24.908  1890  1890 I SystemServer: MakeIpSecServiceReady
01-31 18:33:24.911  1890  1947 D PackageManager: Instant App installer not found with android.intent.action.INSTALL_INSTANT_APP_PACKAGE
01-31 18:33:24.911  1890  1947 D PackageManager: Clear ephemeral installer activity
01-31 18:33:24.914  1890  1947 D WebViewLibraryLoader: Setting new address space to 137083176
01-31 18:33:24.915  1890  1890 D IpSecService: IpSecService is ready
01-31 18:33:24.915  1526  1530 V vold    : Waiting for FUSE to spin up...
01-31 18:33:24.915  1890  1890 D SystemServerTiming: MakeIpSecServiceReady took to complete: 7ms
01-31 18:33:24.915  1890  1890 I SystemServer: MakeNetworkStatsServiceReady
01-31 18:33:24.917  1890  1997 W NetworkPolicy: setRestrictBackgroundUL: already false
01-31 18:33:24.937  1890  1997 W BestClock: java.time.DateTimeException: Missing NTP fix
01-31 18:33:24.939  1890  1947 D SystemServerTimingAsync: WebViewFactoryPreparation took to complete: 69ms
01-31 18:33:24.939  1890  1947 D SystemServerInitThreadPool: Finished executing WebViewFactoryPreparation
01-31 18:33:24.939  1890  1890 W BestClock: java.time.DateTimeException: Missing NTP fix
01-31 18:33:24.942  2038  2038 W sdcard  : Device explicitly enabled sdcardfs
01-31 18:33:24.953  1890  1909 I ActivityManager: Start proc 2055:WebViewLoader-x86/1037 [android.webkit.WebViewLibraryLoader$RelroFileCreator] for 
01-31 18:33:24.955  1890  1890 D SystemServerTiming: MakeNetworkStatsServiceReady took to complete: 40ms
01-31 18:33:24.955  1890  1890 I SystemServer: MakeConnectivityServiceReady
01-31 18:33:24.956  2031  2031 I wpa_supplicant: Processing hidl events on FD 3
01-31 18:33:24.957  1890  1890 D PermissionMonitor: Monitoring
01-31 18:33:24.957  2031  2031 I wpa_supplicant: Successfully initialized wpa_supplicant
01-31 18:33:24.959  1890  1890 D PermissionMonitor: Users: 1, Apps: 91
01-31 18:33:24.962  1890  1890 D SystemServerTiming: MakeConnectivityServiceReady took to complete: 7ms
01-31 18:33:24.962  1890  1890 I SystemServer: MakeNetworkPolicyServiceReady
01-31 18:33:24.962  1890  1890 D SystemServerTiming: MakeNetworkPolicyServiceReady took to complete: 0ms
01-31 18:33:24.962  1890  1890 I SystemServer: StartWatchdog
01-31 18:33:24.962  1890  1890 D SystemServerTiming: StartWatchdog took to complete: 0ms
01-31 18:33:24.962  1890  1890 I SystemServer: PhaseThirdPartyAppsCanStart
01-31 18:33:24.962  1890  1890 I SystemServiceManager: Starting phase 600
01-31 18:33:24.963  1890  1890 V WallpaperManagerService: bindWallpaperComponentLocked: componentName=null
01-31 18:33:24.963  1890  1890 V WallpaperManagerService: No default component; using image wallpaper
01-31 18:33:24.963  2031  2031 I wpa_supplicant: rfkill: Cannot open RFKILL control device
01-31 18:33:24.966  1526  1530 V vold    : Waiting for FUSE to spin up...
01-31 18:33:25.020  1587  1587 I AudioFlinger: systemReady
01-31 18:33:25.020  1526  1530 V vold    : Waiting for FUSE to spin up...
01-31 18:33:25.032  1890  1906 E AutofillManagerServiceImpl: Bad AutofillService name: com.google.android.gms/.autofill.service.AutofillService
01-31 18:33:25.033  1890  2046 W ZygoteProcess: Got error connecting to zygote, retrying. msg= Connection refused
01-31 18:33:25.034  2055  2055 W WebViewLoader-: Unexpected CPU variant for X86 using defaults: x86
01-31 18:33:25.039  1890  1906 D AutofillManagerServiceImpl: Reset component for user 0 (com.google.android.gms/.autofill.service.AutofillService)
01-31 18:33:25.046  2067  2067 I WebViewZygoteInit: Starting WebViewZygoteInit
01-31 18:33:25.047  2067  2067 I WebViewZygoteInit: --zygote-socket=com.android.internal.os.WebViewZygoteInit/ff43c7cc-de87-4783-b112-b7fa4d27ebc1
01-31 18:33:25.051  1890  1908 D AutofillUI: destroySaveUiUiThread(): already destroyed
01-31 18:33:25.051  1890  1906 E AutofillManagerServiceImpl: Bad AutofillService name: com.google.android.gms/.autofill.service.AutofillService
01-31 18:33:25.051  1890  1906 D AutofillManagerServiceImpl: Reset component for user 0 (com.google.android.gms/.autofill.service.AutofillService)
01-31 18:33:25.051  1890  1906 D FieldClassificationStrategy: reset(): service is not bound. Do nothing.
01-31 18:33:25.061  2032  2032 I putmethod.lati: The ClassLoaderContext is a special shared library.
01-31 18:33:25.062  2032  2032 I putmethod.lati: The ClassLoaderContext is a special shared library.
01-31 18:33:25.064  2041  2041 I ndroid.systemu: The ClassLoaderContext is a special shared library.
01-31 18:33:25.071  1890  1890 I StatsCompanionService: Told statsd that StatsCompanionService is alive.
01-31 18:33:25.072  1890  1890 D SystemServerTiming: PhaseThirdPartyAppsCanStart took to complete: 109ms
01-31 18:33:25.072  1890  1890 I SystemServer: MakeLocationServiceReady
01-31 18:33:25.091  1516  1516 W hwservicemanager: getTransport: Cannot find entry android.hardware.gnss@1.1::IGnss/default in either framework or device manifest.
01-31 18:33:25.091  1890  1890 D GnssLocationProvider: gnssHal 1.1 was null, trying 1.0
01-31 18:33:25.101  1890  1890 I GnssLocationProvider: WakeLock acquired by sendMessage(INITIALIZE_HANDLER, 0, null)
01-31 18:33:25.104  1890  1890 W LocationProviderProxy-network: Odd, no component found for service com.android.location.service.v3.NetworkLocationProvider
01-31 18:33:25.106  1890  1890 W GeocoderProxy: Odd, no component found for service com.android.location.service.GeocodeProvider
01-31 18:33:25.106  1890  1890 W GeofenceProxy: Odd, no component found for service com.android.location.service.GeofenceProvider
01-31 18:33:25.106  1890  1890 E ActivityRecognitionHardware: activity_recognition HAL is deprecated. is_supported is effectively a no-op
01-31 18:33:25.106  1890  1890 D LocationManagerService: Hardware Activity-Recognition not supported.
01-31 18:33:25.107  1890  1890 W ActivityRecognitionProxy: Odd, no component found for service com.android.location.service.ActivityRecognitionProvider
01-31 18:33:25.107  1890  1890 I GnssLocationProvider: WakeLock acquired by sendMessage(ENABLE, 1, null)
01-31 18:33:25.108  1890  1890 D SystemServerTiming: MakeLocationServiceReady took to complete: 36ms
01-31 18:33:25.108  1890  1890 I SystemServer: MakeCountryDetectionServiceReady
01-31 18:33:25.108  1890  1890 D SystemServerTiming: MakeCountryDetectionServiceReady took to complete: 0ms
01-31 18:33:25.108  1890  1890 I SystemServer: MakeNetworkTimeUpdateReady
01-31 18:33:25.109  1890  1890 D ConnectivityService: requestNetwork for uid/pid:1000/1890 NetworkRequest [ TRACK_DEFAULT id=6, [ Capabilities: INTERNET&NOT_RESTRICTED&TRUSTED Unwanted:  Uid: 1000] ]
01-31 18:33:25.110  1890  1890 D SystemServerTiming: MakeNetworkTimeUpdateReady took to complete: 2ms
01-31 18:33:25.110  1890  1890 I SystemServer: MakeCommonTimeManagementServiceReady
01-31 18:33:25.110  1890  1890 I CommonTimeManagementService: No common time service detected on this platform.  Common time services will be unavailable.
01-31 18:33:25.110  1890  1890 D SystemServerTiming: MakeCommonTimeManagementServiceReady took to complete: 0ms
01-31 18:33:25.110  1890  1890 I SystemServer: MakeInputManagerServiceReady
01-31 18:33:25.110  1890  1972 I InputReader: Reconfiguring input devices.  changes=0x00000020
01-31 18:33:25.112  2055  2055 V WebViewLibraryLoader: RelroFileCreator (64bit = false), lib: /system/app/Chrome/Chrome.apk!/lib/x86/libmonochrome.so
01-31 18:33:25.115  2031  2031 I wpa_supplicant: rfkill: Cannot get wiphy information
01-31 18:33:25.116  1890  1972 I InputReader: Reconfiguring input devices.  changes=0x00000010
01-31 18:33:25.116  1890  1890 D SystemServerTiming: MakeInputManagerServiceReady took to complete: 6ms
01-31 18:33:25.116  1890  1890 I SystemServer: MakeTelephonyRegistryReady
01-31 18:33:25.116  1890  1890 D SystemServerTiming: MakeTelephonyRegistryReady took to complete: 0ms
01-31 18:33:25.116  1890  1890 I SystemServer: MakeMediaRouterServiceReady
01-31 18:33:25.116  1890  1890 D SystemServerTiming: MakeMediaRouterServiceReady took to complete: 0ms
01-31 18:33:25.116  1890  1890 I SystemServer: MakeMmsServiceReady
01-31 18:33:25.117  1890  1890 I MmsServiceBroker: Delay connecting to MmsService until an API is called
01-31 18:33:25.117  1890  1890 D SystemServerTiming: MakeMmsServiceReady took to complete: 1ms
01-31 18:33:25.117  1890  1890 I SystemServer: IncidentDaemonReady
01-31 18:33:25.117  1890  1890 D SystemServerTiming: IncidentDaemonReady took to complete: 0ms
01-31 18:33:25.117  1890  1890 I SystemServiceManager: Calling onStartUser u0
01-31 18:33:25.119  1890  2019 I android_os_HwBinder: HwBinder: Starting thread pool for default::android.hardware.wifi.supplicant@1.0::ISupplicant
01-31 18:33:25.119  1890  2019 I SupplicantStaIfaceHal: Completed initialization of ISupplicant.
01-31 18:33:25.122  1584  1584 I android.hardware.wifi@1.0-service: Adding interface handle for wlan0
01-31 18:33:25.122  1584  1584 E android.hardware.wifi@1.0-service: Failed to register radio mode change callback
01-31 18:33:25.122  1584  1584 I android.hardware.wifi@1.0-service: Configured chip in mode 0
01-31 18:33:25.123  1584  1584 E android.hardware.wifi@1.0-service: Failed to set DFS flag; DFS channels may be unavailable.
01-31 18:33:25.129  1890  2000 D WificondControl: Setting up interface for client mode
01-31 18:33:25.130  1744  1744 I wificond: create scanner for interface with index: 3
01-31 18:33:25.130  1744  1744 I wificond: subscribe scan result for interface with index: 3
01-31 18:33:25.131  1516  1516 W hwservicemanager: getTransport: Cannot find entry android.hardware.wifi.offload@1.0::IOffload/default in either framework or device manifest.
01-31 18:33:25.131  1744  1744 E wificond: No Offload Service available
01-31 18:33:25.131  1744  1744 I wificond: Offload HAL not supported 
01-31 18:33:25.142  1890  1890 I ActivityManager: START u0 {act=android.intent.action.MAIN cat=[android.intent.category.HOME] flg=0x10000100 cmp=com.android.settings/.CryptKeeper} from uid 0
01-31 18:33:25.168  1738  1825 W MediaExtractorFactory: couldn't dlopen(/system/lib/extractors/.) Is a directory
01-31 18:33:25.168  1738  1825 E linker  : library "/system/lib/extractors/.." ("/system/lib") needed or dlopened by "/system/lib/libstagefright.so" is not accessible for the namespace: [name="(default)", ld_library_paths="", default_library_paths="/system/lib", permitted_paths="/system/lib/drm:/system/lib/extractors:/system/lib/hw:/system/product/lib:/system/framework:/system/app:/system/priv-app:/vendor/framework:/vendor/app:/vendor/priv-app:/odm/framework:/odm/app:/odm/priv-app:/oem/app:/system/product/framework:/system/product/app:/system/product/priv-app:/data:/mnt/expand"]
01-31 18:33:25.168  1738  1825 W MediaExtractorFactory: couldn't dlopen(/system/lib/extractors/..) Is a directory
01-31 18:33:25.171  1890  1890 I ActivityManager: Loaded persisted task ids for user 0
01-31 18:33:25.180  1890  2000 E SupplicantStaIfaceHal: Can't call setupIface, ISupplicantStaIface is null
01-31 18:33:25.182  1890  2000 I android_os_HwBinder: HwBinder: Starting thread pool for default::android.hardware.wifi.supplicant@1.0::ISupplicant
01-31 18:33:25.184  1738  1825 E MediaExtractorFactory: couldn't opendir(/vendor/lib/extractors)
01-31 18:33:25.187  1890  2000 I android_os_HwBinder: HwBinder: Starting thread pool for default::android.hardware.wifi.supplicant@1.0::ISupplicant
01-31 18:33:25.211  1890  2000 I android_os_HwBinder: HwBinder: Starting thread pool for default::android.hardware.wifi.supplicant@1.0::ISupplicant
01-31 18:33:25.249  1740  1833 D StagefrightPluginLoader: Failed to load library: libstagefright_ccodec.so (dlopen failed: library "libstagefright_ccodec.so" not found)
01-31 18:33:25.249  1740  1833 D StagefrightPluginLoader: Handle or CreateInputSurface symbol is null
01-31 18:33:25.249  1740  1833 D StagefrightPluginLoader: Handle or CreateBuilder symbol is null
01-31 18:33:25.251  1890  2000 I WifiNative: Interface state changed on Iface:{Name=wlan0,Id=0,Type=STA}, isUp=true
01-31 18:33:25.251  1741  1787 D CommandListener: Clearing all IP addresses on wlan0
01-31 18:33:25.254  1890  2000 I WifiNative: Successfully setup Iface:{Name=wlan0,Id=0,Type=STA}
01-31 18:33:25.254  1890  2000 D WifiClientModeManager: sending scan available broadcast: false
01-31 18:33:25.255  1740  1833 I OMXClient: IOmx service obtained
01-31 18:33:25.256  1745  1797 I OMXMaster: makeComponentInstance(OMX.google.aac.decoder) in omx@1.0-service process
01-31 18:33:25.272  1740  1833 I OMXClient: IOmx service obtained
01-31 18:33:25.272  1745  1745 I OMXMaster: makeComponentInstance(OMX.google.amrnb.decoder) in omx@1.0-service process
01-31 18:33:25.292  1890  1890 W system_server: Framework Matrix: Ignore file /system/etc/vintf/manifest.xml: 
01-31 18:33:25.292  1890  1890 W system_server: 
01-31 18:33:25.293  1740  1833 I OMXClient: IOmx service obtained
01-31 18:33:25.293  1745  1745 I OMXMaster: makeComponentInstance(OMX.google.amrwb.decoder) in omx@1.0-service process
01-31 18:33:25.336  1740  1833 I OMXClient: IOmx service obtained
01-31 18:33:25.336  1745  1745 I OMXMaster: makeComponentInstance(OMX.google.flac.decoder) in omx@1.0-service process
01-31 18:33:25.342  1890  1890 D SystemServerTiming: ActivityManagerStartApps took to complete: 225ms
01-31 18:33:25.342  1890  1890 D SystemServerTiming: PhaseActivityManagerReady took to complete: 698ms
01-31 18:33:25.343  1890  1908 W system_server: Long monitor contention with owner main (1890) at void com.android.server.am.ActivityManagerService.systemReady(java.lang.Runnable, android.util.TimingsTraceLog)(ActivityManagerService.java:15248) waiters=0 in void com.android.server.am.ActivityManagerService.dispatchUidsChanged() for 210ms
01-31 18:33:25.344  1890  1909 W ActivityManager: Slow operation: 211ms so far, now at startProcess: asking zygote to start proc
01-31 18:33:25.346  1890  1890 D SystemServerInitThreadPool: Shutdown successful
01-31 18:33:25.346  1890  1890 D SystemServerTiming: StartServices took to complete: 9040ms
01-31 18:33:25.347  2041  2041 W AlarmManager: Unrecognized alarm listener com.android.systemui.keyguard.-$$Lambda$KeyguardSliceProvider$IhzByd8TsqFuOrSyuGurVskyPLo@998b9b3
01-31 18:33:25.347  1890  1890 W Looper  : Slow delivery took 6242ms main h=android.os.Handler c=com.android.server.-$$Lambda$BatteryService$2x73lvpB0jctMSVP4qb9sHAqRPw@6b7e1e4 m=0
01-31 18:33:25.348  1890  1908 W Looper  : Slow dispatch took 216ms android.ui h=com.android.server.am.ActivityManagerService$UiHandler c=null m=53
01-31 18:33:25.349  1890  1890 V SettingsProvider: Notifying for 0: content://settings/global/network_watchlist_last_report_time
01-31 18:33:25.351  1890  2000 D WifiClientModeManager: entering StartedState
01-31 18:33:25.353  1740  1833 I OMXClient: IOmx service obtained
01-31 18:33:25.353  1745  1745 I OMXMaster: makeComponentInstance(OMX.google.g711.alaw.decoder) in omx@1.0-service process
01-31 18:33:25.353  1890  2000 D WifiClientModeManager: Wifi is ready to use for client mode
01-31 18:33:25.353  1890  2000 D WifiClientModeManager: sending scan available broadcast: true
01-31 18:33:25.354  1890  2000 D WifiStateMachinePrime: State changed from client mode. state = 3
01-31 18:33:25.354  1890  2000 D WifiStateMachinePrime: client mode active
01-31 18:33:25.354  1890  1909 W ActivityManager: Slow operation: 222ms so far, now at startProcess: returned from zygote!
01-31 18:33:25.355  1890  1909 W ActivityManager: Slow operation: 223ms so far, now at startProcess: done updating battery stats
01-31 18:33:25.355  1890  1909 W ActivityManager: Slow operation: 223ms so far, now at startProcess: building log message
01-31 18:33:25.355  1890  1909 I ActivityManager: Start proc 2119:com.android.phone/1001 for added application com.android.phone
01-31 18:33:25.355  1890  1909 W ActivityManager: Slow operation: 223ms so far, now at startProcess: starting to update pids map
01-31 18:33:25.355  1890  1909 W ActivityManager: Slow operation: 223ms so far, now at startProcess: done updating pids map
01-31 18:33:25.355  1890  1909 W ActivityManager: Slow operation: 166ms so far, now at startProcess: asking zygote to start proc
01-31 18:33:25.356  1890  2000 D WifiStateMachine: entering ConnectModeState: ifaceName = wlan0
01-31 18:33:25.356  1890  2000 D WifiStateMachine: setupClientMode() ifacename = wlan0
01-31 18:33:25.361  1890  1890 D ConditionProviders.SCP: onConnected
01-31 18:33:25.363  2055  2055 I WebViewLoader-: System.exit called, status: 0
01-31 18:33:25.364  2055  2055 I AndroidRuntime: VM exiting with result code 0, cleanup skipped.
01-31 18:33:25.365  2119  2119 W m.android.phon: Unexpected CPU variant for X86 using defaults: x86
01-31 18:33:25.366  1731  1731 I Zygote  : Process 2055 exited cleanly (0)
01-31 18:33:25.366  1890  2037 I ActivityManager: Process WebViewLoader-x86 (pid 2055) has died: psvc PER 
01-31 18:33:25.366  1890  1910 W libprocessgroup: kill(-2055, 9) failed: No such process
01-31 18:33:25.366  1890  1910 I libprocessgroup: Successfully killed process cgroup uid 1037 pid 2055 in 0ms
01-31 18:33:25.372  1740  1833 I OMXClient: IOmx service obtained
01-31 18:33:25.372  1745  1745 I OMXMaster: makeComponentInstance(OMX.google.g711.mlaw.decoder) in omx@1.0-service process
01-31 18:33:25.374  1740  1833 I OMXClient: IOmx service obtained
01-31 18:33:25.374  1745  1745 I OMXMaster: makeComponentInstance(OMX.google.gsm.decoder) in omx@1.0-service process
01-31 18:33:25.382  1740  1833 I OMXClient: IOmx service obtained
01-31 18:33:25.382  1745  1745 I OMXMaster: makeComponentInstance(OMX.google.mp3.decoder) in omx@1.0-service process
01-31 18:33:25.404  1890  1909 W ActivityManager: Slow operation: 215ms so far, now at startProcess: returned from zygote!
01-31 18:33:25.407  1890  2000 D WifiConfigManager: Legacy store files not found. No migration needed!
01-31 18:33:25.408  2135  2135 W ngs:CryptKeepe: Unexpected CPU variant for X86 using defaults: x86
01-31 18:33:25.410  1890  1909 W ActivityManager: Slow operation: 221ms so far, now at startProcess: done updating battery stats
01-31 18:33:25.410  1890  1909 W ActivityManager: Slow operation: 221ms so far, now at startProcess: building log message
01-31 18:33:25.410  1890  1909 I ActivityManager: Start proc 2135:com.android.settings:CryptKeeper/1000 for activity com.android.settings/.CryptKeeper
01-31 18:33:25.410  1890  1909 W ActivityManager: Slow operation: 221ms so far, now at startProcess: starting to update pids map
01-31 18:33:25.410  1890  1909 W ActivityManager: Slow operation: 221ms so far, now at startProcess: done updating pids map
01-31 18:33:25.410  1890  1890 V SettingsProvider: Notifying for 0: content://settings/global/zen_mode
01-31 18:33:25.411  1890  2000 D WifiStateMachine: Setting OUI to DA-A1-19
01-31 18:33:25.411  1741  1787 D CommandListener: Clearing all IP addresses on wlan0
01-31 18:33:25.415  1890  2000 I WifiVendorHal: Driver: 1.0 Firmware: 1.0
01-31 18:33:25.417  1890  1890 V SettingsProvider: Notifying for 0: content://settings/system/mode_ringer_streams_affected
01-31 18:33:25.417  1890  1890 V FingerprintService: Done with client: android
01-31 18:33:25.417  1890  1890 V FingerprintService: clearEnumerateState()
01-31 18:33:25.417  1890  1890 V SettingsProvider: Notifying for 0: content://settings/secure/lock_screen_owner_info_enabled
01-31 18:33:25.418  1890  1890 V SettingsProvider: Notifying for 0: content://settings/global/zen_mode_ringer_level
01-31 18:33:25.418  1890  1890 D ZenLog  : set_zen_mode: off,cleanUpZenRules
01-31 18:33:25.419  1890  1890 D ConditionProviders: Subscribing to condition://android/event?userId=-10000&calendar=&reply=1 with ComponentInfo{android/com.android.server.notification.EventConditionProvider}
01-31 18:33:25.419  1890  1890 D ZenLog  : subscribe: condition://android/event?userId=-10000&calendar=&reply=1,ok
01-31 18:33:25.419  1890  1890 D ConditionProviders: Subscribing to condition://android/schedule?days=1.2.3.4.5.6.7&start=22.0&end=7.0&exitAtAlarm=true with ComponentInfo{android/com.android.server.notification.ScheduleConditionProvider}
01-31 18:33:25.419  1890  1890 D ZenLog  : subscribe: condition://android/schedule?days=1.2.3.4.5.6.7&start=22.0&end=7.0&exitAtAlarm=true,ok
01-31 18:33:25.420  1890  1890 V SettingsProvider: Notifying for 0: content://settings/secure/location_providers_allowed
01-31 18:33:25.420  1890  1890 V SettingsProvider: Notifying for 0: content://settings/global/location_global_kill_switch
01-31 18:33:25.420  1890  2003 I WifiScanningService: wifi driver unloaded
01-31 18:33:25.421  1890  2003 I WifiScanningService: wifi driver unloaded
01-31 18:33:25.428  1740  1833 I OMXClient: IOmx service obtained
01-31 18:33:25.428  1745  1745 I OMXMaster: makeComponentInstance(OMX.google.opus.decoder) in omx@1.0-service process
01-31 18:33:25.436  2041  2041 W AlarmManager: Unrecognized alarm listener com.android.systemui.keyguard.-$$Lambda$KeyguardSliceProvider$IhzByd8TsqFuOrSyuGurVskyPLo@ecaed15
01-31 18:33:25.438  1890  1906 E AutofillManagerServiceImpl: Bad AutofillService name: com.google.android.gms/.autofill.service.AutofillService
01-31 18:33:25.438  1890  1906 D AutofillManagerServiceImpl: Reset component for user 0 (com.google.android.gms/.autofill.service.AutofillService)
01-31 18:33:25.456  1740  1833 I OMXClient: IOmx service obtained
01-31 18:33:25.456  1745  2107 I OMXMaster: makeComponentInstance(OMX.google.raw.decoder) in omx@1.0-service process
01-31 18:33:25.462  1890  1906 E AutofillManagerServiceImpl: Bad AutofillService name: com.google.android.gms/.autofill.service.AutofillService
01-31 18:33:25.463  1890  1906 D AutofillManagerServiceImpl: Reset component for user 0 (com.google.android.gms/.autofill.service.AutofillService)
01-31 18:33:25.463  1890  1906 D FieldClassificationStrategy: reset(): service is not bound. Do nothing.
01-31 18:33:25.463  1890  1908 D AutofillUI: destroySaveUiUiThread(): already destroyed
01-31 18:33:25.467  1890  1890 I AccountsDb: Creating DE database for user 0
01-31 18:33:25.481  1890  2000 D WakeupController: reset()
01-31 18:33:25.481  1890  2000 I WifiStateMachine: disconnectedstate enter
01-31 18:33:25.484  2041  2041 D ProtoStore: no cached data
01-31 18:33:25.484  2041  2041 D ProtoStore: no cached data
01-31 18:33:25.486  1740  1833 I OMXClient: IOmx service obtained
01-31 18:33:25.486  1745  2107 I OMXMaster: makeComponentInstance(OMX.google.vorbis.decoder) in omx@1.0-service process
01-31 18:33:25.488  1890  1890 V SettingsProvider: Notifying for 0: content://settings/secure/voice_interaction_service
01-31 18:33:25.490  1890  1890 V SettingsProvider: Notifying for 0: content://settings/secure/voice_recognition_service
01-31 18:33:25.490  1890  1890 W ContextImpl: Calling a method in the system process without a qualified user: android.app.ContextImpl.startService:1531 com.android.server.content.SyncManager$14.run:756 android.os.Handler.handleCallback:873 android.os.Handler.dispatchMessage:99 android.os.Looper.loop:193 
01-31 18:33:25.511  2135  2135 I ngs:CryptKeepe: The ClassLoaderContext is a special shared library.
01-31 18:33:25.514  2135  2135 I ngs:CryptKeepe: The ClassLoaderContext is a special shared library.
01-31 18:33:25.551  1740  1833 I OMXClient: IOmx service obtained
01-31 18:33:25.551  1745  2107 I OMXMaster: makeComponentInstance(OMX.google.aac.encoder) in omx@1.0-service process
01-31 18:33:25.557  1890  1890 D WifiP2pService: Wifi enabled=false, P2P Interface availability=true
01-31 18:33:25.559  1890  2004 E WifiP2pService: Unexpected disable request when WifiChannel is null
01-31 18:33:25.565  1890  1890 I system_server: The ClassLoaderContext is a special shared library.
01-31 18:33:25.568  1740  1833 I OMXClient: IOmx service obtained
01-31 18:33:25.568  1745  2146 I OMXMaster: makeComponentInstance(OMX.google.amrnb.encoder) in omx@1.0-service process
01-31 18:33:25.570  2119  2119 I m.android.phon: The ClassLoaderContext is a special shared library.
01-31 18:33:25.571  2119  2119 I chatty  : uid=1001(radio) com.android.phone identical 1 line
01-31 18:33:25.578  2119  2119 I m.android.phon: The ClassLoaderContext is a special shared library.
01-31 18:33:25.596  1890  1911 E BatteryExternalStatsWorker: no controller energy info supplied for wifi
01-31 18:33:25.599  1890  1900 I system_server: Background concurrent copying GC freed 44277(2MB) AllocSpace objects, 19(588KB) LOS objects, 42% free, 7MB/13MB, paused 433us total 497.298ms
01-31 18:33:25.608  2135  2135 D CryptKeeper: Disabling component ComponentInfo{com.android.settings/com.android.settings.CryptKeeper}
01-31 18:33:25.608  1890  2173 D PackageManager: Instant App installer not found with android.intent.action.INSTALL_INSTANT_APP_PACKAGE
01-31 18:33:25.608  1890  2173 D PackageManager: Clear ephemeral installer activity
01-31 18:33:25.609  2041  2041 V SystemUIService: Starting SystemUI services for user 0.
01-31 18:33:25.645  1890  1901 I ActivityManager: START u0 {act=android.intent.action.MAIN cat=[android.intent.category.HOME] flg=0x10000100 cmp=com.google.android.setupwizard/.SetupWizardActivity} from uid 0
01-31 18:33:25.653  1740  1833 I OMXClient: IOmx service obtained
01-31 18:33:25.654  1745  2146 I OMXMaster: makeComponentInstance(OMX.google.amrwb.encoder) in omx@1.0-service process
01-31 18:33:25.659  1890  1890 W Looper  : Slow dispatch took 102ms main h=android.app.ActivityThread$H c=null m=114
01-31 18:33:25.664  1890  1911 E BatteryExternalStatsWorker: no controller energy info supplied for wifi
01-31 18:33:25.664  1890  1911 E BatteryExternalStatsWorker: no controller energy info supplied for telephony
01-31 18:33:25.682  1890  1909 I ActivityManager: Start proc 2179:com.google.android.setupwizard/u0a15 for activity com.google.android.setupwizard/.SetupWizardActivity
01-31 18:33:25.687  1740  1833 I OMXClient: IOmx service obtained
01-31 18:33:25.687  1745  1745 I OMXMaster: makeComponentInstance(OMX.google.flac.encoder) in omx@1.0-service process
01-31 18:33:25.702  1740  1833 I OMXClient: IOmx service obtained
01-31 18:33:25.702  1745  1745 I OMXMaster: makeComponentInstance(OMX.google.h264.decoder) in omx@1.0-service process
01-31 18:33:25.705  1745  1745 E OMXNodeInstance: getExtensionIndex(0xeb7a6ae0:google.h264.decoder, OMX.google.android.index.configureVideoTunnelMode) ERROR: UnsupportedIndex(0x8000101a)
01-31 18:33:25.706  2179  2179 W oid.setupwizar: Unexpected CPU variant for X86 using defaults: x86
01-31 18:33:25.707  1745  1745 E OMXNodeInstance: getExtensionIndex(0xeb7a6ae0:google.h264.decoder, OMX.google.android.index.enableAndroidNativeBuffers) ERROR: UnsupportedIndex(0x8000101a)
01-31 18:33:25.708  2041  2041 D SystemUIBootTiming: StartServicescom.android.systemui.Dependency took to complete: 99ms
01-31 18:33:25.734  1740  1833 I OMXClient: IOmx service obtained
01-31 18:33:25.734  1745  2184 I OMXMaster: makeComponentInstance(OMX.google.h263.decoder) in omx@1.0-service process
01-31 18:33:25.735  2032  2032 I TransientFileCleaner: Deleting 0 files
01-31 18:33:25.736  1745  1745 E OMXNodeInstance: getExtensionIndex(0xeb7a6d80:google.h263.decoder, OMX.google.android.index.configureVideoTunnelMode) ERROR: UnsupportedIndex(0x8000101a)
01-31 18:33:25.736  1745  1745 E OMXNodeInstance: getExtensionIndex(0xeb7a6d80:google.h263.decoder, OMX.google.android.index.enableAndroidNativeBuffers) ERROR: UnsupportedIndex(0x8000101a)
01-31 18:33:25.737  2032  2032 I TransientFileCleaner: Deleting 0 files
01-31 18:33:25.741  2032  2032 I ModuleManager: Key 'module:com.google.android.apps.inputmethod.libs.search.IUniversalMediaExtension' has value 'res/xml/extension_universal_media.xml'
01-31 18:33:25.743  1740  1833 I OMXClient: IOmx service obtained
01-31 18:33:25.743  1745  2184 I OMXMaster: makeComponentInstance(OMX.google.hevc.decoder) in omx@1.0-service process
01-31 18:33:25.748  1890  1890 E BluetoothAdapter: Bluetooth binder is null
01-31 18:33:25.768  2041  2041 D SystemUIBootTiming: StartServicescom.android.systemui.util.NotificationChannels took to complete: 59ms
01-31 18:33:25.769  1890  2196 I Telecom : BluetoothRouteManager: getBluetoothAudioConnectedDevice: no headset service available.
01-31 18:33:25.772  2041  2041 D SystemUIBootTiming: StartServicescom.android.systemui.statusbar.CommandQueue$CommandQueueStart took to complete: 4ms
01-31 18:33:25.802  1745  1745 E OMXNodeInstance: getExtensionIndex(0xeb7a6e40:google.hevc.decoder, OMX.google.android.index.configureVideoTunnelMode) ERROR: UnsupportedIndex(0x8000101a)
01-31 18:33:25.802  1745  1745 E OMXNodeInstance: getExtensionIndex(0xeb7a6e40:google.hevc.decoder, OMX.google.android.index.enableAndroidNativeBuffers) ERROR: UnsupportedIndex(0x8000101a)
01-31 18:33:25.816  2032  2032 I ModuleManager: Adding [GIMS_UserUnlocked] NotificationListener for module com.google.android.apps.inputmethod.libs.search.universalmedia.UniversalMediaExtension
01-31 18:33:25.816  2032  2032 I ModuleManager: Unexpected key 'com.google.android.partnersetup.RLZ_BOUNTY_ACCESS_POINT' does not match 'module:'
01-31 18:33:25.816  2032  2032 I ModuleManager: Key 'module:com.google.android.apps.inputmethod.libs.search.IDoodleExtension' has value 'res/xml/extension_doodle.xml'
01-31 18:33:25.819  1740  1833 I OMXClient: IOmx service obtained
01-31 18:33:25.819  1745  1745 I OMXMaster: makeComponentInstance(OMX.google.mpeg4.decoder) in omx@1.0-service process
01-31 18:33:25.820  1745  1745 E OMXNodeInstance: getExtensionIndex(0xeb7a6e40:google.mpeg4.decoder, OMX.google.android.index.configureVideoTunnelMode) ERROR: UnsupportedIndex(0x8000101a)
01-31 18:33:25.820  1745  1745 E OMXNodeInstance: getExtensionIndex(0xeb7a6e40:google.mpeg4.decoder, OMX.google.android.index.enableAndroidNativeBuffers) ERROR: UnsupportedIndex(0x8000101a)
01-31 18:33:25.841  2041  2041 V MediaRouter: Adding route: RouteInfo{ name=Phone, description=null, status=null, category=RouteCategory{ name=System types=ROUTE_TYPE_LIVE_AUDIO ROUTE_TYPE_LIVE_VIDEO  groupable=false }, supportedTypes=ROUTE_TYPE_LIVE_AUDIO ROUTE_TYPE_LIVE_VIDEO , presentationDisplay=null }
01-31 18:33:25.844  2179  2179 I oid.setupwizar: The ClassLoaderContext is a special shared library.
01-31 18:33:25.845  2179  2179 I oid.setupwizar: The ClassLoaderContext is a special shared library.
01-31 18:33:25.852  2041  2041 V MediaRouter: Selecting route: RouteInfo{ name=Phone, description=null, status=null, category=RouteCategory{ name=System types=ROUTE_TYPE_LIVE_AUDIO ROUTE_TYPE_LIVE_VIDEO  groupable=false }, supportedTypes=ROUTE_TYPE_LIVE_AUDIO ROUTE_TYPE_LIVE_VIDEO , presentationDisplay=null }
01-31 18:33:25.855  1890  1890 I Telecom : SystemStateProvider: Registering car mode receiver: android.content.IntentFilter@48b09f5: TS.init@AAA
01-31 18:33:25.877  1740  1833 I OMXClient: IOmx service obtained
01-31 18:33:25.877  1745  1745 I OMXMaster: makeComponentInstance(OMX.google.vp8.decoder) in omx@1.0-service process
01-31 18:33:25.880  1890  1906 E AutofillManagerServiceImpl: Bad AutofillService name: com.google.android.gms/.autofill.service.AutofillService
01-31 18:33:25.881  1890  1906 D AutofillManagerServiceImpl: Reset component for user 0 (com.google.android.gms/.autofill.service.AutofillService)
01-31 18:33:25.881  1890  1908 D AutofillUI: destroySaveUiUiThread(): already destroyed
01-31 18:33:25.881  1890  1906 E AutofillManagerServiceImpl: Bad AutofillService name: com.google.android.gms/.autofill.service.AutofillService
01-31 18:33:25.881  1890  1906 D AutofillManagerServiceImpl: Reset component for user 0 (com.google.android.gms/.autofill.service.AutofillService)
01-31 18:33:25.881  1890  1906 D FieldClassificationStrategy: reset(): service is not bound. Do nothing.
01-31 18:33:25.882  1745  1745 E OMXNodeInstance: getExtensionIndex(0xeb7a6e40:google.vp8.decoder, OMX.google.android.index.configureVideoTunnelMode) ERROR: UnsupportedIndex(0x8000101a)
01-31 18:33:25.882  1745  1745 E OMXNodeInstance: getExtensionIndex(0xeb7a6e40:google.vp8.decoder, OMX.google.android.index.enableAndroidNativeBuffers) ERROR: UnsupportedIndex(0x8000101a)
01-31 18:33:25.885  1740  1833 I OMXClient: IOmx service obtained
01-31 18:33:25.885  1745  1745 I OMXMaster: makeComponentInstance(OMX.google.vp9.decoder) in omx@1.0-service process
01-31 18:33:25.886  1745  1745 E OMXNodeInstance: getExtensionIndex(0xeb7a6e40:google.vp9.decoder, OMX.google.android.index.configureVideoTunnelMode) ERROR: UnsupportedIndex(0x8000101a)
01-31 18:33:25.886  1745  2184 E OMXNodeInstance: getExtensionIndex(0xeb7a6e40:google.vp9.decoder, OMX.google.android.index.enableAndroidNativeBuffers) ERROR: UnsupportedIndex(0x8000101a)
01-31 18:33:25.887  1890  2211 I Telecom : Logging.Events: Non-call EVENT: AUDIO_ROUTE, Entering state QuiescentSpeakerRoute
01-31 18:33:25.887  1890  2211 I Telecom : BluetoothRouteManager: getBluetoothAudioConnectedDevice: no headset service available.
01-31 18:33:25.887  2179  2179 I SetupWizard: [FrpHelper] Start loading FRP status
01-31 18:33:25.889  1890  2216 I Telecom : CallAudioModeStateMachine: Message received: null.: TS.init->CAMSM.pM_1@AAA
01-31 18:33:25.889  1890  1890 I Telecom : MissedCallNotifierImpl: reloadFromDatabase: Boot not yet complete -- call log db may not be available. Deferring loading until boot complete for user 0: TS.init@AAA
01-31 18:33:25.890  1890  1890 E BluetoothAdapter: Bluetooth binder is null
01-31 18:33:25.894  1890  1890 I Telecom : Class: TelecomSystem.INSTANCE being set
01-31 18:33:25.894  1890  1890 E BluetoothAdapter: Bluetooth binder is null
01-31 18:33:25.894  1890  1890 W Looper  : Slow dispatch took 235ms main h=android.app.ActivityThread$H c=null m=121
01-31 18:33:25.906  2032  2032 I ModuleManager: Adding [GIMS_UserUnlocked] NotificationListener for module com.google.android.apps.inputmethod.libs.search.doodle.DoodleExtension
01-31 18:33:25.907  2032  2032 I ModuleManager: Key 'module:com.google.android.apps.inputmethod.libs.translate.ITranslateUIExtension' has value 'res/xml/extension_def_translate.xml'
01-31 18:33:25.908  2032  2032 I ModuleManager: Adding [GIMS_UserUnlocked] NotificationListener for module com.google.android.apps.inputmethod.libs.translate.TranslateUIExtension
01-31 18:33:25.908  2032  2032 I ModuleManager: Key 'module:com.google.android.apps.inputmethod.libs.hmm.superpacks.IHmmModule' has value 'res/xml/module_hmm.xml'
01-31 18:33:25.916  1740  1833 I OMXClient: IOmx service obtained
01-31 18:33:25.916  1745  1745 I OMXMaster: makeComponentInstance(OMX.google.h264.encoder) in omx@1.0-service process
01-31 18:33:25.920  2179  2179 I SetupWizard: [SetupWizardActivity] DEVICE_PROVISIONED=false USER_SETUP_COMPLETE=false
01-31 18:33:25.921  2179  2179 I SetupWizard: [SetupWizardActivity] Early exit: provisioningMode=DISABLED
01-31 18:33:25.938  2032  2032 I ModuleManager: Adding [GIMS_UserUnlocked] NotificationListener for module com.google.android.apps.inputmethod.libs.hmm.superpacks.HmmModule
01-31 18:33:25.938  2032  2032 I ModuleManager: Key 'module:com.google.android.apps.inputmethod.libs.search.sense.IConversationToQueryExtension' has value 'res/xml/extension_conv2query.xml'
01-31 18:33:25.939  2032  2032 I ModuleManager: Adding [GIMS_UserUnlocked] NotificationListener for module com.google.android.apps.inputmethod.libs.search.sense.ConversationToQueryExtension
01-31 18:33:25.939  2032  2032 I ModuleManager: Key 'module:com.google.android.apps.inputmethod.libs.search.IDefaultStickerExtension' has value 'res/xml/extension_default_sticker.xml'
01-31 18:33:25.942  1740  1833 W OMXUtils: do not know color format 0x7f000789 = 2130708361
01-31 18:33:25.943  1890  1949 D PackageManager: Instant App installer not found with android.intent.action.INSTALL_INSTANT_APP_PACKAGE
01-31 18:33:25.943  1890  1949 D PackageManager: Clear ephemeral installer activity
01-31 18:33:25.943  2179  2179 E ActivityThread: Failed to find provider info for com.google.android.gsf.gservices
01-31 18:33:25.944  2179  2179 E ActivityThread: Failed to find provider info for com.google.android.gsf.gservices
01-31 18:33:25.946  2179  2179 E ActivityThread: Failed to find provider info for com.google.settings
01-31 18:33:25.951  2032  2032 I ModuleManager: Adding [GIMS_UserUnlocked] NotificationListener for module com.google.android.apps.inputmethod.libs.search.sticker.DefaultStickerExtension
01-31 18:33:25.951  2032  2032 I ModuleManager: Key 'module:com.google.android.apps.inputmethod.libs.pill.IPillExtension' has value 'res/xml/extension_pill.xml'
01-31 18:33:25.952  2032  2032 I ModuleManager: Adding [GIMS_UserUnlocked] NotificationListener for module com.google.android.apps.inputmethod.libs.pill.PillExtension
01-31 18:33:25.952  2032  2032 I ModuleManager: Key 'module:com.google.android.apps.inputmethod.libs.search.IStickerExtension' has value 'res/xml/extension_sticker.xml'
01-31 18:33:25.953  2032  2032 I ModuleManager: Adding [GIMS_UserUnlocked] NotificationListener for module com.google.android.apps.inputmethod.libs.search.sticker.StickerExtension
01-31 18:33:25.953  2032  2032 I ModuleManager: Key 'module:com.google.android.apps.inputmethod.libs.search.IGifKeyboardExtension' has value 'res/xml/extension_gif_search.xml'
01-31 18:33:25.954  2032  2032 I ModuleManager: Adding [GIMS_UserUnlocked] NotificationListener for module com.google.android.apps.inputmethod.libs.search.gif.GifExtensionImpl
01-31 18:33:25.954  2032  2032 I ModuleManager: Key 'module:com.google.android.apps.inputmethod.libs.search.IEmoticonExtension' has value 'res/xml/extension_emoticon.xml'
01-31 18:33:25.955  2032  2032 I ModuleManager: Adding [GIMS_UserUnlocked] NotificationListener for module com.google.android.apps.inputmethod.libs.search.emoji.EmoticonExtension
01-31 18:33:25.955  2032  2032 I ModuleManager: Unexpected key 'com.google.android.backup.api_key' does not match 'module:'
01-31 18:33:25.955  2032  2032 I ModuleManager: Key 'module:com.google.android.apps.inputmethod.libs.handwriting.ime.IHandwritingImeExtension' has value 'res/xml/extension_handwriting_ime.xml'
01-31 18:33:25.956  2032  2032 I ModuleManager: Adding [GIMS_UserUnlocked] NotificationListener for module com.google.android.apps.inputmethod.libs.handwriting.ime.HandwritingImeExtension
01-31 18:33:25.956  2032  2032 I ModuleManager: Key 'module:com.google.android.apps.inputmethod.libs.search.IEmojiDataExtension' has value 'res/xml/extension_emoji_data.xml'
01-31 18:33:25.957  2032  2032 I ModuleManager: Adding [GIMS_UserUnlocked] NotificationListener for module com.google.android.apps.inputmethod.libs.search.emojidata.EmojiDataExtension
01-31 18:33:25.957  2032  2032 I ModuleManager: Key 'module:com.google.android.apps.inputmethod.libs.search.IEmojiOrGifExtension' has value 'res/xml/extension_emoji_or_gif.xml'
01-31 18:33:25.957  2032  2032 I ModuleManager: Adding [GIMS_UserUnlocked] NotificationListener for module com.google.android.apps.inputmethod.libs.search.ArtExtension
01-31 18:33:25.958  2032  2032 I ModuleManager: Key 'module:com.google.android.apps.inputmethod.libs.search.INativeCardExtension' has value 'res/xml/extension_native_card.xml'
01-31 18:33:25.958  2032  2032 I ModuleManager: Adding [GIMS_UserUnlocked] NotificationListener for module com.google.android.apps.inputmethod.libs.search.nativecard.NativeCardExtension
01-31 18:33:25.959  2032  2032 I ModuleManager: Key 'module:com.google.android.apps.inputmethod.libs.voiceime.IVoiceImeExtension' has value 'res/xml/extension_voice_ime.xml'
01-31 18:33:25.961  1890  1890 V SettingsProvider: Notifying for 0: content://settings/secure/accessibility_enabled
01-31 18:33:25.961  1890  1890 V SettingsProvider: Notifying for 0: content://settings/global/webview_provider
01-31 18:33:25.962  2179  2179 E GoogleSettings: Can't set key use_location_for_services in content://com.google.settings/partner
01-31 18:33:25.962  2179  2179 E GoogleSettings: java.lang.IllegalArgumentException: Unknown URL content://com.google.settings/partner
01-31 18:33:25.962  2179  2179 E GoogleSettings: 	at android.content.ContentResolver.insert(ContentResolver.java:1583)
01-31 18:33:25.962  2179  2179 E GoogleSettings: 	at com.google.android.gsf.GoogleSettingsContract$NameValueTable.putString(GoogleSettingsContract.java:160)
01-31 18:33:25.962  2179  2179 E GoogleSettings: 	at com.google.android.gsf.GoogleSettingsContract$Partner.putString(GoogleSettingsContract.java:237)
01-31 18:33:25.962  2179  2179 E GoogleSettings: 	at com.google.android.gsf.GoogleSettingsContract$Partner.putInt(GoogleSettingsContract.java:249)
01-31 18:33:25.962  2179  2179 E GoogleSettings: 	at com.google.android.gsf.UseLocationForServices.forceSetUseLocationForServices(UseLocationForServices.java:153)
01-31 18:33:25.962  2179  2179 E GoogleSettings: 	at com.google.android.setupwizard.lifecycle.InitialSetupLifecycleCallback.onExit(InitialSetupLifecycleCallback.java:70)
01-31 18:33:25.962  2179  2179 E GoogleSettings: 	at com.google.android.setupwizard.common.lifecycle.LifecycleManager$Callback.onExit(LifecycleManager.java:294)
01-31 18:33:25.962  2179  2179 E GoogleSettings: 	at com.google.android.setupwizard.common.lifecycle.LifecycleManager.notifyExit(LifecycleManager.java:132)
01-31 18:33:25.962  2179  2179 E GoogleSettings: 	at com.google.android.setupwizard.util.ExitHelper.finishSetup(ExitHelper.java:76)
01-31 18:33:25.962  2179  2179 E GoogleSettings: 	at com.google.android.setupwizard.SetupWizardActivity.runForSuw(SetupWizardActivity.java:136)
01-31 18:33:25.962  2179  2179 E GoogleSettings: 	at com.google.android.setupwizard.SetupWizardActivity.onCreate(SetupWizardActivity.java:88)
01-31 18:33:25.962  2179  2179 E GoogleSettings: 	at android.app.Activity.performCreate(Activity.java:7136)
01-31 18:33:25.962  2179  2179 E GoogleSettings: 	at android.app.Activity.performCreate(Activity.java:7127)
01-31 18:33:25.962  2179  2179 E GoogleSettings: 	at android.app.Instrumentation.callActivityOnCreate(Instrumentation.java:1271)
01-31 18:33:25.962  2179  2179 E GoogleSettings: 	at android.app.ActivityThread.performLaunchActivity(ActivityThread.java:2893)
01-31 18:33:25.962  2179  2179 E GoogleSettings: 	at android.app.ActivityThread.handleLaunchActivity(ActivityThread.java:3048)
01-31 18:33:25.962  2179  2179 E GoogleSettings: 	at android.app.servertransaction.LaunchActivityItem.execute(LaunchActivityItem.java:78)
01-31 18:33:25.962  2179  2179 E GoogleSettings: 	at android.app.servertransaction.TransactionExecutor.executeCallbacks(TransactionExecutor.java:108)
01-31 18:33:25.962  2179  2179 E GoogleSettings: 	at android.app.servertransaction.TransactionExecutor.execute(TransactionExecutor.java:68)
01-31 18:33:25.962  2179  2179 E GoogleSettings: 	at android.app.ActivityThread$H.handleMessage(ActivityThread.java:1808)
01-31 18:33:25.962  2179  2179 E GoogleSettings: 	at android.os.Handler.dispatchMessage(Handler.java:106)
01-31 18:33:25.962  2179  2179 E GoogleSettings: 	at android.os.Looper.loop(Looper.java:193)
01-31 18:33:25.962  2179  2179 E GoogleSettings: 	at android.app.ActivityThread.main(ActivityThread.java:6669)
01-31 18:33:25.962  2179  2179 E GoogleSettings: 	at java.lang.reflect.Method.invoke(Native Method)
01-31 18:33:25.962  2179  2179 E GoogleSettings: 	at com.android.internal.os.RuntimeInit$MethodAndArgsCaller.run(RuntimeInit.java:493)
01-31 18:33:25.962  2179  2179 E GoogleSettings: 	at com.android.internal.os.ZygoteInit.main(ZygoteInit.java:858)
01-31 18:33:25.963  2179  2179 I SetupWizard: [AddContactsReceiver] Starting intent to add contacts
01-31 18:33:25.964  2179  2179 W SetupWizard: [GservicesValue] Bad attempt to access Gservices value before user is unlocked. Returning default value for google_setup:device_origin_wipe_out_delay
01-31 18:33:25.968  2179  2179 E ActivityThread: Failed to find provider info for com.google.android.gsf.gservices
01-31 18:33:25.970  1890  1902 W AccountManagerService: Blocking binding to authenticator ComponentInfo{com.google.android.gms/com.google.android.gms.auth.account.authenticator.GoogleAccountAuthenticatorService} which isn't encryption aware
01-31 18:33:25.970  1890  1902 D AccountManagerService: bind attempt failed for Session: expectLaunch false, connected false, stats (0/0/0), lifetime 0.001, getAccountsByTypeAndFeatures, service_usm
01-31 18:33:25.971  2179  2179 I SetupWizard: [ComponentLifecycleCallback] Resetting enabled state of all components
01-31 18:33:25.991  2041  2041 W SoundPool: Use of stream types is deprecated for operations other than volume control
01-31 18:33:25.991  2041  2041 W SoundPool: See the documentation of SoundPool() for what to use instead with android.media.AudioAttributes to qualify your playback use case
01-31 18:33:26.010  2041  2041 D SystemUIBootTiming: StartServicescom.android.systemui.keyguard.KeyguardViewMediator took to complete: 238ms
01-31 18:33:26.012  1740  1833 I OMXClient: IOmx service obtained
01-31 18:33:26.012  1745  2146 I OMXMaster: makeComponentInstance(OMX.google.h263.encoder) in omx@1.0-service process
01-31 18:33:26.015  1745  2146 I SoftMPEG4Encoder: Construct SoftMPEG4Encoder
01-31 18:33:26.016  1740  1833 W OMXUtils: do not know color format 0x7f000789 = 2130708361
01-31 18:33:26.016  1745  2146 E OMXNodeInstance: getConfig(0xeb7a6d80:google.h263.encoder, ConfigAndroidIntraRefresh(0x6f60000a)) ERROR: Undefined(0x80001001)
01-31 18:33:26.025  1890  1902 D PackageManager: Instant App installer not found with android.intent.action.INSTALL_INSTANT_APP_PACKAGE
01-31 18:33:26.025  1890  1902 D PackageManager: Clear ephemeral installer activity
01-31 18:33:26.031  1890  1906 D GnssLocationProvider: Link to death notification successful
01-31 18:33:26.031  1578  1578 I GnssHAL_GnssInterface: getExtensionXtra: GnssXtra interface not implemented by HAL
01-31 18:33:26.031  1578  1578 I GnssHAL_GnssInterface: getExtensionAGnssRil: GnssRil interface not implemented by HAL
01-31 18:33:26.031  1578  1578 E GnssHAL_GnssInterface: getExtensionAGnss: AGnss interface not implemented by HAL
01-31 18:33:26.031  1578  1578 I GnssHAL_GnssInterface: getExtensionGnssNavigationMessage: GnssNavigationMessage interface not implemented by HAL
01-31 18:33:26.031  1578  1578 E GnssHAL_GnssInterface: getExtensionGnssMeasurement: GnssMeasurement interface not implemented by HAL
01-31 18:33:26.031  1578  1578 I GnssHAL_GnssInterface: getExtensionGnssDebug: GnssDebug interface not implemented by HAL
01-31 18:33:26.031  1578  1578 I GnssHAL_GnssInterface: getExtensionGnssNi: GnssNi interface not implemented by HAL
01-31 18:33:26.032  1578  1578 E GnssHAL_GnssInterface: getExtensionGnssConfiguration: GnssConfiguration interface not implemented by HAL
01-31 18:33:26.032  1578  1578 E GnssHAL_GnssInterface: getExtensionGnssGeofencing: GnssGeofencing interface not implemented by HAL
01-31 18:33:26.032  1578  1578 E GnssHAL_GnssInterface: gnss flp hw_get_module failed: -2
01-31 18:33:26.032  1578  1578 E GnssHAL_GnssInterface: getExtensionGnssBatching: GnssBatching interface is not implemented by HAL
01-31 18:33:26.032  1890  1890 V SettingsProvider: Notifying for 0: content://settings/secure/accessibility_shortcut_target_service
01-31 18:33:26.033  1890  1890 V SettingsProvider: Notifying for 0: content://settings/secure/accessibility_shortcut_enabled
01-31 18:33:26.033  1890  1890 V SettingsProvider: Notifying for 0: content://settings/global/boot_count
01-31 18:33:26.033  1890  1890 V SettingsProvider: Notifying for 0: content://settings/global/emergency_affordance_needed
01-31 18:33:26.033  1735  1944 D installd: Found quota mount /dev/block/dm-0 at /data
01-31 18:33:26.033  1735  1944 D installd: Found storage mount /data/media at /mnt/runtime/default/emulated
01-31 18:33:26.048  1740  1833 I OMXClient: IOmx service obtained
01-31 18:33:26.048  1745  2146 I OMXMaster: makeComponentInstance(OMX.google.mpeg4.encoder) in omx@1.0-service process
01-31 18:33:26.048  1745  2146 I SoftMPEG4Encoder: Construct SoftMPEG4Encoder
